###############################################################################
#
# IAR ELF Linker V7.10.3.6832/W32 for ARM                 08/Apr/2014  13:32:26
# Copyright 2007-2014 IAR Systems AB.
#
#    Output file  =  
#        C:\Texas Instruments\Z-Stack Home
#        1.2.0\Projects\zstack\HomeAutomation\SampleSwitch\CC2538\Coordinator\Exe\SampleSwitch.out
#    Map file     =  
#        C:\Texas Instruments\Z-Stack Home
#        1.2.0\Projects\zstack\HomeAutomation\SampleSwitch\CC2538\Coordinator\List\SampleSwitch.map
#    Command line =  
#        "C:\Texas Instruments\Z-Stack Home
#        1.2.0\Projects\zstack\HomeAutomation\SampleSwitch\CC2538\Coordinator\Obj\AF.o"
#        "C:\Texas Instruments\Z-Stack Home
#        1.2.0\Projects\zstack\HomeAutomation\SampleSwitch\CC2538\Coordinator\Obj\armcm3flashutil.o"
#        "C:\Texas Instruments\Z-Stack Home
#        1.2.0\Projects\zstack\HomeAutomation\SampleSwitch\CC2538\Coordinator\Obj\BindingTable.o"
#        "C:\Texas Instruments\Z-Stack Home
#        1.2.0\Projects\zstack\HomeAutomation\SampleSwitch\CC2538\Coordinator\Obj\DebugTrace.o"
#        "C:\Texas Instruments\Z-Stack Home
#        1.2.0\Projects\zstack\HomeAutomation\SampleSwitch\CC2538\Coordinator\Obj\hal_adc.o"
#        "C:\Texas Instruments\Z-Stack Home
#        1.2.0\Projects\zstack\HomeAutomation\SampleSwitch\CC2538\Coordinator\Obj\hal_aes.o"
#        "C:\Texas Instruments\Z-Stack Home
#        1.2.0\Projects\zstack\HomeAutomation\SampleSwitch\CC2538\Coordinator\Obj\hal_assert.o"
#        "C:\Texas Instruments\Z-Stack Home
#        1.2.0\Projects\zstack\HomeAutomation\SampleSwitch\CC2538\Coordinator\Obj\hal_ccm.o"
#        "C:\Texas Instruments\Z-Stack Home
#        1.2.0\Projects\zstack\HomeAutomation\SampleSwitch\CC2538\Coordinator\Obj\hal_drivers.o"
#        "C:\Texas Instruments\Z-Stack Home
#        1.2.0\Projects\zstack\HomeAutomation\SampleSwitch\CC2538\Coordinator\Obj\hal_key.o"
#        "C:\Texas Instruments\Z-Stack Home
#        1.2.0\Projects\zstack\HomeAutomation\SampleSwitch\CC2538\Coordinator\Obj\hal_lcd.o"
#        "C:\Texas Instruments\Z-Stack Home
#        1.2.0\Projects\zstack\HomeAutomation\SampleSwitch\CC2538\Coordinator\Obj\hal_led.o"
#        "C:\Texas Instruments\Z-Stack Home
#        1.2.0\Projects\zstack\HomeAutomation\SampleSwitch\CC2538\Coordinator\Obj\hal_mac_cfg.o"
#        "C:\Texas Instruments\Z-Stack Home
#        1.2.0\Projects\zstack\HomeAutomation\SampleSwitch\CC2538\Coordinator\Obj\hal_sleep.o"
#        "C:\Texas Instruments\Z-Stack Home
#        1.2.0\Projects\zstack\HomeAutomation\SampleSwitch\CC2538\Coordinator\Obj\hal_sys_ctrl.o"
#        "C:\Texas Instruments\Z-Stack Home
#        1.2.0\Projects\zstack\HomeAutomation\SampleSwitch\CC2538\Coordinator\Obj\hal_systick.o"
#        "C:\Texas Instruments\Z-Stack Home
#        1.2.0\Projects\zstack\HomeAutomation\SampleSwitch\CC2538\Coordinator\Obj\hal_uart.o"
#        "C:\Texas Instruments\Z-Stack Home
#        1.2.0\Projects\zstack\HomeAutomation\SampleSwitch\CC2538\Coordinator\Obj\mac_autopend.o"
#        "C:\Texas Instruments\Z-Stack Home
#        1.2.0\Projects\zstack\HomeAutomation\SampleSwitch\CC2538\Coordinator\Obj\mac_backoff_timer.o"
#        "C:\Texas Instruments\Z-Stack Home
#        1.2.0\Projects\zstack\HomeAutomation\SampleSwitch\CC2538\Coordinator\Obj\mac_cfg.o"
#        "C:\Texas Instruments\Z-Stack Home
#        1.2.0\Projects\zstack\HomeAutomation\SampleSwitch\CC2538\Coordinator\Obj\mac_csp_tx.o"
#        "C:\Texas Instruments\Z-Stack Home
#        1.2.0\Projects\zstack\HomeAutomation\SampleSwitch\CC2538\Coordinator\Obj\mac_low_level.o"
#        "C:\Texas Instruments\Z-Stack Home
#        1.2.0\Projects\zstack\HomeAutomation\SampleSwitch\CC2538\Coordinator\Obj\mac_mcu.o"
#        "C:\Texas Instruments\Z-Stack Home
#        1.2.0\Projects\zstack\HomeAutomation\SampleSwitch\CC2538\Coordinator\Obj\mac_mem.o"
#        "C:\Texas Instruments\Z-Stack Home
#        1.2.0\Projects\zstack\HomeAutomation\SampleSwitch\CC2538\Coordinator\Obj\mac_pib.o"
#        "C:\Texas Instruments\Z-Stack Home
#        1.2.0\Projects\zstack\HomeAutomation\SampleSwitch\CC2538\Coordinator\Obj\mac_radio.o"
#        "C:\Texas Instruments\Z-Stack Home
#        1.2.0\Projects\zstack\HomeAutomation\SampleSwitch\CC2538\Coordinator\Obj\mac_radio_defs.o"
#        "C:\Texas Instruments\Z-Stack Home
#        1.2.0\Projects\zstack\HomeAutomation\SampleSwitch\CC2538\Coordinator\Obj\mac_rffrontend.o"
#        "C:\Texas Instruments\Z-Stack Home
#        1.2.0\Projects\zstack\HomeAutomation\SampleSwitch\CC2538\Coordinator\Obj\mac_rx.o"
#        "C:\Texas Instruments\Z-Stack Home
#        1.2.0\Projects\zstack\HomeAutomation\SampleSwitch\CC2538\Coordinator\Obj\mac_rx_onoff.o"
#        "C:\Texas Instruments\Z-Stack Home
#        1.2.0\Projects\zstack\HomeAutomation\SampleSwitch\CC2538\Coordinator\Obj\mac_sleep.o"
#        "C:\Texas Instruments\Z-Stack Home
#        1.2.0\Projects\zstack\HomeAutomation\SampleSwitch\CC2538\Coordinator\Obj\mac_tx.o"
#        "C:\Texas Instruments\Z-Stack Home
#        1.2.0\Projects\zstack\HomeAutomation\SampleSwitch\CC2538\Coordinator\Obj\MT.o"
#        "C:\Texas Instruments\Z-Stack Home
#        1.2.0\Projects\zstack\HomeAutomation\SampleSwitch\CC2538\Coordinator\Obj\MT_AF.o"
#        "C:\Texas Instruments\Z-Stack Home
#        1.2.0\Projects\zstack\HomeAutomation\SampleSwitch\CC2538\Coordinator\Obj\MT_APP.o"
#        "C:\Texas Instruments\Z-Stack Home
#        1.2.0\Projects\zstack\HomeAutomation\SampleSwitch\CC2538\Coordinator\Obj\MT_DEBUG.o"
#        "C:\Texas Instruments\Z-Stack Home
#        1.2.0\Projects\zstack\HomeAutomation\SampleSwitch\CC2538\Coordinator\Obj\MT_NWK.o"
#        "C:\Texas Instruments\Z-Stack Home
#        1.2.0\Projects\zstack\HomeAutomation\SampleSwitch\CC2538\Coordinator\Obj\MT_SYS.o"
#        "C:\Texas Instruments\Z-Stack Home
#        1.2.0\Projects\zstack\HomeAutomation\SampleSwitch\CC2538\Coordinator\Obj\MT_TASK.o"
#        "C:\Texas Instruments\Z-Stack Home
#        1.2.0\Projects\zstack\HomeAutomation\SampleSwitch\CC2538\Coordinator\Obj\MT_UART.o"
#        "C:\Texas Instruments\Z-Stack Home
#        1.2.0\Projects\zstack\HomeAutomation\SampleSwitch\CC2538\Coordinator\Obj\MT_UTIL.o"
#        "C:\Texas Instruments\Z-Stack Home
#        1.2.0\Projects\zstack\HomeAutomation\SampleSwitch\CC2538\Coordinator\Obj\MT_VERSION.o"
#        "C:\Texas Instruments\Z-Stack Home
#        1.2.0\Projects\zstack\HomeAutomation\SampleSwitch\CC2538\Coordinator\Obj\MT_ZDO.o"
#        "C:\Texas Instruments\Z-Stack Home
#        1.2.0\Projects\zstack\HomeAutomation\SampleSwitch\CC2538\Coordinator\Obj\nwk_globals.o"
#        "C:\Texas Instruments\Z-Stack Home
#        1.2.0\Projects\zstack\HomeAutomation\SampleSwitch\CC2538\Coordinator\Obj\OnBoard.o"
#        "C:\Texas Instruments\Z-Stack Home
#        1.2.0\Projects\zstack\HomeAutomation\SampleSwitch\CC2538\Coordinator\Obj\OSAL.o"
#        "C:\Texas Instruments\Z-Stack Home
#        1.2.0\Projects\zstack\HomeAutomation\SampleSwitch\CC2538\Coordinator\Obj\OSAL_Clock.o"
#        "C:\Texas Instruments\Z-Stack Home
#        1.2.0\Projects\zstack\HomeAutomation\SampleSwitch\CC2538\Coordinator\Obj\OSAL_Memory.o"
#        "C:\Texas Instruments\Z-Stack Home
#        1.2.0\Projects\zstack\HomeAutomation\SampleSwitch\CC2538\Coordinator\Obj\osal_nv.o"
#        "C:\Texas Instruments\Z-Stack Home
#        1.2.0\Projects\zstack\HomeAutomation\SampleSwitch\CC2538\Coordinator\Obj\OSAL_PwrMgr.o"
#        "C:\Texas Instruments\Z-Stack Home
#        1.2.0\Projects\zstack\HomeAutomation\SampleSwitch\CC2538\Coordinator\Obj\OSAL_SampleSw.o"
#        "C:\Texas Instruments\Z-Stack Home
#        1.2.0\Projects\zstack\HomeAutomation\SampleSwitch\CC2538\Coordinator\Obj\OSAL_Timers.o"
#        "C:\Texas Instruments\Z-Stack Home
#        1.2.0\Projects\zstack\HomeAutomation\SampleSwitch\CC2538\Coordinator\Obj\saddr.o"
#        "C:\Texas Instruments\Z-Stack Home
#        1.2.0\Projects\zstack\HomeAutomation\SampleSwitch\CC2538\Coordinator\Obj\startup_ewarm.o"
#        "C:\Texas Instruments\Z-Stack Home
#        1.2.0\Projects\zstack\HomeAutomation\SampleSwitch\CC2538\Coordinator\Obj\stub_aps.o"
#        "C:\Texas Instruments\Z-Stack Home
#        1.2.0\Projects\zstack\HomeAutomation\SampleSwitch\CC2538\Coordinator\Obj\zcl.o"
#        "C:\Texas Instruments\Z-Stack Home
#        1.2.0\Projects\zstack\HomeAutomation\SampleSwitch\CC2538\Coordinator\Obj\zcl_ezmode.o"
#        "C:\Texas Instruments\Z-Stack Home
#        1.2.0\Projects\zstack\HomeAutomation\SampleSwitch\CC2538\Coordinator\Obj\zcl_general.o"
#        "C:\Texas Instruments\Z-Stack Home
#        1.2.0\Projects\zstack\HomeAutomation\SampleSwitch\CC2538\Coordinator\Obj\zcl_ha.o"
#        "C:\Texas Instruments\Z-Stack Home
#        1.2.0\Projects\zstack\HomeAutomation\SampleSwitch\CC2538\Coordinator\Obj\zcl_samplesw.o"
#        "C:\Texas Instruments\Z-Stack Home
#        1.2.0\Projects\zstack\HomeAutomation\SampleSwitch\CC2538\Coordinator\Obj\zcl_samplesw_data.o"
#        "C:\Texas Instruments\Z-Stack Home
#        1.2.0\Projects\zstack\HomeAutomation\SampleSwitch\CC2538\Coordinator\Obj\ZDApp.o"
#        "C:\Texas Instruments\Z-Stack Home
#        1.2.0\Projects\zstack\HomeAutomation\SampleSwitch\CC2538\Coordinator\Obj\ZDConfig.o"
#        "C:\Texas Instruments\Z-Stack Home
#        1.2.0\Projects\zstack\HomeAutomation\SampleSwitch\CC2538\Coordinator\Obj\ZDNwkMgr.o"
#        "C:\Texas Instruments\Z-Stack Home
#        1.2.0\Projects\zstack\HomeAutomation\SampleSwitch\CC2538\Coordinator\Obj\ZDObject.o"
#        "C:\Texas Instruments\Z-Stack Home
#        1.2.0\Projects\zstack\HomeAutomation\SampleSwitch\CC2538\Coordinator\Obj\ZDProfile.o"
#        "C:\Texas Instruments\Z-Stack Home
#        1.2.0\Projects\zstack\HomeAutomation\SampleSwitch\CC2538\Coordinator\Obj\ZDSecMgr.o"
#        "C:\Texas Instruments\Z-Stack Home
#        1.2.0\Projects\zstack\HomeAutomation\SampleSwitch\CC2538\Coordinator\Obj\ZGlobals.o"
#        "C:\Texas Instruments\Z-Stack Home
#        1.2.0\Projects\zstack\HomeAutomation\SampleSwitch\CC2538\Coordinator\Obj\zmac.o"
#        "C:\Texas Instruments\Z-Stack Home
#        1.2.0\Projects\zstack\HomeAutomation\SampleSwitch\CC2538\Coordinator\Obj\zmac_cb.o"
#        "C:\Texas Instruments\Z-Stack Home
#        1.2.0\Projects\zstack\HomeAutomation\SampleSwitch\CC2538\Coordinator\Obj\ZMain.o"
#        --redirect _Printf=_PrintfTiny --redirect _Scanf=_ScanfSmall -o
#        "C:\Texas Instruments\Z-Stack Home
#        1.2.0\Projects\zstack\HomeAutomation\SampleSwitch\CC2538\Coordinator\Exe\SampleSwitch.out"
#        --map "C:\Texas Instruments\Z-Stack Home
#        1.2.0\Projects\zstack\HomeAutomation\SampleSwitch\CC2538\Coordinator\List\SampleSwitch.map"
#        --config "C:\Texas Instruments\Z-Stack Home
#        1.2.0\Projects\zstack\HomeAutomation\SampleSwitch\CC2538\..\..\..\Tools\CC2538DB\CC2538.icf"
#        --semihosting "C:\Texas Instruments\Z-Stack Home
#        1.2.0\Projects\zstack\HomeAutomation\SampleSwitch\CC2538\..\..\..\Libraries\CC2538\bin\Router.a"
#        "C:\Texas Instruments\Z-Stack Home
#        1.2.0\Projects\zstack\HomeAutomation\SampleSwitch\CC2538\..\..\..\Libraries\TIMAC\bin\TIMAC-CC2538.a"
#        "C:\Texas Instruments\Z-Stack Home
#        1.2.0\Projects\zstack\HomeAutomation\SampleSwitch\CC2538\..\..\..\..\..\Components\driverlib\cc2538\bin\iar\sdriverlib.lib"
#        "C:\Texas Instruments\Z-Stack Home
#        1.2.0\Projects\zstack\HomeAutomation\SampleSwitch\CC2538\..\..\..\..\..\Components\bsp\srf06eb_cc2538\drivers\bin\iar\bsp.lib"
#        --entry __iar_program_start --vfe
#
###############################################################################

*******************************************************************************
*** RUNTIME MODEL ATTRIBUTES
***

CppFlavor       = *
__SystemLibrary = DLib


*******************************************************************************
*** PLACEMENT SUMMARY
***

"A1":  place at start of [0x00200000-0x0027c7ff] { ro section .intvec };
"A2":  place at start of [0x0027ffd4-0x0027ffdf] { ro section .cca };
"P1":  place in [from 0x00200000 to 0x0027c7ff] { ro };
"A7":  place at start of [0x20004000-0x20007fff] { section VTABLE };
"P2":  place in [from 0x20004000 to 0x20007fff] { rw, block HEAP };

  Section            Kind        Address     Size  Object
  -------            ----        -------     ----  ------
"A1":                                       0x100
  .intvec            const    0x00200000    0x100  startup_ewarm.o [1]
                            - 0x00200100    0x100

"P1":                                     0x14028
  .text              ro code  0x00200100   0x264c  mac_beacon.o [4]
  .text              ro code  0x0020274c    0x6a0  OSAL.o [1]
  .text              ro code  0x00202dec    0x20c  OSAL_Memory.o [1]
  .text              ro code  0x00202ff8     0xa6  saddr.o [1]
  .text              ro code  0x0020309e     0x22  zero_init3.o [8]
  .text              ro code  0x002030c0    0x250  interrupt.o [9]
  .text              ro code  0x00203310    0x170  mac_backoff_timer.o [1]
  .text              ro code  0x00203480    0x2d4  zmac_cb.o [1]
  .text              ro code  0x00203754    0x2f0  mac_radio.o [1]
  .text              ro code  0x00203a44    0x200  mac_pib.o [1]
  .text              ro code  0x00203c44    0x4a4  mac_tx.o [1]
  .text              ro code  0x002040e8    0x204  mac_rx_onoff.o [1]
  .text              ro code  0x002042ec    0x29c  hal_assert.o [1]
  .text              ro code  0x00204588     0x68  mac_low_level.o [1]
  .text              ro code  0x002045f0     0x36  strlen.o [8]
  .text              ro code  0x00204626     0x14  memset.o [6]
  .rodata            const    0x0020463a      0x2  MT_SYS.o [1]
  .text              ro code  0x0020463c      0x6  ABImemclr.o [8]
  .rodata            const    0x00204642      0x2  MT_SYS.o [1]
  .text              ro code  0x00204644    0x110  OnBoard.o [1]
  .text              ro code  0x00204754     0x44  strcpy_unaligned.o [8]
  .text              ro code  0x00204798     0x1c  strcat.o [6]
  .text              ro code  0x002047b4    0x308  OSAL_Timers.o [1]
  .text              ro code  0x00204abc     0x14  OSAL_PwrMgr.o [1]
  .text              ro code  0x00204ad0     0x94  OSAL_SampleSw.o [1]
  .text              ro code  0x00204b64     0x10  cpu.o [9]
  .text              ro code  0x00204b74    0x6f8  mac_mcu.o [1]
  .text              ro code  0x0020526c    0x420  nwk_bufs.o [3]
  .text              ro code  0x0020568c     0x74  mac_mem.o [1]
  .text              ro code  0x00205700    0xab0  mac_rx.o [1]
  .text              ro code  0x002061b0     0x76  ABImemcpy_unaligned.o [8]
  .rodata            const    0x00206226      0x2  nwk_globals.o [1]
  .text              ro code  0x00206228    0x5b0  mac_csp_tx.o [1]
  .text              ro code  0x002067d8    0x198  hal_sys_ctrl.o [1]
  .text              ro code  0x00206970    0x1c0  gpio.o [9]
  .text              ro code  0x00206b30     0x68  mac_sleep.o [1]
  .text              ro code  0x00206b98     0x66  ABImemset.o [8]
  .rodata            const    0x00206bfe      0x2  nwk_globals.o [1]
  .text              ro code  0x00206c00    0x154  hal_key.o [1]
  .text              ro code  0x00206d54    0x458  nwk.o [3]
  .text              ro code  0x002071ac     0x24  hal_drivers.o [1]
  .text              ro code  0x002071d0     0x78  MT_TASK.o [1]
  .text              ro code  0x00207248    0x5ac  APS.o [3]
  .text              ro code  0x002077f4    0x250  aps_frag.o [3]
  .text              ro code  0x00207a44    0x50c  ZDApp.o [1]
  .text              ro code  0x00207f50    0x100  ZDNwkMgr.o [1]
  .text              ro code  0x00208050    0x63c  zcl.o [1]
  .text              ro code  0x0020868c    0x24c  zcl_samplesw.o [1]
  .text              ro code  0x002088d8   0x1502  nwk_util.o [3]
  .rodata            const    0x00209dda      0x2  nwk_globals.o [1]
  .text              ro code  0x00209ddc    0x20c  zmac.o [1]
  .text              ro code  0x00209fe8    0x46c  mac_autopend.o [1]
  .text              ro code  0x0020a454    0x1e4  sys_ctrl.o [9]
  .text              ro code  0x0020a638    0x2e4  ioc.o [9]
  .text              ro code  0x0020a91c     0x90  mac_radio_defs.o [1]
  .text              ro code  0x0020a9ac    0x30c  bsp_key.o [5]
  .text              ro code  0x0020acb8    0x27e  nwk_globals.o [1]
  .rodata            const    0x0020af36      0x2  nwk_globals.o [1]
  .text              ro code  0x0020af38    0x2e0  AssocList.o [3]
  .text              ro code  0x0020b218    0xc98  rtg.o [3]
  .text              ro code  0x0020beb0    0x52c  ssp.o [3]
  .text              ro code  0x0020c3dc    0x1ac  NLMEDE_CB.o [3]
  .text              ro code  0x0020c588     0x5c  hal_aes.o [1]
  .text              ro code  0x0020c5e4    0x114  hal_lcd.o [1]
  .text              ro code  0x0020c6f8    0x234  hal_led.o [1]
  .text              ro code  0x0020c92c    0x48a  hal_uart.o [1]
  .rodata            const    0x0020cdb6      0x2  nwk_globals.o [1]
  .text              ro code  0x0020cdb8    0x25c  MT_UART.o [1]
  .text              ro code  0x0020d014    0x8bc  BindingTable.o [1]
  .text              ro code  0x0020d8d0    0x148  reflecttrack.o [3]
  .text              ro code  0x0020da18    0x11c  APSMEDE_CB.o [3]
  .text              ro code  0x0020db34    0xa04  APSMEDE.o [3]
  .text              ro code  0x0020e538    0x3ac  AF.o [1]
  .text              ro code  0x0020e8e4     0x34  ZDObject.o [1]
  .text              ro code  0x0020e918    0x61c  ZDSecMgr.o [1]
  .text              ro code  0x0020ef34    0x218  ZGlobals.o [1]
  .text              ro code  0x0020f14c     0xe4  ZDConfig.o [1]
  .text              ro code  0x0020f230   0x1126  osal_nv.o [1]
  .rodata            const    0x00210356      0x1  nwk_globals.o [1]
  .rodata            const    0x00210357      0x1  nwk_globals.o [1]
  .text              ro code  0x00210358    0x2c0  ZDProfile.o [1]
  .text              ro code  0x00210618     0x64  zcl_ha.o [1]
  .text              ro code  0x0021067c    0x2b6  zcl_general.o [1]
  .rodata            const    0x00210932      0x1  nwk_globals.o [1]
  .rodata            const    0x00210933      0x1  nwk_globals.o [1]
  .text              ro code  0x00210934    0x328  zcl_ezmode.o [1]
  .text              ro code  0x00210c5c    0x878  MT_SYS.o [1]
  .text              ro code  0x002114d4     0x24  aps_groups.o [3]
  .text              ro code  0x002114f8    0x444  AddrMgr.o [3]
  .text              ro code  0x0021193c    0x18c  NLMEDE.o [3]
  .text              ro code  0x00211ac8    0x350  io_pin_int.o [5]
  .text              ro code  0x00211e18    0x2b2  ssp_hash.o [3]
  .rodata            const    0x002120ca      0x1  nwk_globals.o [1]
  .rodata            const    0x002120cb      0x1  nwk_globals.o [1]
  .text              ro code  0x002120cc    0x102  hal_ccm.o [1]
  .rodata            const    0x002121ce      0x1  nwk_globals.o [1]
  .rodata            const    0x002121cf      0x1  nwk_globals.o [1]
  .text              ro code  0x002121d0    0x228  aps_util.o [3]
  .text              ro code  0x002123f8    0x1ec  aes.o [9]
  .text              ro code  0x002125e4     0xb4  bsp.o [5]
  .text              ro code  0x00212698    0x120  lcd_srf06eb.o [5]
  .text              ro code  0x002127b8     0x4c  DebugTrace.o [1]
  .text              ro code  0x00212804      0xc  memcpy.o [6]
  .text              ro code  0x00212810     0xe4  lcd_dogm128_6.o [5]
  .text              ro code  0x002128f4     0xd6  uart.o [9]
  .text              ro code  0x002129ca    0x1b6  armcm3flashutil.o [1]
  .text              ro code  0x00212b80     0x38  hal_adc.o [1]
  .text              ro code  0x00212bb8     0x44  MT.o [1]
  .text              ro code  0x00212bfc    0x308  OSAL_Clock.o [1]
  .text              ro code  0x00212f04    0x3b0  ccm.o [9]
  .text              ro code  0x002132b4     0x8a  ssi.o [9]
  .rodata            const    0x0021333e      0x1  nwk_globals.o [1]
  .rodata            const    0x0021333f      0x1  nwk_globals.o [1]
  .text              ro code  0x00213340     0x38  flash.o [9]
  .text              ro code  0x00213378     0x34  systick.o [9]
  .text              ro code  0x002133ac    0x28c  ZMain.o [1]
  .text              ro code  0x00213638     0x2a  hal_systick.o [1]
  .rodata            const    0x00213662      0x1  nwk_globals.o [1]
  .rodata            const    0x00213663      0x1  nwk_globals.o [1]
  .rodata            const    0x00213664    0x1d8  lcd_dogm128_6_alphabet.o [5]
  .rodata            const    0x0021383c    0x190  ZGlobals.o [1]
  .text              ro code  0x002139cc     0xd4  packbits_init.o [8]
  .text              ro code  0x00213aa0      0x6  abort.o [6]
  .rodata            const    0x00213aa6      0x1  nwk_globals.o [1]
  .rodata            const    0x00213aa7      0x1  nwk_globals.o [1]
  .text              ro code  0x00213aa8     0x14  exit.o [10]
  .rodata            const    0x00213abc     0xcc  mac_beacon.o [4]
  .rodata            const    0x00213b88     0xb4  zcl_samplesw_data.o [1]
  .rodata            const    0x00213c3c     0x90  mac_pib.o [1]
  .rodata            const    0x00213ccc     0x4c  mac_pib.o [1]
  .text              ro code  0x00213d18     0x42  startup_ewarm.o [1]
  .text              ro code  0x00213d5a      0xc  cstartup_M.o [8]
  .rodata            const    0x00213d66      0x1  nwk_globals.o [1]
  .rodata            const    0x00213d67      0x1  nwk_globals.o [1]
  .text              ro code  0x00213d68     0x1a  cmain.o [8]
  .text              ro code  0x00213d82      0x4  low_level_init.o [6]
  .rodata            const    0x00213d86      0x1  nwk_globals.o [1]
  .rodata            const    0x00213d87      0x1  nwk_globals.o [1]
  .text              ro code  0x00213d88     0x28  data_init.o [8]
  .text              ro code  0x00213db0      0x4  exit.o [6]
  .text              ro code  0x00213db4      0xa  cexit.o [8]
  .rodata            const    0x00213dbe      0x1  nwk_globals.o [1]
  .rodata            const    0x00213dbf      0x1  nwk_globals.o [1]
  .rodata            const    0x00213dc0     0x24  mac_radio_defs.o [1]
  .iar.init_table    const    0x00213de4     0x34  - Linker created -
  .rodata            const    0x00213e18     0x18  hal_lcd.o [1]
  .rodata            const    0x00213e30     0x14  hal_uart.o [1]
  .rodata            const    0x00213e44     0x14  zcl_samplesw_data.o [1]
  .rodata            const    0x00213e58     0x14  zcl_samplesw_data.o [1]
  .rodata            const    0x00213e6c     0x14  zcl_samplesw_data.o [1]
  .rodata            const    0x00213e80     0x14  zmac_cb.o [1]
  .rodata            const    0x00213e94     0x14  ZMain.o [1]
  .rodata            const    0x00213ea8     0x10  nwk_globals.o [1]
  .rodata            const    0x00213eb8     0x10  nwk_globals.o [1]
  .rodata            const    0x00213ec8     0x10  nwk_globals.o [1]
  .rodata            const    0x00213ed8     0x10  nwk_globals.o [1]
  .rodata            const    0x00213ee8     0x10  nwk_globals.o [1]
  .rodata            const    0x00213ef8     0x10  nwk_globals.o [1]
  .rodata            const    0x00213f08     0x10  nwk_globals.o [1]
  .rodata            const    0x00213f18     0x10  zcl_samplesw.o [1]
  .rodata            const    0x00213f28     0x10  zcl_samplesw.o [1]
  .rodata            const    0x00213f38     0x10  zcl_samplesw.o [1]
  .rodata            const    0x00213f48     0x10  zcl_samplesw.o [1]
  .rodata            const    0x00213f58     0x10  zcl_samplesw.o [1]
  .rodata            const    0x00213f68     0x10  zcl_samplesw.o [1]
  .rodata            const    0x00213f78     0x10  zcl_samplesw.o [1]
  .rodata            const    0x00213f88      0xc  nwk_globals.o [1]
  .rodata            const    0x00213f94      0xc  nwk_globals.o [1]
  .rodata            const    0x00213fa0      0xc  nwk_globals.o [1]
  .text              ro code  0x00213fac      0xa  hal_sleep.o [1]
  .rodata            const    0x00213fb6      0x1  nwk_globals.o [1]
  .rodata            const    0x00213fb7      0x1  nwk_globals.o [1]
  .rodata            const    0x00213fb8      0x8  mac_cfg.o [1]
  .rodata            const    0x00213fc0      0x8  MT_SYS.o [1]
  .rodata            const    0x00213fc8      0x8  MT_VERSION.o [1]
  .rodata            const    0x00213fd0      0x8  nwk_globals.o [1]
  .rodata            const    0x00213fd8      0x8  nwk_globals.o [1]
  .rodata            const    0x00213fe0      0x8  nwk_globals.o [1]
  .rodata            const    0x00213fe8      0x8  nwk_globals.o [1]
  .rodata            const    0x00213ff0      0x8  nwk_globals.o [1]
  .rodata            const    0x00213ff8      0x8  osal_nv.o [1]
  .rodata            const    0x00214000      0x8  zcl_samplesw.o [1]
  .rodata            const    0x00214008      0x8  zcl_samplesw.o [1]
  .rodata            const    0x00214010      0x8  ZMain.o [1]
  .rodata            const    0x00214018      0x8  ZMain.o [1]
  .rodata            const    0x00214020      0x4  mac_rx.o [1]
  .rodata            const    0x00214024      0x4  nwk_globals.o [1]
  .rodata            const    0x00214028      0x4  zcl_samplesw_data.o [1]
  .rodata            const    0x0021402c      0x4  zcl_samplesw_data.o [1]
  .rodata            const    0x00214030      0x1  nwk_globals.o [1]
  .rodata            const    0x00214031      0x1  OSAL_SampleSw.o [1]
  .rodata            const    0x00214032      0x1  zcl_samplesw_data.o [1]
  .rodata            const    0x00214033      0x1  zcl_samplesw_data.o [1]
  .rodata            const    0x00214034      0x1  zcl_samplesw_data.o [1]
  .rodata            const    0x00214035      0x1  ZDProfile.o [1]
  .rodata            const    0x00214036      0x0  zero_init3.o [8]
  .rodata            const    0x00214036      0x0  packbits_init.o [8]
  Initializer bytes  ro data  0x00214036     0xf2  <for P2 s0>
                            - 0x00214128  0x14028

Absolute sections:                         0x3000
  .noinit            uninit   0x0027c800   0x3000  osal_nv.o [1]
                            - 0x0027f800   0x3000

"A2":                                         0xc
  .cca               const    0x0027ffd4      0xc  startup_ewarm.o [1]
                            - 0x0027ffe0      0xc

"A7":                                       0x100
  VTABLE             zero     0x20004000    0x100  interrupt.o [9]
                            - 0x20004100    0x100

"P2", part 1 of 3:                          0x1f8
  P2 s0                       0x20004100    0x1f8  <Init block>
    .data            inited   0x20004100     0x80  mac_beacon.o [4]
    .data            inited   0x20004180     0x5c  mac_beacon.o [4]
    .data            inited   0x200041dc     0x30  zcl_samplesw.o [1]
    .data            inited   0x2000420c     0x1c  APS.o [3]
    .data            inited   0x20004228     0x14  zcl_samplesw_data.o [1]
    .data            inited   0x2000423c     0x14  zcl_samplesw_data.o [1]
    .data            inited   0x20004250     0x14  nwk.o [3]
    .data            inited   0x20004264     0x10  zcl_samplesw.o [1]
    .data            inited   0x20004274     0x10  ZDApp.o [1]
    .data            inited   0x20004284     0x10  nwk_util.o [3]
    .data            inited   0x20004294      0xc  aps_frag.o [3]
    .data            inited   0x200042a0      0x8  reflecttrack.o [3]
    .data            inited   0x200042a8      0x4  osal_nv.o [1]
    .data            inited   0x200042ac      0x4  zcl_samplesw.o [1]
    .data            inited   0x200042b0      0x4  ZDProfile.o [1]
    .data            inited   0x200042b4      0x4  ZGlobals.o [1]
    .data            inited   0x200042b8      0x4  mac_beacon.o [4]
    .data            inited   0x200042bc      0x2  ZGlobals.o [1]
    .data            inited   0x200042be      0x2  ZGlobals.o [1]
    .data            inited   0x200042c0      0x2  ZGlobals.o [1]
    .data            inited   0x200042c2      0x2  ZGlobals.o [1]
    .data            inited   0x200042c4      0x2  ZGlobals.o [1]
    .data            inited   0x200042c6      0x2  ZGlobals.o [1]
    .data            inited   0x200042c8      0x2  ZGlobals.o [1]
    .data            inited   0x200042ca      0x2  ZGlobals.o [1]
    .data            inited   0x200042cc      0x2  ZGlobals.o [1]
    .data            inited   0x200042ce      0x2  ZGlobals.o [1]
    .data            inited   0x200042d0      0x2  NLMEDE.o [3]
    .data            inited   0x200042d2      0x2  reflecttrack.o [3]
    .data            inited   0x200042d4      0x1  AF.o [1]
    .data            inited   0x200042d5      0x1  mac_sleep.o [1]
    .data            inited   0x200042d6      0x1  OnBoard.o [1]
    .data            inited   0x200042d7      0x1  zcl.o [1]
    .data            inited   0x200042d8      0x1  zcl_samplesw.o [1]
    .data            inited   0x200042d9      0x1  zcl_samplesw_data.o [1]
    .data            inited   0x200042da      0x1  ZDApp.o [1]
    .data            inited   0x200042db      0x1  ZDApp.o [1]
    .data            inited   0x200042dc      0x1  ZGlobals.o [1]
    .data            inited   0x200042dd      0x1  ZGlobals.o [1]
    .data            inited   0x200042de      0x1  ZGlobals.o [1]
    .data            inited   0x200042df      0x1  ZGlobals.o [1]
    .data            inited   0x200042e0      0x1  ZGlobals.o [1]
    .data            inited   0x200042e1      0x1  ZGlobals.o [1]
    .data            inited   0x200042e2      0x1  ZGlobals.o [1]
    .data            inited   0x200042e3      0x1  ZGlobals.o [1]
    .data            inited   0x200042e4      0x1  ZGlobals.o [1]
    .data            inited   0x200042e5      0x1  ZGlobals.o [1]
    .data            inited   0x200042e6      0x1  ZGlobals.o [1]
    .data            inited   0x200042e7      0x1  ZGlobals.o [1]
    .data            inited   0x200042e8      0x1  ZGlobals.o [1]
    .data            inited   0x200042e9      0x1  ZGlobals.o [1]
    .data            inited   0x200042ea      0x1  ZGlobals.o [1]
    .data            inited   0x200042eb      0x1  ZGlobals.o [1]
    .data            inited   0x200042ec      0x1  ZGlobals.o [1]
    .data            inited   0x200042ed      0x1  ZGlobals.o [1]
    .data            inited   0x200042ee      0x1  ZGlobals.o [1]
    .data            inited   0x200042ef      0x1  ZGlobals.o [1]
    .data            inited   0x200042f0      0x1  ZGlobals.o [1]
    .data            inited   0x200042f1      0x1  ZGlobals.o [1]
    .data            inited   0x200042f2      0x1  ZGlobals.o [1]
    .data            inited   0x200042f3      0x1  ZGlobals.o [1]
    .data            inited   0x200042f4      0x1  ZGlobals.o [1]
    .data            inited   0x200042f5      0x1  ZGlobals.o [1]
    .data            inited   0x200042f6      0x1  nwk_util.o [3]
    .data            inited   0x200042f7      0x1  NLMEDE.o [3]
                            - 0x200042f8    0x1f8

"P2", part 2 of 3:                         0x1060
  .bss               zero     0x200042f8    0x400  lcd_dogm128_6.o [5]
  .bss               zero     0x200046f8    0x1f8  nwk_globals.o [1]
  .bss               zero     0x200048f0    0x1c0  nwk_globals.o [1]
  .bss               zero     0x20004ab0    0x140  nwk_globals.o [1]
  .bss               zero     0x20004bf0     0x78  nwk.o [3]
  .bss               zero     0x20004c68     0x70  io_pin_int.o [5]
  .bss               zero     0x20004cd8     0x60  nwk_globals.o [1]
  .bss               zero     0x20004d38     0x60  mac_beacon.o [4]
  .bss               zero     0x20004d98     0x50  nwk_globals.o [1]
  .bss               zero     0x20004de8     0x50  ZDProfile.o [1]
  .bss               zero     0x20004e38     0x4c  mac_pib.o [1]
  .bss               zero     0x20004e84     0x48  nwk_globals.o [1]
  .bss               zero     0x20004ecc     0x38  nwk_globals.o [1]
  .bss               zero     0x20004f04     0x38  mac_beacon.o [4]
  .bss               zero     0x20004f3c     0x34  hal_led.o [1]
  .bss               zero     0x20004f70     0x2c  hal_uart.o [1]
  .bss               zero     0x20004f9c     0x2c  mac_beacon.o [4]
  .bss               zero     0x20004fc8     0x24  nwk_globals.o [1]
  .bss               zero     0x20004fec     0x24  ZDSecMgr.o [1]
  .bss               zero     0x20005010     0x20  bsp_key.o [5]
  .bss               zero     0x20005030     0x20  mac_beacon.o [4]
  .bss               zero     0x20005050     0x20  io_pin_int.o [5]
  .bss               zero     0x20005070     0x1c  ZDApp.o [1]
  .bss               zero     0x2000508c     0x1c  nwk_util.o [3]
  .bss               zero     0x200050a8     0x18  nwk_globals.o [1]
  .bss               zero     0x200050c0     0x14  nwk_globals.o [1]
  .bss               zero     0x200050d4     0x14  APSMEDE.o [3]
  .bss               zero     0x200050e8     0x14  aes.o [9]
  .bss               zero     0x200050fc     0x10  zcl_ezmode.o [1]
  .bss               zero     0x2000510c     0x10  zcl_ezmode.o [1]
  .bss               zero     0x2000511c     0x10  ZDConfig.o [1]
  .bss               zero     0x2000512c     0x10  nwk_util.o [3]
  .bss               zero     0x2000513c     0x10  APS.o [3]
  .bss               zero     0x2000514c      0xc  nwk_globals.o [1]
  .bss               zero     0x20005158      0xc  osal_nv.o [1]
  .bss               zero     0x20005164      0xc  osal_nv.o [1]
  .bss               zero     0x20005170      0xc  zcl_samplesw.o [1]
  .bss               zero     0x2000517c      0xc  ZDApp.o [1]
  .bss               zero     0x20005188      0xc  ZDNwkMgr.o [1]
  .bss               zero     0x20005194      0xc  ZDSecMgr.o [1]
  .bss               zero     0x200051a0      0xc  nwk_util.o [3]
  .bss               zero     0x200051ac      0xc  nwk_util.o [3]
  .bss               zero     0x200051b8      0xc  NLMEDE.o [3]
  .bss               zero     0x200051c4      0x8  OnBoard.o [1]
  .bss               zero     0x200051cc      0x8  osal_nv.o [1]
  .bss               zero     0x200051d4      0x8  OSAL_PwrMgr.o [1]
  .bss               zero     0x200051dc      0x8  ZDApp.o [1]
  .bss               zero     0x200051e4      0x8  ZGlobals.o [1]
  .bss               zero     0x200051ec      0x8  ZGlobals.o [1]
  .bss               zero     0x200051f4      0x8  ZGlobals.o [1]
  .bss               zero     0x200051fc      0x8  AddrMgr.o [3]
  .bss               zero     0x20005204      0x8  ssp.o [3]
  .bss               zero     0x2000520c      0x8  ssp.o [3]
  .bss               zero     0x20005214      0x4  AF.o [1]
  .bss               zero     0x20005218      0x4  BindingTable.o [1]
  .bss               zero     0x2000521c      0x4  BindingTable.o [1]
  .bss               zero     0x20005220      0x4  BindingTable.o [1]
  .bss               zero     0x20005224      0x4  BindingTable.o [1]
  .bss               zero     0x20005228      0x4  BindingTable.o [1]
  .bss               zero     0x2000522c      0x4  BindingTable.o [1]
  .bss               zero     0x20005230      0x4  BindingTable.o [1]
  .bss               zero     0x20005234      0x4  hal_aes.o [1]
  .bss               zero     0x20005238      0x4  hal_key.o [1]
  .bss               zero     0x2000523c      0x4  mac_backoff_timer.o [1]
  .bss               zero     0x20005240      0x4  mac_backoff_timer.o [1]
  .bss               zero     0x20005244      0x4  mac_mcu.o [1]
  .bss               zero     0x20005248      0x4  mac_mcu.o [1]
  .bss               zero     0x2000524c      0x4  mac_mcu.o [1]
  .bss               zero     0x20005250      0x4  mac_rx.o [1]
  .bss               zero     0x20005254      0x4  mac_rx.o [1]
  .bss               zero     0x20005258      0x4  mac_rx.o [1]
  .bss               zero     0x2000525c      0x4  MT_UART.o [1]
  .bss               zero     0x20005260      0x4  OSAL.o [1]
  .bss               zero     0x20005264      0x4  OSAL_Clock.o [1]
  .bss               zero     0x20005268      0x4  OSAL_Clock.o [1]
  .bss               zero     0x2000526c      0x4  osal_nv.o [1]
  .bss               zero     0x20005270      0x4  OSAL_SampleSw.o [1]
  .bss               zero     0x20005274      0x4  OSAL_Timers.o [1]
  .bss               zero     0x20005278      0x4  OSAL_Timers.o [1]
  .bss               zero     0x2000527c      0x4  zcl.o [1]
  .bss               zero     0x20005280      0x4  zcl.o [1]
  .bss               zero     0x20005284      0x4  zcl.o [1]
  .bss               zero     0x20005288      0x4  zcl.o [1]
  .bss               zero     0x2000528c      0x4  zcl_general.o [1]
  .bss               zero     0x20005290      0x4  ZDApp.o [1]
  .bss               zero     0x20005294      0x4  ZDApp.o [1]
  .bss               zero     0x20005298      0x4  ZDConfig.o [1]
  .bss               zero     0x2000529c      0x4  ZDNwkMgr.o [1]
  .bss               zero     0x200052a0      0x4  ZDNwkMgr.o [1]
  .bss               zero     0x200052a4      0x4  ZDNwkMgr.o [1]
  .bss               zero     0x200052a8      0x4  ZDObject.o [1]
  .bss               zero     0x200052ac      0x4  ZDProfile.o [1]
  .bss               zero     0x200052b0      0x4  ZDSecMgr.o [1]
  .bss               zero     0x200052b4      0x4  zmac.o [1]
  .bss               zero     0x200052b8      0x4  zmac.o [1]
  .bss               zero     0x200052bc      0x4  zmac_cb.o [1]
  .bss               zero     0x200052c0      0x4  APSMEDE.o [3]
  .bss               zero     0x200052c4      0x4  nwk_util.o [3]
  .bss               zero     0x200052c8      0x4  rtg.o [3]
  .bss               zero     0x200052cc      0x4  rtg.o [3]
  .bss               zero     0x200052d0      0x4  rtg.o [3]
  .bss               zero     0x200052d4      0x4  rtg.o [3]
  .bss               zero     0x200052d8      0x4  aps_groups.o [3]
  .bss               zero     0x200052dc      0x4  APS.o [3]
  .bss               zero     0x200052e0      0x4  APS.o [3]
  .bss               zero     0x200052e4      0x4  APS.o [3]
  .bss               zero     0x200052e8      0x4  mac_beacon.o [4]
  .bss               zero     0x200052ec      0x4  NLMEDE.o [3]
  .bss               zero     0x200052f0      0x4  nwk_bufs.o [3]
  .bss               zero     0x200052f4      0x4  nwk_bufs.o [3]
  .bss               zero     0x200052f8      0x2  zcl_ezmode.o [1]
  .bss               zero     0x200052fa      0x2  zcl_samplesw_data.o [1]
  .bss               zero     0x200052fc      0x2  nwk.o [3]
  .bss               zero     0x200052fe      0x1  BindingTable.o [1]
  .bss               zero     0x200052ff      0x1  hal_assert.o [1]
  .bss               zero     0x20005300      0x1  hal_drivers.o [1]
  .bss               zero     0x20005301      0x1  hal_key.o [1]
  .bss               zero     0x20005302      0x1  hal_key.o [1]
  .bss               zero     0x20005303      0x1  hal_key.o [1]
  .bss               zero     0x20005304      0x1  hal_led.o [1]
  .bss               zero     0x20005305      0x1  hal_led.o [1]
  .bss               zero     0x20005306      0x1  hal_uart.o [1]
  .bss               zero     0x20005307      0x1  mac_autopend.o [1]
  .bss               zero     0x20005308      0x1  mac_autopend.o [1]
  .bss               zero     0x20005309      0x1  mac_mcu.o [1]
  .bss               zero     0x2000530a      0x1  mac_mcu.o [1]
  .bss               zero     0x2000530b      0x1  mac_radio.o [1]
  .bss               zero     0x2000530c      0x1  mac_radio.o [1]
  .bss               zero     0x2000530d      0x1  mac_radio.o [1]
  .bss               zero     0x2000530e      0x1  mac_radio.o [1]
  .bss               zero     0x2000530f      0x1  mac_rx.o [1]
  .bss               zero     0x20005310      0x1  mac_rx.o [1]
  .bss               zero     0x20005311      0x1  mac_rx.o [1]
  .bss               zero     0x20005312      0x1  mac_rx.o [1]
  .bss               zero     0x20005313      0x1  mac_rx.o [1]
  .bss               zero     0x20005314      0x1  mac_rx.o [1]
  .bss               zero     0x20005315      0x1  mac_rx.o [1]
  .bss               zero     0x20005316      0x1  mac_rx.o [1]
  .bss               zero     0x20005317      0x1  mac_rx.o [1]
  .bss               zero     0x20005318      0x1  mac_rx.o [1]
  .bss               zero     0x20005319      0x1  mac_rx.o [1]
  .bss               zero     0x2000531a      0x1  mac_rx_onoff.o [1]
  .bss               zero     0x2000531b      0x1  mac_rx_onoff.o [1]
  .bss               zero     0x2000531c      0x1  mac_tx.o [1]
  .bss               zero     0x2000531d      0x1  mac_tx.o [1]
  .bss               zero     0x2000531e      0x1  mac_tx.o [1]
  .bss               zero     0x2000531f      0x1  mac_tx.o [1]
  .bss               zero     0x20005320      0x1  mac_tx.o [1]
  .bss               zero     0x20005321      0x1  mac_tx.o [1]
  .bss               zero     0x20005322      0x1  mac_tx.o [1]
  .bss               zero     0x20005323      0x1  mac_tx.o [1]
  .bss               zero     0x20005324      0x1  mac_tx.o [1]
  .bss               zero     0x20005325      0x1  MT_TASK.o [1]
  .bss               zero     0x20005326      0x1  MT_UART.o [1]
  .bss               zero     0x20005327      0x1  MT_UART.o [1]
  .bss               zero     0x20005328      0x1  MT_UART.o [1]
  .bss               zero     0x20005329      0x1  MT_UART.o [1]
  .bss               zero     0x2000532a      0x1  MT_UART.o [1]
  .bss               zero     0x2000532b      0x1  nwk_globals.o [1]
  .bss               zero     0x2000532c      0x1  nwk_globals.o [1]
  .bss               zero     0x2000532d      0x1  OnBoard.o [1]
  .bss               zero     0x2000532e      0x1  OSAL_Memory.o [1]
  .bss               zero     0x2000532f      0x1  osal_nv.o [1]
  .bss               zero     0x20005330      0x1  zcl.o [1]
  .bss               zero     0x20005331      0x1  zcl.o [1]
  .bss               zero     0x20005332      0x1  zcl_ezmode.o [1]
  .bss               zero     0x20005333      0x1  zcl_ezmode.o [1]
  .bss               zero     0x20005334      0x1  zcl_ezmode.o [1]
  .bss               zero     0x20005335      0x1  zcl_ezmode.o [1]
  .bss               zero     0x20005336      0x1  zcl_ezmode.o [1]
  .bss               zero     0x20005337      0x1  zcl_ezmode.o [1]
  .bss               zero     0x20005338      0x1  zcl_general.o [1]
  .bss               zero     0x20005339      0x1  zcl_samplesw.o [1]
  .bss               zero     0x2000533a      0x1  zcl_samplesw.o [1]
  .bss               zero     0x2000533b      0x1  zcl_samplesw.o [1]
  .bss               zero     0x2000533c      0x1  zcl_samplesw.o [1]
  .bss               zero     0x2000533d      0x1  zcl_samplesw_data.o [1]
  .bss               zero     0x2000533e      0x1  zcl_samplesw_data.o [1]
  .bss               zero     0x2000533f      0x1  ZDApp.o [1]
  .bss               zero     0x20005340      0x1  ZDApp.o [1]
  .bss               zero     0x20005341      0x1  ZDApp.o [1]
  .bss               zero     0x20005342      0x1  ZDApp.o [1]
  .bss               zero     0x20005343      0x1  ZDNwkMgr.o [1]
  .bss               zero     0x20005344      0x1  ZDNwkMgr.o [1]
  .bss               zero     0x20005345      0x1  ZDProfile.o [1]
  .bss               zero     0x20005346      0x1  ZDProfile.o [1]
  .bss               zero     0x20005347      0x1  ZDSecMgr.o [1]
  .bss               zero     0x20005348      0x1  ZDSecMgr.o [1]
  .bss               zero     0x20005349      0x1  ZGlobals.o [1]
  .bss               zero     0x2000534a      0x1  ZGlobals.o [1]
  .bss               zero     0x2000534b      0x1  ZGlobals.o [1]
  .bss               zero     0x2000534c      0x1  ZGlobals.o [1]
  .bss               zero     0x2000534d      0x1  ZGlobals.o [1]
  .bss               zero     0x2000534e      0x1  ZGlobals.o [1]
  .bss               zero     0x2000534f      0x1  ZGlobals.o [1]
  .bss               zero     0x20005350      0x1  ZGlobals.o [1]
  .bss               zero     0x20005351      0x1  ZGlobals.o [1]
  .bss               zero     0x20005352      0x1  zmac_cb.o [1]
  .bss               zero     0x20005353      0x1  nwk_util.o [3]
  .bss               zero     0x20005354      0x1  nwk_util.o [3]
  .bss               zero     0x20005355      0x1  rtg.o [3]
  .bss               zero     0x20005356      0x1  rtg.o [3]
  .bss               zero     0x20005357      0x1  bsp.o [5]
                            - 0x20005358   0x1060

"P2", part 3 of 3:                         0x2004
  .noinit            uninit   0x20005358   0x1800  OSAL_Memory.o [1]
  .noinit            uninit   0x20006b58    0x800  startup_ewarm.o [1]
  .noinit            uninit   0x20007358      0x4  OSAL_Memory.o [1]
                            - 0x2000735c   0x2004


*******************************************************************************
*** INIT TABLE
***

          Address     Size
          -------     ----
Zero (__iar_zero_init3)
    2 destination ranges, total size 0x1160:
          0x20004000   0x100
          0x200042f8  0x1060

Copy/packbits (__iar_packbits_init3)
    1 source range, total size 0xf2 (48% of destination):
          0x00214036    0xf2
    1 destination range, total size 0x1f8:
          0x20004100   0x1f8



*******************************************************************************
*** MODULE SUMMARY
***

    Module                    ro code  ro data  rw data  rw data
                                                          (abs)
    ------                    -------  -------  -------  -------
C:\Texas Instruments\Z-Stack Home 1.2.0\Projects\zstack\HomeAutomation\SampleSwitch\CC2538\Coordinator\Obj: [1]
    AF.o                          940        1        5
    BindingTable.o              2 236                29
    DebugTrace.o                   76
    MT.o                           68
    MT_SYS.o                    2 168       12
    MT_TASK.o                     120                 1
    MT_UART.o                     604                 9
    MT_VERSION.o                             8
    OSAL.o                      1 696                 4
    OSAL_Clock.o                  776                 8
    OSAL_Memory.o                 524             6 149
    OSAL_PwrMgr.o                  20                 8
    OSAL_SampleSw.o               148        1        4
    OSAL_Timers.o                 776                 8
    OnBoard.o                     272        1       10
    ZDApp.o                     1 292        9       78
    ZDConfig.o                    228                20
    ZDNwkMgr.o                    256                26
    ZDObject.o                     52                 4
    ZDProfile.o                   704        3       90
    ZDSecMgr.o                  1 564                54
    ZGlobals.o                    536      424       83
    ZMain.o                       652       36
    armcm3flashutil.o             438
    hal_adc.o                      56
    hal_aes.o                      92                 4
    hal_assert.o                  668                 1
    hal_ccm.o                     258
    hal_drivers.o                  36                 1
    hal_key.o                     340                 7
    hal_lcd.o                     276       24
    hal_led.o                     564                54
    hal_sleep.o                    10
    hal_sys_ctrl.o                408
    hal_systick.o                  42
    hal_uart.o                  1 162       20       45
    mac_autopend.o              1 132                 2
    mac_backoff_timer.o           368                 8
    mac_cfg.o                                8
    mac_csp_tx.o                1 456
    mac_low_level.o               104
    mac_mcu.o                   1 784                14
    mac_mem.o                     116
    mac_pib.o                     512      220       76
    mac_radio.o                   752                 4
    mac_radio_defs.o              144       36
    mac_rx.o                    2 736        4       23
    mac_rx_onoff.o                516                 2
    mac_sleep.o                   104                 1
    mac_tx.o                    1 188                 9
    nwk_globals.o                 638      225    1 670
    osal_nv.o                   4 390       10       41   12 288
    saddr.o                       166
    startup_ewarm.o                66      268    2 048
    zcl.o                       1 596                19
    zcl_ezmode.o                  808                40
    zcl_general.o                 694                 5
    zcl_ha.o                      100
    zcl_samplesw.o                588      162       85
    zcl_samplesw_data.o                    270       45
    zmac.o                        524                 8
    zmac_cb.o                     724       20        5
    ------------------------------------------------------------
    Total:                     41 264    1 762   10 807   12 288

command line: [2]
    ------------------------------------------------------------
    Total:

Router.a: [3]
    APS.o                       1 452       14       56
    APSMEDE.o                   2 564                24
    APSMEDE_CB.o                  284
    AddrMgr.o                   1 092                 8
    AssocList.o                   736
    NLMEDE.o                      396        2       19
    NLMEDE_CB.o                   428
    aps_frag.o                    592        6       12
    aps_groups.o                   36                 4
    aps_util.o                    552
    nwk.o                       1 112        9      142
    nwk_bufs.o                  1 056                 8
    nwk_util.o                  5 378        7       91
    reflecttrack.o                328        5       10
    rtg.o                       3 224                18
    ssp.o                       1 324                16
    ssp_hash.o                    690
    ------------------------------------------------------------
    Total:                     21 244       43      408

TIMAC-CC2538.a: [4]
    mac_beacon.o                9 804      311      456
    ------------------------------------------------------------
    Total:                      9 804      311      456

bsp.lib: [5]
    bsp.o                         180                 1
    bsp_key.o                     780                32
    io_pin_int.o                  848               144
    lcd_dogm128_6.o               228             1 024
    lcd_dogm128_6_alphabet.o               472
    lcd_srf06eb.o                 288
    ------------------------------------------------------------
    Total:                      2 324      472    1 201

dl7M_tln.a: [6]
    abort.o                         6
    exit.o                          4
    low_level_init.o                4
    memcpy.o                       12
    memset.o                       20
    strcat.o                       28
    ------------------------------------------------------------
    Total:                         74

m7M_tl.a: [7]
    ------------------------------------------------------------
    Total:

rt7M_tl.a: [8]
    ABImemclr.o                     6
    ABImemcpy_unaligned.o         118
    ABImemset.o                   102
    cexit.o                        10
    cmain.o                        26
    cstartup_M.o                   12
    data_init.o                    40
    packbits_init.o               212
    strcpy_unaligned.o             68
    strlen.o                       54
    zero_init3.o                   34
    ------------------------------------------------------------
    Total:                        682

sdriverlib.lib: [9]
    aes.o                         492                20
    ccm.o                         944
    cpu.o                          16
    flash.o                        56
    gpio.o                        448
    interrupt.o                   592               256
    ioc.o                         740
    ssi.o                         138
    sys_ctrl.o                    484
    systick.o                      52
    uart.o                        214
    ------------------------------------------------------------
    Total:                      4 176               276

shb_l.a: [10]
    exit.o                         20
    ------------------------------------------------------------
    Total:                         20

    Linker created                          52
----------------------------------------------------------------
    Grand Total:               79 588    2 640   13 148   12 288


*******************************************************************************
*** ENTRY LIST
***

Entry                      Address    Size  Type      Object
-----                      -------    ----  ----      ------
?main                   0x00213d69          Code  Gb  cmain.o [8]
AESECBCheckResult       0x00212551    0x16  Code  Gb  aes.o [9]
AESECBGetResult         0x00212567    0x5a  Code  Gb  aes.o [9]
AESECBStart             0x002124c9    0x88  Code  Gb  aes.o [9]
AESLoadKey              0x002123f9    0xce  Code  Gb  aes.o [9]
AF_DataRequest          0x0020e62d   0x208  Code  Gb  AF.o [1]
AF_DataRequestDiscoverRoute
                        0x200042d4     0x1  Data  Gb  AF.o [1]
AIB_MaxBindingTime      0x20004210     0x2  Data  Gb  APS.o [3]
AIB_apsTrustCenterAddress
                        0x20004214     0x4  Data  Gb  APS.o [3]
AIB_apsUseExtendedPANID
                        0x20004220     0x8  Data  Gb  APS.o [3]
AIB_apsUseInsecureJoin  0x2000420e     0x1  Data  Gb  APS.o [3]
APSDE_DataCnf           0x0020da19     0xa  Code  Gb  APSMEDE_CB.o [3]
APSDE_DataIndication    0x0020da23    0xa0  Code  Gb  APSMEDE_CB.o [3]
APSDE_DataReq           0x0020db35   0x1da  Code  Gb  APSMEDE.o [3]
APSDE_DataReqMTU        0x0020dd0f    0x28  Code  Gb  APSMEDE.o [3]
APSDE_FrameAlloc        0x0020e34d   0x114  Code  Gb  APSMEDE.o [3]
APSDE_FrameHdrSet       0x0020e1f7    0xee  Code  Gb  APSMEDE.o [3]
APSDE_FrameSend         0x0020e46d    0x42  Code  Gb  APSMEDE.o [3]
APSDE_ParseMsg          0x002121d1   0x102  Code  Gb  aps_util.o [3]
APSF_FindObj            0x0020781b    0x2a  Code  Lc  aps_frag.o [3]
APSF_FreeObj            0x00207845    0x28  Code  Lc  aps_frag.o [3]
APSF_Init               0x002077f5    0x26  Code  Gb  aps_frag.o [3]
APSF_ObjList            0x20004298     0x4  Data  Lc  aps_frag.o [3]
APSF_ProcessAck         0x002079a1    0x84  Code  Gb  aps_frag.o [3]
APSF_SendFragmented     0x0020786d   0x134  Code  Gb  aps_frag.o [3]
APSF_SendOsalMsg        0x00207a25     0xa  Code  Gb  aps_frag.o [3]
APSF_taskID             0x20004294     0x1  Data  Gb  aps_frag.o [3]
APSME_CmdPktCM_CD       0x0020e2e9    0x5c  Code  Gb  APSMEDE.o [3]
APSME_CmdPktHook        0x200050e4     0x4  Data  Gb  APSMEDE.o [3]
APSME_FrameSecApplyCM   0x0020e187    0x6c  Code  Gb  APSMEDE.o [3]
APSME_FrameSecApplyExtCM
                        0x0020e1f3     0x4  Code  Gb  APSMEDE.o [3]
APSME_FrameSecApplyExtHook
                        0x200050dc     0x4  Data  Gb  APSMEDE.o [3]
APSME_FrameSecApplyHook
                        0x200050d8     0x4  Data  Gb  APSMEDE.o [3]
APSME_FrameSecKeySetup  0x0020e011    0x76  Code  Gb  APSMEDE.o [3]
APSME_FrameSecKeySync   0x0020dfaf    0x62  Code  Gb  APSMEDE.o [3]
APSME_FrameSecRemoveCM  0x0020e10b    0x7c  Code  Gb  APSMEDE.o [3]
APSME_FrameSecRemoveHook
                        0x200050e0     0x4  Data  Gb  APSMEDE.o [3]
APSME_FrameSecSetupCM   0x0020e087    0x84  Code  Gb  APSMEDE.o [3]
APSME_FrameSecSetupHook
                        0x200050d4     0x4  Data  Gb  APSMEDE.o [3]
APSME_FrameSecurityRemove
                        0x0020e4b1    0x20  Code  Gb  APSMEDE.o [3]
APSME_GetRequest        0x0020dd37    0x5a  Code  Gb  APSMEDE.o [3]
APSME_HoldDataRequests  0x002077ab    0x2a  Code  Gb  APS.o [3]
APSME_IsDefaultTCLK     0x0020edb5    0x10  Code  Gb  ZDSecMgr.o [1]
APSME_IsDistributedSecurity
                        0x0020e511     0xc  Code  Gb  APSMEDE.o [3]
APSME_LinkKeyLoad       0x0020df31    0x7e  Code  Gb  APSMEDE.o [3]
APSME_LinkKeyNVIdGet    0x0020eac5    0x2a  Code  Gb  ZDSecMgr.o [1]
APSME_LinkKeySync       0x0020de89    0x5e  Code  Gb  APSMEDE.o [3]
APSME_LookupExtAddr     0x0020ddbb    0x3e  Code  Gb  APSMEDE.o [3]
APSME_LookupNwkAddr     0x0020ddf9    0x2e  Code  Gb  APSMEDE.o [3]
APSME_NwkKeyLoad        0x0020dee7    0x4a  Code  Gb  APSMEDE.o [3]
APSME_NwkKeySync        0x0020de5f    0x2a  Code  Gb  APSMEDE.o [3]
APSME_RequestKeyInd     0x0020daef    0x2c  Code  Gb  APSMEDE_CB.o [3]
APSME_SecurityCM_CD     0x0020e4f5    0x18  Code  Gb  APSMEDE.o [3]
APSME_SetRequest        0x0020dd91    0x2a  Code  Gb  APSMEDE.o [3]
APSME_TCLinkKeyInit     0x0020eaf5    0xb6  Code  Gb  ZDSecMgr.o [1]
APSME_TCLinkKeyLoad     0x0020ecb9    0xf4  Code  Gb  ZDSecMgr.o [1]
APSME_TCLinkKeySync     0x0020ebab   0x10e  Code  Gb  ZDSecMgr.o [1]
APSME_UpdateDeviceInd   0x0020dac3    0x2c  Code  Gb  APSMEDE_CB.o [3]
APS_AllowDataRequests   0x2000420f     0x1  Data  Gb  APS.o [3]
APS_CmdInd              0x0020729d    0x60  Code  Gb  APS.o [3]
APS_Counter             0x2000420d     0x1  Data  Gb  APS.o [3]
APS_DataConfirmReflect  0x002073dd    0x18  Code  Lc  APS.o [3]
APS_DataIndReflect      0x002073f5   0x11c  Code  Lc  APS.o [3]
APS_GetBind             0x00207335    0xa8  Code  Lc  APS.o [3]
APS_Init                0x0020726d    0x30  Code  Gb  APS.o [3]
APS_ReReflect           0x002076e7    0x78  Code  Lc  APS.o [3]
APS_Reflect             0x00207517   0x1d0  Code  Lc  APS.o [3]
APS_ReflectorInit       0x00207249    0x24  Code  Gb  APS.o [3]
APS_TaskID              0x2000420c     0x1  Data  Gb  APS.o [3]
APS_UnBind              0x002072fd    0x38  Code  Lc  APS.o [3]
AddrMgrEntryAdd         0x00211565    0x58  Code  Lc  AddrMgr.o [3]
AddrMgrEntryAddRef      0x002116b3    0x3c  Code  Gb  AddrMgr.o [3]
AddrMgrEntryData        0x20005200     0x4  Data  Lc  AddrMgr.o [3]
AddrMgrEntryGet         0x002117a7    0x46  Code  Gb  AddrMgr.o [3]
AddrMgrEntryLookupExt   0x0021174d    0x5a  Code  Gb  AddrMgr.o [3]
AddrMgrEntryLookupNwk   0x002116ef    0x5e  Code  Gb  AddrMgr.o [3]
AddrMgrEntryRelease     0x0021167f    0x34  Code  Gb  AddrMgr.o [3]
AddrMgrEntrySet         0x0021151d    0x48  Code  Lc  AddrMgr.o [3]
AddrMgrEntryTotal       0x200051fc     0x2  Data  Lc  AddrMgr.o [3]
AddrMgrEntryUpdate      0x002117ed   0x124  Code  Gb  AddrMgr.o [3]
AddrMgrEntryValidate    0x002114f9    0x24  Code  Lc  AddrMgr.o [3]
AddrMgrExtAddrEqual     0x0021160f    0x18  Code  Gb  AddrMgr.o [3]
AddrMgrExtAddrLookup    0x00211627    0x28  Code  Gb  AddrMgr.o [3]
AddrMgrExtAddrSet       0x002115e7     0xe  Code  Gb  AddrMgr.o [3]
AddrMgrExtAddrValid     0x002115f5    0x1a  Code  Gb  AddrMgr.o [3]
AddrMgrInit             0x002115bd    0x2a  Code  Gb  AddrMgr.o [3]
AddrMgrIsFull           0x00211911    0x28  Code  Gb  AddrMgr.o [3]
AddrMgrNwkAddrLookup    0x0021164f    0x30  Code  Gb  AddrMgr.o [3]
AddrMgrWriteNVRequest   0x00207e71     0x2  Code  Gb  ZDApp.o [1]
App_TaskID              0x20005326     0x1  Data  Gb  MT_UART.o [1]
ApsLinkKeyFrmCntr       0x20004fec    0x24  Data  Gb  ZDSecMgr.o [1]
AssocCheckDupNeighbors  0x0020b111    0x6a  Code  Gb  AssocList.o [3]
AssocChildAging         0x0020b17b    0x62  Code  Gb  AssocList.o [3]
AssocChildTableUpdateTimeout
                        0x0020b1dd    0x1c  Code  Gb  AssocList.o [3]
AssocCnfFailStr         0x00213ef8    0x10  Data  Gb  nwk_globals.o [1]
AssocCnfStr             0x00213f88     0xc  Data  Gb  nwk_globals.o [1]
AssocCount              0x0020af3b    0x26  Code  Gb  AssocList.o [3]
AssocFindDevice         0x0020b0e7    0x2a  Code  Gb  AssocList.o [3]
AssocGetWithAddress     0x0020aff3    0x74  Code  Gb  AssocList.o [3]
AssocGetWithShort       0x0020afbf    0x34  Code  Gb  AssocList.o [3]
AssocInit               0x0020af39     0x2  Code  Gb  AssocList.o [3]
AssocIsChild            0x0020af67    0x20  Code  Gb  AssocList.o [3]
AssocIsParent           0x0020afa7    0x18  Code  Gb  AssocList.o [3]
AssocIsRFChild          0x0020af87    0x20  Code  Gb  AssocList.o [3]
AssocRemove             0x0020b06d    0x52  Code  Gb  AssocList.o [3]
AssocRspFailStr         0x00213ee8    0x10  Data  Gb  nwk_globals.o [1]
AssociatedDevList       0x200046f8   0x1f8  Data  Gb  nwk_globals.o [1]
BindInitNV              0x0020d601    0x2e  Code  Gb  BindingTable.o [1]
BindRestoreFromNV       0x0020d649    0x46  Code  Gb  BindingTable.o [1]
BindSetDefaultNV        0x0020d631    0x16  Code  Gb  BindingTable.o [1]
BindWriteNV             0x0020d691    0x6e  Code  Gb  BindingTable.o [1]
BindingTable            0x20004ecc    0x38  Data  Gb  nwk_globals.o [1]
BuzzerControl           0x00204753     0x2  Code  Gb  OnBoard.o [1]
CCMAuthEncryptCheckResult
                        0x00213021    0x16  Code  Gb  ccm.o [9]
CCMAuthEncryptGetResult
                        0x00213039    0x88  Code  Gb  ccm.o [9]
CCMAuthEncryptStart     0x00212f05   0x11c  Code  Gb  ccm.o [9]
CCMInvAuthDecryptCheckResult
                        0x002131d5     0x2  Code  Gb  ccm.o [9]
CCMInvAuthDecryptGetResult
                        0x002131d9    0xae  Code  Gb  ccm.o [9]
CCMInvAuthDecryptStart  0x002130c1   0x114  Code  Gb  ccm.o [9]
CPUcpsid                0x00204b65     0x8  Code  Gb  cpu.o [9]
CPUcpsie                0x00204b6d     0x8  Code  Gb  cpu.o [9]
CskipChldrn             0x2000532c     0x1  Data  Gb  nwk_globals.o [1]
CskipRtrs               0x2000532b     0x1  Data  Gb  nwk_globals.o [1]
EnergyLevelStr          0x00213f08    0x10  Data  Gb  nwk_globals.o [1]
FSC_Token               0x20005329     0x1  Data  Gb  MT_UART.o [1]
FailedStr               0x00213ff0     0x8  Data  Gb  nwk_globals.o [1]
FaultISR                0x00213d57     0x2  Code  Lc  startup_ewarm.o [1]
FlashCacheModeSet       0x00213361    0x12  Code  Gb  flash.o [9]
FlashMainPageErase      0x00213341    0x10  Code  Gb  flash.o [9]
GPIODirModeSet          0x0020699f    0x28  Code  Gb  gpio.o [9]
GPIOGetIntNumber        0x00206971    0x2e  Code  Gb  gpio.o [9]
GPIOIntTypeSet          0x002069c7    0x38  Code  Gb  gpio.o [9]
GPIOIntWakeupDisable    0x00206b0d     0xc  Code  Gb  gpio.o [9]
GPIOIntWakeupEnable     0x00206b03     0xa  Code  Gb  gpio.o [9]
GPIOPinIntClear         0x00206a29     0x6  Code  Gb  gpio.o [9]
GPIOPinIntDisable       0x00206a0b     0xe  Code  Gb  gpio.o [9]
GPIOPinIntEnable        0x002069ff     0xc  Code  Gb  gpio.o [9]
GPIOPinIntStatus        0x00206a19    0x10  Code  Gb  gpio.o [9]
GPIOPinRead             0x00206a49     0x6  Code  Gb  gpio.o [9]
GPIOPinTypeGPIOInput    0x00206a55     0xa  Code  Gb  gpio.o [9]
GPIOPinTypeGPIOOutput   0x00206a5f     0xa  Code  Gb  gpio.o [9]
GPIOPinTypeSSI          0x00206a69     0x2  Code  Gb  gpio.o [9]
GPIOPinTypeUARTInput    0x00206a83     0x4  Code  Gb  gpio.o [9]
GPIOPinTypeUARTOutput   0x00206a87    0x1a  Code  Gb  gpio.o [9]
GPIOPinWrite            0x00206a4f     0x6  Code  Gb  gpio.o [9]
GPIOPortIntRegister     0x00206a2f    0x1a  Code  Gb  gpio.o [9]
GPIOPowIntClear         0x00206ad7    0x22  Code  Gb  gpio.o [9]
GPIOPowIntTypeSet       0x00206aa1    0x36  Code  Gb  gpio.o [9]
GetBindingTableEntry    0x0020d851    0x4a  Code  Gb  BindingTable.o [1]
HalAdcCheckVdd          0x00212b89    0x22  Code  Gb  hal_adc.o [1]
HalAdcRead              0x00212b81     0x8  Code  Gb  hal_adc.o [1]
HalAesInit              0x0020c589    0x1a  Code  Gb  hal_aes.o [1]
HalDriverInit           0x002071b3    0x18  Code  Gb  hal_drivers.o [1]
HalKeyConfig            0x00206c8b    0x6a  Code  Gb  hal_key.o [1]
HalKeyInit              0x00206c01     0xe  Code  Gb  hal_key.o [1]
HalKeyRead              0x00206cf5    0x20  Code  Gb  hal_key.o [1]
HalLcdInit              0x0020c5e5     0xe  Code  Gb  hal_lcd.o [1]
HalLcdWriteScreen       0x0020c62f    0x18  Code  Gb  hal_lcd.o [1]
HalLcdWriteString       0x0020c5f3    0x18  Code  Gb  hal_lcd.o [1]
HalLcdWriteStringValue  0x0020c647    0x5a  Code  Gb  hal_lcd.o [1]
HalLcdWriteValue        0x0020c60b    0x24  Code  Gb  hal_lcd.o [1]
HalLcd_HW_WriteLine     0x0020c6a1    0x4c  Code  Gb  hal_lcd.o [1]
HalLedBlink             0x0020c79d    0xd2  Code  Gb  hal_led.o [1]
HalLedInit              0x0020c6f9    0x16  Code  Gb  hal_led.o [1]
HalLedOnOff             0x0020c86f    0xa8  Code  Gb  hal_led.o [1]
HalLedSet               0x0020c70f    0x8e  Code  Gb  hal_led.o [1]
HalLedState             0x20005304     0x1  Data  Lc  hal_led.o [1]
HalLedStatusControl     0x20004f3c    0x34  Data  Lc  hal_led.o [1]
HalUARTClose            0x0020cd6b     0xe  Code  Gb  hal_uart.o [1]
HalUARTCloseIsr         0x0020cac7    0x28  Code  Gb  hal_uart.o [1]
HalUARTInit             0x0020cd51     0x8  Code  Gb  hal_uart.o [1]
HalUARTInitIsr          0x0020c92d    0x3e  Code  Gb  hal_uart.o [1]
HalUARTOpen             0x0020cd59    0x12  Code  Gb  hal_uart.o [1]
HalUARTOpenIsr          0x0020c96b   0x15c  Code  Gb  hal_uart.o [1]
HalUARTRead             0x0020cd79    0x18  Code  Gb  hal_uart.o [1]
HalUARTReadIsr          0x0020caef    0x70  Code  Gb  hal_uart.o [1]
HalUARTWrite            0x0020cd91    0x18  Code  Gb  hal_uart.o [1]
HalUARTWriteIsr         0x0020cb5f    0xc8  Code  Gb  hal_uart.o [1]
Hal_Init                0x002071ad     0x6  Code  Gb  hal_drivers.o [1]
Hal_KeyIntEnable        0x20005303     0x1  Data  Gb  hal_key.o [1]
Hal_TaskID              0x20005300     0x1  Data  Gb  hal_drivers.o [1]
Hal_UART_RxBufLen       0x0020cda9     0xe  Code  Gb  hal_uart.o [1]
Hal_UART_RxBufLenIsr    0x0020cc27    0x22  Code  Gb  hal_uart.o [1]
IOCPadConfigSet         0x0020a79b    0x68  Code  Gb  ioc.o [9]
IOCPinConfigPeriphInput
                        0x0020a6a1    0xfa  Code  Gb  ioc.o [9]
IOCPinConfigPeriphOutput
                        0x0020a639    0x68  Code  Gb  ioc.o [9]
InStream_Read           0x002139cd    0x22  Code  Lc  packbits_init.o [8]
InitBindingTable        0x0020d015    0x6c  Code  Gb  BindingTable.o [1]
InitBoard               0x00204645    0x3a  Code  Gb  OnBoard.o [1]
IntAltMapEnable         0x0020320d     0xc  Code  Gb  interrupt.o [9]
IntDefaultHandler       0x00213d59     0x2  Code  Lc  startup_ewarm.o [1]
IntDisable              0x00203179    0x58  Code  Gb  interrupt.o [9]
IntEnable               0x00203121    0x58  Code  Gb  interrupt.o [9]
IntMasterDisable        0x002030c9     0x6  Code  Gb  interrupt.o [9]
IntMasterEnable         0x002030c1     0x8  Code  Gb  interrupt.o [9]
IntPendClear            0x002031d1    0x3c  Code  Gb  interrupt.o [9]
IntPrioritySet          0x002030fd    0x24  Code  Gb  interrupt.o [9]
IntRegister             0x002030d7    0x26  Code  Gb  interrupt.o [9]
LEN_Token               0x20005328     0x1  Data  Gb  MT_UART.o [1]
MAC_CbackCheckPending   0x002036e5     0x8  Code  Gb  zmac_cb.o [1]
MAC_CbackEvent          0x00203481   0x264  Code  Gb  zmac_cb.o [1]
MAC_CbackQueryRetransmit
                        0x002036ed     0x4  Code  Gb  zmac_cb.o [1]
MAC_Init                0x0020213d    0x1e  Code  Gb  mac_beacon.o [4]
MAC_InitCoord           0x002009c9    0x38  Code  Gb  mac_beacon.o [4]
MAC_InitDevice          0x002016df    0x2c  Code  Gb  mac_beacon.o [4]
MAC_McpsDataAlloc       0x00201145    0x1a  Code  Gb  mac_beacon.o [4]
MAC_McpsDataReq         0x00201035   0x10c  Code  Gb  mac_beacon.o [4]
MAC_MlmeGetReq          0x00203a93    0x52  Code  Gb  mac_pib.o [1]
MAC_MlmeResetReq        0x00202085    0xb0  Code  Gb  mac_beacon.o [4]
MAC_MlmeScanReq         0x002024cb     0x8  Code  Gb  mac_beacon.o [4]
MAC_MlmeSetReq          0x00203ae5   0x150  Code  Gb  mac_pib.o [1]
MAC_MlmeStartReq        0x00200a99     0x8  Code  Gb  mac_beacon.o [4]
MAC_SrcMatchAckAllPending
                        0x0020a12f    0x2e  Code  Gb  mac_autopend.o [1]
MAC_SrcMatchAddEntry    0x0020a03b    0xb4  Code  Gb  mac_autopend.o [1]
MAC_SrcMatchCheckAllPending
                        0x0020a15d    0x10  Code  Gb  mac_autopend.o [1]
MAC_SrcMatchCheckResult
                        0x0020a16d    0x1c  Code  Gb  mac_autopend.o [1]
MAC_SrcMatchDeleteEntry
                        0x0020a0ef    0x40  Code  Gb  mac_autopend.o [1]
MAC_SrcMatchEnable      0x00209fe9    0x52  Code  Gb  mac_autopend.o [1]
MTVersionString         0x00213fc8     0x8  Data  Gb  MT_VERSION.o [1]
MT_BuildAndSendZToolResponse
                        0x00212bb9    0x44  Code  Gb  MT.o [1]
MT_SysAdcRead           0x0021116d    0x86  Code  Gb  MT_SYS.o [1]
MT_SysCommandProcessing
                        0x00210c5d    0xee  Code  Gb  MT_SYS.o [1]
MT_SysGetExtAddr        0x00210ddb    0x1a  Code  Gb  MT_SYS.o [1]
MT_SysGetUtcTime        0x0021140b    0x86  Code  Gb  MT_SYS.o [1]
MT_SysGpio              0x002111f3    0xa8  Code  Gb  MT_SYS.o [1]
MT_SysOsalEventId       0x00213fc0     0x8  Data  Gb  MT_SYS.o [1]
MT_SysOsalNVDelete      0x0021102f    0x3a  Code  Gb  MT_SYS.o [1]
MT_SysOsalNVItemInit    0x00210fad    0x82  Code  Gb  MT_SYS.o [1]
MT_SysOsalNVLength      0x00211069    0x38  Code  Gb  MT_SYS.o [1]
MT_SysOsalNVRead        0x00210df5   0x142  Code  Gb  MT_SYS.o [1]
MT_SysOsalNVWrite       0x00210f37    0x76  Code  Gb  MT_SYS.o [1]
MT_SysOsalStartTimer    0x002110a1    0x58  Code  Gb  MT_SYS.o [1]
MT_SysOsalStopTimer     0x002110f9    0x4e  Code  Gb  MT_SYS.o [1]
MT_SysPing              0x00210d61    0x26  Code  Gb  MT_SYS.o [1]
MT_SysRandom            0x00211147    0x26  Code  Gb  MT_SYS.o [1]
MT_SysReset             0x00210d4b    0x16  Code  Gb  MT_SYS.o [1]
MT_SysSetExtAddr        0x00210d9f    0x3c  Code  Gb  MT_SYS.o [1]
MT_SysSetTxPower        0x00211491    0x30  Code  Gb  MT_SYS.o [1]
MT_SysSetUtcTime        0x002112fd   0x10e  Code  Gb  MT_SYS.o [1]
MT_SysStackTune         0x0021129b    0x62  Code  Gb  MT_SYS.o [1]
MT_SysVersion           0x00210d87    0x18  Code  Gb  MT_SYS.o [1]
MT_TaskID               0x20005325     0x1  Data  Gb  MT_TASK.o [1]
MT_TaskInit             0x002071d1    0x20  Code  Gb  MT_TASK.o [1]
MT_TransportAlloc       0x002071f5    0x20  Code  Gb  MT_TASK.o [1]
MT_TransportSend        0x00207215    0x34  Code  Gb  MT_TASK.o [1]
MT_UartCalcFCS          0x0020ce0b    0x24  Code  Gb  MT_UART.o [1]
MT_UartInit             0x0020cdb9    0x4c  Code  Gb  MT_UART.o [1]
MT_UartProcessZToolData
                        0x0020ce31   0x1ca  Code  Gb  MT_UART.o [1]
MT_UartRegisterTaskID   0x0020ce05     0x6  Code  Gb  MT_UART.o [1]
NIB_init                0x0020acd7   0x120  Code  Gb  nwk_globals.o [1]
NLDE_BuildMsg           0x00208bb5   0x124  Code  Lc  nwk_util.o [3]
NLDE_BuildSrcRtgFrame   0x00208cd9    0x4a  Code  Gb  nwk_util.o [3]
NLDE_DataIndSend        0x00208ab3    0x54  Code  Gb  nwk_util.o [3]
NLDE_DataIndication     0x0020c3dd   0x14e  Code  Gb  NLMEDE_CB.o [3]
NLDE_DataReq            0x00211955    0x5c  Code  Gb  NLMEDE.o [3]
NLDE_DataReqAlloc       0x002119b1    0x40  Code  Gb  NLMEDE.o [3]
NLDE_DataReqSend        0x002088d9   0x1d4  Code  Gb  nwk_util.o [3]
NLDE_FrameDataLoad      0x0020de27    0x38  Code  Gb  APSMEDE.o [3]
NLDE_GetHandle          0x00208e93    0x1e  Code  Gb  nwk_util.o [3]
NLDE_ParseFrameControl  0x00208e27    0x3e  Code  Gb  nwk_util.o [3]
NLDE_ParseMsg           0x00208d23   0x104  Code  Gb  nwk_util.o [3]
NLDE_SendMsg            0x00208b07    0xae  Code  Gb  nwk_util.o [3]
NLME_AddressConflictAssignNewStochastic
                        0x00209061    0x2a  Code  Gb  nwk_util.o [3]
NLME_AssocPermission    0x200042f7     0x1  Data  Gb  NLMEDE.o [3]
NLME_CmdDataReqAlloc    0x00208fa9    0x3a  Code  Gb  nwk_util.o [3]
NLME_CoordStartPANIDConflictCB
                        0x0020c585     0x4  Code  Gb  NLMEDE_CB.o [3]
NLME_CoordinatorInit    0x0021193d    0x18  Code  Gb  NLMEDE.o [3]
NLME_EDScanConfirm      0x0020c555    0x1c  Code  Gb  NLMEDE_CB.o [3]
NLME_GetCoordExtAddr    0x00208e8b     0x8  Code  Gb  nwk_util.o [3]
NLME_GetCoordShortAddr  0x00208e83     0x8  Code  Gb  nwk_util.o [3]
NLME_GetEnergyThreshold
                        0x00208feb     0x8  Code  Gb  nwk_util.o [3]
NLME_GetExtAddr         0x00208e65    0x16  Code  Gb  nwk_util.o [3]
NLME_GetProtocolVersion
                        0x00208fe3     0x8  Code  Gb  nwk_util.o [3]
NLME_GetShortAddr       0x00208e7b     0x8  Code  Gb  nwk_util.o [3]
NLME_InitLinkStatus     0x0020918d    0x18  Code  Gb  nwk_util.o [3]
NLME_InitStochasticAddressing
                        0x00211a65    0x1e  Code  Gb  NLMEDE.o [3]
NLME_IsAddressBroadcast
                        0x0020900b    0x3e  Code  Gb  nwk_util.o [3]
NLME_LeaveCmdSendDirectly
                        0x00209ab5   0x174  Code  Gb  nwk_util.o [3]
NLME_NetworkFormationConfirm
                        0x0020c531     0x4  Code  Gb  NLMEDE_CB.o [3]
NLME_NwkDiscTerm        0x002119f1    0x1e  Code  Gb  NLMEDE.o [3]
NLME_PermitJoining      0x200042d0     0x1  Data  Gb  NLMEDE.o [3]
NLME_PermitJoiningDuration
                        0x200042d1     0x1  Data  Lc  NLMEDE.o [3]
NLME_PermitJoiningRequest
                        0x00211a0f    0x1c  Code  Gb  NLMEDE.o [3]
NLME_PermitJoiningSet   0x00211a2b    0x3a  Code  Lc  NLMEDE.o [3]
NLME_ProcessLinkStatus  0x002094dd   0x178  Code  Gb  nwk_util.o [3]
NLME_ReadNwkKeyInfo     0x00209a57    0x22  Code  Gb  nwk_util.o [3]
NLME_RouteDiscoveryIndication
                        0x0020c535    0x20  Code  Gb  NLMEDE_CB.o [3]
NLME_RouteDiscoveryRequest
                        0x0020b295   0x126  Code  Gb  rtg.o [3]
NLME_ScanFields         0x200052ec     0x4  Data  Gb  NLMEDE.o [3]
NLME_SendLinkStatus     0x00209473    0x68  Code  Gb  nwk_util.o [3]
NLME_SendNetworkStatus  0x002090a1    0x50  Code  Gb  nwk_util.o [3]
NLME_SetAssocFlags      0x00208eb1    0xe8  Code  Gb  nwk_util.o [3]
NLME_SetBroadcastFilter
                        0x00208ff3    0x18  Code  Gb  nwk_util.o [3]
NLME_SetLinkStatusTimer
                        0x002091c9    0x36  Code  Gb  nwk_util.o [3]
NLME_UpdateLinkStatus   0x002091a5    0x24  Code  Gb  nwk_util.o [3]
NWK_TaskID              0x200052fc     0x1  Data  Gb  nwk.o [3]
NetworkIDStr            0x00213f94     0xc  Data  Gb  nwk_globals.o [1]
NmiSR                   0x00213d55     0x2  Code  Lc  startup_ewarm.o [1]
NwkDescList             0x20004c64     0x4  Data  Gb  nwk.o [3]
NwkFreqAgilityIncErrorCnt
                        0x002099c9    0x6c  Code  Lc  nwk_util.o [3]
NwkFreqAgilityIncTotalTx
                        0x002099a9    0x1c  Code  Lc  nwk_util.o [3]
NwkFreqAgilityInit      0x0020996f    0x18  Code  Gb  nwk_util.o [3]
NwkFreqAgilityScanCfg   0x00209989    0x20  Code  Lc  nwk_util.o [3]
NwkInitChildAging       0x00209a79    0x32  Code  Gb  nwk_util.o [3]
NwkNotMyChildListAdd    0x00209c91    0x7e  Code  Gb  nwk_util.o [3]
NwkNotMyChildListAging  0x00209c45    0x4a  Code  Gb  nwk_util.o [3]
NwkNotMyChildListDelete
                        0x00209d11    0x52  Code  Gb  nwk_util.o [3]
NwkNotMyChildListInit   0x00209c29    0x1c  Code  Gb  nwk_util.o [3]
NwkNotMyChildSendLeave  0x00209db5    0x26  Code  Gb  nwk_util.o [3]
OSAL_timeSeconds        0x20005268     0x4  Data  Gb  OSAL_Clock.o [1]
OnBoard_KeyCallback     0x002046c9    0x18  Code  Gb  OnBoard.o [1]
OnBoard_SendKeys        0x00204695    0x34  Code  Gb  OnBoard.o [1]
OnboardKeyIntEnable     0x2000532d     0x1  Data  Gb  OnBoard.o [1]
Onboard_rand            0x0020474b     0x8  Code  Gb  OnBoard.o [1]
OrphanRspStr            0x00213ed8    0x10  Data  Gb  nwk_globals.o [1]
ParentStr               0x00213fd8     0x8  Data  Gb  nwk_globals.o [1]
PortCPortAIsr           0x00213d4d     0x8  Code  Lc  startup_ewarm.o [1]
RTG_AddRtgEntry         0x0020b59d   0x15c  Code  Lc  rtg.o [3]
RTG_BcastAdd            0x0020b955   0x16e  Code  Gb  rtg.o [3]
RTG_BcastDel            0x0020bac5    0x2a  Code  Gb  rtg.o [3]
RTG_CheckRtStatus       0x0020bba1    0xb0  Code  Gb  rtg.o [3]
RTG_ChildGetNextHop     0x0020b3c1    0x1a  Code  Gb  rtg.o [3]
RTG_DeAllocStochasticAddress
                        0x0020b563     0x4  Code  Gb  rtg.o [3]
RTG_GetRoutingAddress   0x0020bc55    0x34  Code  Lc  rtg.o [3]
RTG_GetRtDiscEntry      0x0020baf5    0x2e  Code  Lc  rtg.o [3]
RTG_GetRtgEntry         0x0020bb23    0x72  Code  Gb  rtg.o [3]
RTG_GetRtgSrcEntry      0x0020b705    0x2e  Code  Gb  rtg.o [3]
RTG_GetRtgSrcIndex      0x0020b735    0x5e  Code  Lc  rtg.o [3]
RTG_GetStochastic       0x0020b51b    0x48  Code  Gb  rtg.o [3]
RTG_Init                0x0020b219    0x7c  Code  Gb  rtg.o [3]
RTG_ProcessRtDiscBits   0x0020bc8d    0xe2  Code  Gb  rtg.o [3]
RTG_RemoveRtgEntry      0x0020b8a5    0x28  Code  Gb  rtg.o [3]
RTG_RouteMaintanence    0x0020b3db    0xe2  Code  Gb  rtg.o [3]
RTG_RtgRecordInitiation
                        0x0020b79d   0x108  Code  Gb  rtg.o [3]
RTG_SendBrokenRoute     0x0020bd75    0x4e  Code  Gb  rtg.o [3]
RTG_SendRErr            0x0020b4bd    0x5e  Code  Gb  rtg.o [3]
RTG_UpdateRtDiscEntry   0x0020b8d1    0x76  Code  Lc  rtg.o [3]
RTG_initRtgTable        0x0020bdf5    0x28  Code  Gb  rtg.o [3]
RTG_nextHopIsBad        0x0020bdc3    0x32  Code  Gb  rtg.o [3]
Region$$Table$$Base     0x00213de4           --   Gb  - Linker created -
Region$$Table$$Limit    0x00213e18           --   Gb  - Linker created -
RegisterForKeys         0x0020467f    0x16  Code  Gb  OnBoard.o [1]
ResetIsr                0x00213d19    0x22  Code  Lc  startup_ewarm.o [1]
RouterStr               0x00213fe0     0x8  Data  Gb  nwk_globals.o [1]
SSIBusy                 0x0021332f     0xa  Code  Gb  ssi.o [9]
SSIClockSourceSet       0x00213339     0x6  Code  Gb  ssi.o [9]
SSIConfigSetExpClk      0x002132b5    0x46  Code  Gb  ssi.o [9]
SSIDataGetNonBlocking   0x0021331d    0x12  Code  Gb  ssi.o [9]
SSIDataPut              0x00213313     0xa  Code  Gb  ssi.o [9]
SSIDisable              0x00213307     0xc  Code  Gb  ssi.o [9]
SSIEnable               0x002132fb     0xc  Code  Gb  ssi.o [9]
SSP_BuildAuxHdr2        0x0020bf25    0x44  Code  Gb  ssp.o [3]
SSP_BuildNonce          0x0020c0e5    0x1e  Code  Gb  ssp.o [3]
SSP_CCM_Auth_Encrypt    0x002120cd    0x80  Code  Gb  hal_ccm.o [1]
SSP_CCM_InvAuth_Decrypt
                        0x0021214d    0x82  Code  Gb  hal_ccm.o [1]
SSP_GetMicLen           0x0020c3b1     0xe  Code  Gb  ssp.o [3]
SSP_GetMicLenHook       0x20005210     0x4  Data  Lc  ssp.o [3]
SSP_GetMicLenProc       0x0020c105    0x10  Code  Gb  ssp.o [3]
SSP_GetNwkKey           0x0020c115    0x52  Code  Gb  ssp.o [3]
SSP_Init                0x0020beb1    0x12  Code  Gb  ssp.o [3]
SSP_KeyedHash           0x00211e19    0xa4  Code  Gb  ssp_hash.o [3]
SSP_NwkSecurity         0x0020c39f    0x12  Code  Gb  ssp.o [3]
SSP_NwkSecurityHook     0x2000520c     0x4  Data  Lc  ssp.o [3]
SSP_NwkSecurityProc     0x0020c169   0x144  Code  Gb  ssp.o [3]
SSP_ParseAuxHdr         0x0020bec3    0x62  Code  Gb  ssp.o [3]
SSP_Process             0x0020bf69    0xac  Code  Gb  ssp.o [3]
SSP_SwitchNwkKey        0x0020c043    0xa2  Code  Gb  ssp.o [3]
SSP_UpdateNwkKey        0x0020c015    0x2e  Code  Gb  ssp.o [3]
ScanFailedStr           0x00213fa0     0xc  Data  Gb  nwk_globals.o [1]
SentStr                 0x00213fe8     0x8  Data  Gb  nwk_globals.o [1]
SuccessStr              0x00213fd0     0x8  Data  Gb  nwk_globals.o [1]
SysCtrlClockGet         0x0020a4a1    0x2c  Code  Gb  sys_ctrl.o [9]
SysCtrlClockSet         0x0020a455    0x4c  Code  Gb  sys_ctrl.o [9]
SysCtrlClockStartSetting
                        0x0020694d    0x18  Code  Gb  hal_sys_ctrl.o [1]
SysCtrlDeepSleepSetting
                        0x002068a1    0x5c  Code  Gb  hal_sys_ctrl.o [1]
SysCtrlDelay            0x0020a519     0x8  Code  Gb  sys_ctrl.o [9]
SysCtrlIOClockGet       0x0020a4cd    0x2e  Code  Gb  sys_ctrl.o [9]
SysCtrlPeripheralDeepSleepDisable
                        0x0020a5a5     0x6  Code  Gb  sys_ctrl.o [9]
SysCtrlPeripheralEnable
                        0x0020a565     0x6  Code  Gb  sys_ctrl.o [9]
SysCtrlPeripheralReset  0x0020a529    0x3c  Code  Gb  sys_ctrl.o [9]
[...]
pNwkNotMyChildListAging
                        0x20005098     0x4  Data  Gb  nwk_util.o [3]
pNwkNotMyChildListDelete
                        0x200050a0     0x4  Data  Gb  nwk_util.o [3]
pNwkNotMyChildListInit  0x20005094     0x4  Data  Gb  nwk_util.o [3]
pNwkNotMyChildSendLeave
                        0x200050a4     0x4  Data  Gb  nwk_util.o [3]
pRTG_CalcAddress        0x200052cc     0x4  Data  Gb  rtg.o [3]
pRTG_DeAllocAddress     0x200052d4     0x4  Data  Gb  rtg.o [3]
pRTG_FinishGetNextHop   0x200052c8     0x4  Data  Gb  rtg.o [3]
pRTG_GetTreeRoute       0x200052d0     0x4  Data  Gb  rtg.o [3]
pRandomSeedCB           0x2000524c     0x4  Data  Lc  mac_mcu.o [1]
pRxBuf                  0x20005254     0x4  Data  Lc  mac_rx.o [1]
pSspAesEncrypt          0x20005234     0x4  Data  Gb  hal_aes.o [1]
pZDNwkMgr_EDScanConfirmCB
                        0x200052a4     0x4  Data  Gb  ZDNwkMgr.o [1]
pZDNwkMgr_ProcessDataConfirm
                        0x200052a0     0x4  Data  Gb  ZDNwkMgr.o [1]
pZDNwkMgr_ReportChannelInterference
                        0x2000529c     0x4  Data  Gb  ZDNwkMgr.o [1]
pZMac_AppCallback       0x200052bc     0x4  Data  Gb  zmac_cb.o [1]
pbindAddEntry           0x20005218     0x4  Data  Gb  BindingTable.o [1]
pbindNumOfEntries       0x2000521c     0x4  Data  Gb  BindingTable.o [1]
pbindRemoveDev          0x20005220     0x4  Data  Gb  BindingTable.o [1]
pfnPortAIsr             0x20004c68    0x20  Data  Lc  io_pin_int.o [5]
pfnPortBIsr             0x20004c88    0x20  Data  Lc  io_pin_int.o [5]
pfnPortCIsr             0x20004ca8    0x20  Data  Lc  io_pin_int.o [5]
pfnPortDIsr             0x20005050    0x20  Data  Lc  io_pin_int.o [5]
pfnPreProcessDataReq    0x200052c0     0x4  Data  Lc  APSMEDE.o [3]
pgLost                  0x20005164     0xc  Data  Lc  osal_nv.o [1]
pgOff                   0x20005158     0xc  Data  Lc  osal_nv.o [1]
pgRes                   0x2000532f     0x1  Data  Lc  osal_nv.o [1]
plugins                 0x2000527c     0x4  Data  Lc  zcl.o [1]
pnwk_AssignNewAddr      0x20004288     0x4  Data  Gb  nwk_util.o [3]
pnwk_ScanPANChanSelect  0x200051b8     0x4  Data  Gb  NLMEDE.o [3]
pnwk_ScanPANChanVerify  0x200051bc     0x4  Data  Gb  NLMEDE.o [3]
preBlinkState           0x20005305     0x1  Data  Lc  hal_led.o [1]
procRx                  0x0020cc83    0x48  Code  Lc  hal_uart.o [1]
procTx                  0x0020cccb    0x3e  Code  Lc  hal_uart.o [1]
pulStack                0x20006b58   0x800  Data  Lc  startup_ewarm.o [1]
pwrmgr_attribute        0x200051d4     0x8  Data  Gb  OSAL_PwrMgr.o [1]
radioComputeED          0x00203a03    0x32  Code  Lc  mac_radio.o [1]
rawAFMsg                0x20005288     0x4  Data  Lc  zcl.o [1]
readHdr                 0x0020f997    0x2c  Code  Lc  osal_nv.o [1]
readPgHdr               0x0020f9c3    0x2c  Code  Lc  osal_nv.o [1]
recRst                  0x0020cc49    0x3a  Code  Lc  hal_uart.o [1]
reflectID               0x200042a1     0x1  Data  Lc  reflecttrack.o [3]
reflectMAXEntries       0x200042a0     0x1  Data  Lc  reflecttrack.o [3]
reflectMAXIndirects     0x200042d3     0x1  Data  Lc  reflecttrack.o [3]
reflectMAXSimultaneous  0x200042d2     0x1  Data  Lc  reflecttrack.o [3]
reflectTrack_AddNewEntry
                        0x0020d953    0x66  Code  Gb  reflecttrack.o [3]
reflectTrack_FindHandle
                        0x0020d9b9    0x2a  Code  Gb  reflecttrack.o [3]
reflectTrack_GetNewEntry
                        0x0020d929    0x2a  Code  Gb  reflecttrack.o [3]
reflectTrack_RemoveEntryNotify
                        0x0020775f    0x4c  Code  Gb  APS.o [3]
reflectTrack_UpdateOption
                        0x0020d9e3    0x2e  Code  Gb  reflecttrack.o [3]
reflectTrackingHdr      0x200042a4     0x4  Data  Lc  reflecttrack.o [3]
reflectTracking_GetMaxIndirectAdjusted
                        0x0020d8fd    0x2c  Code  Gb  reflecttrack.o [3]
reflectTracking_GetMaxSimultaneousAdjusted
                        0x0020d8d1    0x2c  Code  Gb  reflecttrack.o [3]
registeredKeysTaskID    0x200042d6     0x1  Data  Lc  OnBoard.o [1]
reqChannel              0x2000530d     0x1  Data  Lc  mac_radio.o [1]
reqTxPower              0x2000530e     0x1  Data  Lc  mac_radio.o [1]
rreqCounter             0x20005355     0x1  Data  Gb  rtg.o [3]
rtDiscTable             0x20004d98    0x50  Data  Gb  nwk_globals.o [1]
rtgIsValidNeighbor      0x0020be1d    0x48  Code  Lc  rtg.o [3]
rtgSrcRelayList         0x200050a8    0x18  Data  Gb  nwk_globals.o [1]
rtgSrcTable             0x20004cd8    0x60  Data  Gb  nwk_globals.o [1]
rtgTable                0x20004ab0   0x140  Data  Gb  nwk_globals.o [1]
rxAddrIsr               0x00205d79    0xe4  Code  Lc  mac_rx.o [1]
rxBuf                   0x20005258     0x4  Data  Lc  mac_rx.o [1]
rxDiscardFrame          0x00206045    0x46  Code  Lc  mac_rx.o [1]
rxDiscardIsr            0x0020608d    0x54  Code  Lc  mac_rx.o [1]
rxDone                  0x00205fed    0x32  Code  Lc  mac_rx.o [1]
rxFcsIsr                0x00205ed5   0x118  Code  Lc  mac_rx.o [1]
rxFifoOverflowCount     0x20005319     0x1  Data  Lc  mac_rx.o [1]
rxFilter                0x20005315     0x1  Data  Lc  mac_rx.o [1]
rxHaltCleanupFinalStep  0x002057c9    0x98  Code  Lc  mac_rx.o [1]
rxIsrActiveFlag         0x20005317     0x1  Data  Lc  mac_rx.o [1]
rxNextLen               0x20005313     0x1  Data  Lc  mac_rx.o [1]
rxPayloadIsr            0x00205e9d    0x36  Code  Lc  mac_rx.o [1]
rxPayloadLen            0x20005314     0x1  Data  Lc  mac_rx.o [1]
rxPostRxUpdates         0x00206035    0x10  Code  Lc  mac_rx.o [1]
rxPrepPayload           0x00205e5d    0x3e  Code  Lc  mac_rx.o [1]
rxPromiscuousMode       0x20005316     0x1  Data  Lc  mac_rx.o [1]
rxResetFlag             0x20005318     0x1  Data  Lc  mac_rx.o [1]
rxStartIsr              0x0020589d   0x4dc  Code  Lc  mac_rx.o [1]
rxUnreadLen             0x20005312     0x1  Data  Lc  mac_rx.o [1]
sAddrCmp                0x00202ff9    0x48  Code  Gb  saddr.o [1]
sAddrCpy                0x00203041    0x20  Code  Gb  saddr.o [1]
sAddrExtCmp             0x00203061    0x2c  Code  Gb  saddr.o [1]
sAddrExtCpy             0x0020308d    0x12  Code  Gb  saddr.o [1]
sDeviceName             0x00213f78    0x10  Data  Gb  zcl_samplesw.o [1]
s_bcMask                0x20005353     0x1  Data  Lc  nwk_util.o [3]
sampleSw_TestEp         0x20004264    0x10  Data  Lc  zcl_samplesw.o [1]
saveExtAddr             0x2000428c     0x8  Data  Gb  nwk_util.o [3]
setItem                 0x0020f883    0x88  Code  Lc  osal_nv.o [1]
sspAesEncryptHW         0x0020c5bd    0x26  Code  Gb  hal_aes.o [1]
sspMMOHash              0x00211ebd   0x1b6  Code  Gb  ssp_hash.o [3]
ssp_HW_KeyInit          0x0020c5ad     0xe  Code  Gb  hal_aes.o [1]
state                   0x20005327     0x1  Data  Gb  MT_UART.o [1]
strcat                  0x00204799    0x1c  Code  Gb  strcat.o [6]
strlen                  0x002045f1          Code  Gb  strlen.o [8]
tasksCnt                0x00214031     0x1  Data  Gb  OSAL_SampleSw.o [1]
tasksEvents             0x20005270     0x4  Data  Gb  OSAL_SampleSw.o [1]
tempDataLen             0x2000532a     0x1  Data  Gb  MT_UART.o [1]
theHeap                 0x20005358  0x1800  Data  Lc  OSAL_Memory.o [1]
timeMSec                0x20005264     0x4  Data  Lc  OSAL_Clock.o [1]
timerAlignedQ           0x200041cc     0x4  Data  Gb  mac_beacon.o [4]
timerHead               0x20005274     0x4  Data  Gb  OSAL_Timers.o [1]
timerUnalignedQ         0x200041c8     0x4  Data  Gb  mac_beacon.o [4]
txAckReq                0x20005323     0x1  Data  Lc  mac_tx.o [1]
txComplete              0x0020405d    0x26  Code  Lc  mac_tx.o [1]
txCsmaGo                0x00203e61    0x2c  Code  Lc  mac_tx.o [1]
txCsmaPrep              0x00203dd1    0x2c  Code  Lc  mac_tx.o [1]
txGo                    0x00203e2b    0x36  Code  Lc  mac_tx.o [1]
txGreenPowerPrep        0x00203dfd    0x2e  Code  Lc  mac_tx.o [1]
txMT                    0x20005306     0x1  Data  Lc  hal_uart.o [1]
txRetransmitFlag        0x20005324     0x1  Data  Lc  mac_tx.o [1]
txSeqn                  0x20005322     0x1  Data  Lc  mac_tx.o [1]
uartRecord              0x20004f70    0x2c  Data  Lc  hal_uart.o [1]
ui8BspKeyMode           0x2000502c     0x4  Data  Lc  bsp_key.o [5]
ui8PortAPinHasIsr       0x20004cc8     0x4  Data  Lc  io_pin_int.o [5]
ui8PortBPinHasIsr       0x20004ccc     0x4  Data  Lc  io_pin_int.o [5]
ui8PortCPinHasIsr       0x20004cd0     0x4  Data  Lc  io_pin_int.o [5]
ui8PortDPinHasIsr       0x20004cd4     0x4  Data  Lc  io_pin_int.o [5]
updateRolloverflag      0x2000530a     0x1  Data  Lc  mac_mcu.o [1]
writeBuf                0x0020f9ef   0x16c  Code  Lc  osal_nv.o [1]
writeItem               0x0020fd11   0x182  Code  Lc  osal_nv.o [1]
xferBuf                 0x0020fb5b   0x1b6  Code  Lc  osal_nv.o [1]
zclBuildHdr             0x002082f9    0x60  Code  Lc  zcl.o [1]
zclCalcHdrSize          0x00208359    0x14  Code  Lc  zcl.o [1]
zclEZModeErr            0x20005333     0x1  Data  Gb  zcl_ezmode.o [1]
zclEZModeInvokeData     0x2000510c    0x10  Data  Gb  zcl_ezmode.o [1]
zclEZModeMatched        0x20005336     0x1  Data  Gb  zcl_ezmode.o [1]
zclEZModeOpener         0x20005335     0x1  Data  Gb  zcl_ezmode.o [1]
zclEZModeQueryRspEP     0x20005337     0x1  Data  Gb  zcl_ezmode.o [1]
zclEZModeQueryRspNwkAddr
                        0x200052f8     0x2  Data  Gb  zcl_ezmode.o [1]
zclEZModeRegisterData   0x200050fc    0x10  Data  Gb  zcl_ezmode.o [1]
zclEZModeRegistered     0x20005332     0x1  Data  Gb  zcl_ezmode.o [1]
zclEZModeState          0x20005334     0x1  Data  Gb  zcl_ezmode.o [1]
zclFindAttrRec          0x0020838d    0x78  Code  Gb  zcl.o [1]
zclFindAttrRecsList     0x0020836d    0x20  Code  Lc  zcl.o [1]
zclFindClusterOption    0x0020841f    0x4a  Code  Lc  zcl.o [1]
zclGenCBs               0x2000528c     0x4  Data  Lc  zcl_general.o [1]
zclGenPluginRegisted    0x20005338     0x1  Data  Lc  zcl_general.o [1]
zclGeneral_FindCallbacks
                        0x0021072b    0x20  Code  Lc  zcl_general.o [1]
zclGeneral_HdlInSpecificCommands
                        0x00210789    0x56  Code  Lc  zcl_general.o [1]
zclGeneral_HdlIncoming  0x00210755    0x34  Code  Lc  zcl_general.o [1]
zclGeneral_ProcessInBasic
                        0x002107df    0x28  Code  Lc  zcl_general.o [1]
zclGeneral_ProcessInIdentity
                        0x00210807    0xfa  Code  Lc  zcl_general.o [1]
zclGeneral_ProcessInOnOff
                        0x00210901    0x32  Code  Lc  zcl_general.o [1]
zclGeneral_RegisterCmdCallbacks
                        0x0021067d    0x5c  Code  Gb  zcl_general.o [1]
zclGeneral_SendIdentifyQueryResponse
                        0x002106d9    0x52  Code  Gb  zcl_general.o [1]
zclGetAttrDataLength    0x0020856d    0x46  Code  Gb  zcl.o [1]
zclGetClusterOption     0x00208469    0x26  Code  Lc  zcl.o [1]
zclGetDataTypeLength    0x0020848f    0xde  Code  Gb  zcl.o [1]
zclGetReadWriteCB       0x00208405    0x1a  Code  Lc  zcl.o [1]
zclHA_Init              0x00210619    0x26  Code  Gb  zcl_ha.o [1]
zclHA_uint16toa         0x0021063f    0x3a  Code  Gb  zcl_ha.o [1]
zclReadAttrData         0x002085b3    0x32  Code  Gb  zcl.o [1]
zclReadAttrDataUsingCB  0x0020863d    0x46  Code  Lc  zcl.o [1]
zclSampleSwSeqNum       0x2000533a     0x1  Data  Gb  zcl_samplesw.o [1]
zclSampleSw_Attrs       0x00213b88    0xb4  Data  Gb  zcl_samplesw_data.o [1]
zclSampleSw_BasicResetCB
                        0x00208773    0x12  Code  Lc  zcl_samplesw.o [1]
zclSampleSw_CmdCallbacks
                        0x200041dc    0x30  Data  Lc  zcl_samplesw.o [1]
zclSampleSw_DateCode    0x00213e6c    0x14  Data  Gb  zcl_samplesw_data.o [1]
zclSampleSw_DeviceEnable
                        0x200042d9     0x1  Data  Gb  zcl_samplesw_data.o [1]
zclSampleSw_DstAddr     0x20005170     0xc  Data  Gb  zcl_samplesw.o [1]
zclSampleSw_EZModeCB    0x002087a7    0xe2  Code  Lc  zcl_samplesw.o [1]
zclSampleSw_HWRevision  0x00214032     0x1  Data  Gb  zcl_samplesw_data.o [1]
zclSampleSw_IdentifyCB  0x00208785    0x10  Code  Lc  zcl_samplesw.o [1]
zclSampleSw_IdentifyQueryRspCB
                        0x00208795    0x12  Code  Lc  zcl_samplesw.o [1]
zclSampleSw_IdentifyTime
                        0x200052fa     0x2  Data  Gb  zcl_samplesw_data.o [1]
zclSampleSw_InClusterList
                        0x00214028     0x4  Data  Gb  zcl_samplesw_data.o [1]
zclSampleSw_Init        0x0020868d    0x98  Code  Gb  zcl_samplesw.o [1]
zclSampleSw_LocationDescription
                        0x20004228    0x14  Data  Gb  zcl_samplesw_data.o [1]
zclSampleSw_ManufacturerName
                        0x00213e44    0x14  Data  Gb  zcl_samplesw_data.o [1]
zclSampleSw_ModelId     0x00213e58    0x14  Data  Gb  zcl_samplesw_data.o [1]
zclSampleSw_OnOff       0x2000533e     0x1  Data  Gb  zcl_samplesw_data.o [1]
zclSampleSw_OnOffSwitchActions
                        0x200042d8     0x1  Data  Gb  zcl_samplesw.o [1]
zclSampleSw_OnOffSwitchType
                        0x2000533b     0x1  Data  Gb  zcl_samplesw.o [1]
zclSampleSw_OutClusterList
                        0x0021402c     0x4  Data  Gb  zcl_samplesw_data.o [1]
zclSampleSw_PhysicalEnvironment
                        0x2000533d     0x1  Data  Gb  zcl_samplesw_data.o [1]
zclSampleSw_PowerSource
                        0x00214034     0x1  Data  Gb  zcl_samplesw_data.o [1]
zclSampleSw_ProcessIdentifyTimeChange
                        0x00208725    0x4e  Code  Lc  zcl_samplesw.o [1]
zclSampleSw_RegisterEZModeData
                        0x00213f68    0x10  Data  Lc  zcl_samplesw.o [1]
zclSampleSw_SimpleDesc  0x2000423c    0x14  Data  Gb  zcl_samplesw_data.o [1]
zclSampleSw_TaskID      0x20005339     0x1  Data  Gb  zcl_samplesw.o [1]
zclSampleSw_ZCLVersion  0x00214033     0x1  Data  Gb  zcl_samplesw_data.o [1]
zcl_DeviceOperational   0x00208119    0x5c  Code  Lc  zcl.o [1]
zcl_EZModeAction        0x0021094f   0x130  Code  Gb  zcl_ezmode.o [1]
zcl_Init                0x00208051     0x8  Code  Gb  zcl.o [1]
zcl_ProcessEZMode       0x00210a9f   0x19a  Code  Lc  zcl_ezmode.o [1]
zcl_ReadAttrData        0x002085e5    0x58  Code  Gb  zcl.o [1]
zcl_RegisterEZMode      0x00210935    0x1a  Code  Gb  zcl_ezmode.o [1]
zcl_RegisteredMsgTaskID
                        0x200042d7     0x1  Data  Gb  zcl.o [1]
zcl_SendCommand         0x00208175   0x168  Code  Gb  zcl.o [1]
zcl_SetEZModeError      0x00210a99     0x6  Code  Lc  zcl_ezmode.o [1]
zcl_SetEZModeState      0x00210a7f    0x1a  Code  Lc  zcl_ezmode.o [1]
zcl_TaskID              0x20005330     0x1  Data  Gb  zcl.o [1]
zcl_TransID             0x20005331     0x1  Data  Lc  zcl.o [1]
zcl_getRawAFMsg         0x0020806f     0x6  Code  Gb  zcl.o [1]
zcl_registerAttrList    0x002080c5    0x54  Code  Gb  zcl.o [1]
zcl_registerForMsg      0x00208059    0x16  Code  Gb  zcl.o [1]
zcl_registerPlugin      0x00208075    0x50  Code  Gb  zcl.o [1]
zdappHoldKeys           0x20005342     0x1  Data  Lc  ZDApp.o [1]
zdoCBFunc               0x20005070    0x1c  Data  Gb  ZDApp.o [1]
zdoMsgCBs               0x200052ac     0x4  Data  Gb  ZDProfile.o [1]
zgApsAckWaitMultiplier  0x200042ed     0x1  Data  Gb  ZGlobals.o [1]
zgApsAllowR19Sec        0x20005350     0x1  Data  Gb  ZGlobals.o [1]
zgApsDefaultMaxBindingTime
                        0x200042c6     0x2  Data  Gb  ZGlobals.o [1]
zgApsLinkKeyType        0x200042f1     0x1  Data  Gb  ZGlobals.o [1]
zgApsMinDupRejTableSize
                        0x200042cc     0x2  Data  Gb  ZGlobals.o [1]
zgApsNonMemberRadius    0x200042ef     0x1  Data  Gb  ZGlobals.o [1]
zgApsTrustCenterAddr    0x200051e4     0x8  Data  Gb  ZGlobals.o [1]
zgApsUseExtendedPANID   0x200051f4     0x8  Data  Gb  ZGlobals.o [1]
zgApsUseInsecureJoin    0x200042ee     0x1  Data  Gb  ZGlobals.o [1]
zgApscAckWaitDurationPolled
                        0x200042c4     0x2  Data  Gb  ZGlobals.o [1]
zgApscDupRejTimeoutCount
                        0x200042f0     0x1  Data  Gb  ZGlobals.o [1]
zgApscDupRejTimeoutInc  0x200042ca     0x2  Data  Gb  ZGlobals.o [1]
zgApscMaxFrameRetries   0x200042ec     0x1  Data  Gb  ZGlobals.o [1]
zgBcastDeliveryTime     0x200042e7     0x1  Data  Gb  ZGlobals.o [1]
zgChildAgingEnable      0x2000534d     0x1  Data  Gb  ZGlobals.o [1]
zgConcentratorDiscoveryTime
                        0x2000534a     0x1  Data  Gb  ZGlobals.o [1]
zgConcentratorEnable    0x20005349     0x1  Data  Gb  ZGlobals.o [1]
zgConcentratorRC        0x2000534b     0x1  Data  Gb  ZGlobals.o [1]
zgConcentratorRadius    0x200042e9     0x1  Data  Gb  ZGlobals.o [1]
zgConfigPANID           0x200042ce     0x2  Data  Gb  ZGlobals.o [1]
zgDefaultChannelList    0x200042b4     0x4  Data  Gb  ZGlobals.o [1]
zgDefaultStartingScanDuration
                        0x200042de     0x1  Data  Gb  ZGlobals.o [1]
zgDeviceLogicalType     0x20005351     0x1  Data  Gb  ZGlobals.o [1]
zgExtendedPANID         0x200051ec     0x8  Data  Gb  ZGlobals.o [1]
zgIndirectMsgTimeout    0x200042e0     0x1  Data  Gb  ZGlobals.o [1]
zgInit                  0x0020ef8f    0x42  Code  Gb  ZGlobals.o [1]
zgInitItems             0x0020efd1    0x52  Code  Gb  ZGlobals.o [1]
zgItemInit              0x0020ef35    0x5a  Code  Lc  ZGlobals.o [1]
zgItemTable             0x0021383c   0x190  Data  Lc  ZGlobals.o [1]
zgMaxBcastRetires       0x200042e5     0x1  Data  Gb  ZGlobals.o [1]
zgMaxDataRetries        0x200042dc     0x1  Data  Gb  ZGlobals.o [1]
zgMaxPollFailureRetries
                        0x200042dd     0x1  Data  Gb  ZGlobals.o [1]
zgNwkCommissionedNwkAddr
                        0x200042c8     0x2  Data  Gb  ZGlobals.o [1]
zgNwkLeaveRequestAllowed
                        0x200042eb     0x1  Data  Gb  ZGlobals.o [1]
zgNwkMgrMinTransmissions
                        0x200042f3     0x1  Data  Gb  ZGlobals.o [1]
zgNwkMgrMode            0x200042f4     0x1  Data  Gb  ZGlobals.o [1]
zgNwkMode               0x200042e8     0x1  Data  Gb  ZGlobals.o [1]
zgNwkSrcRtgExpiryTime   0x200042ea     0x1  Data  Gb  ZGlobals.o [1]
zgPassiveAckTimeout     0x200042e6     0x1  Data  Gb  ZGlobals.o [1]
zgPollRate              0x200042bc     0x2  Data  Gb  ZGlobals.o [1]
zgPreConfigKeys         0x2000534e     0x1  Data  Gb  ZGlobals.o [1]
zgPreconfigKeyInit      0x0020f0f1    0x48  Code  Lc  ZGlobals.o [1]
zgQueuedPollRate        0x200042be     0x2  Data  Gb  ZGlobals.o [1]
zgReadStartupOptions    0x0020f023    0x28  Code  Gb  ZGlobals.o [1]
zgRejoinPollRate        0x200042c2     0x2  Data  Gb  ZGlobals.o [1]
zgResponsePollRate      0x200042c0     0x2  Data  Gb  ZGlobals.o [1]
zgRouteDiscoveryTime    0x200042e3     0x1  Data  Gb  ZGlobals.o [1]
zgRouteExpiryTime       0x200042e4     0x1  Data  Gb  ZGlobals.o [1]
zgRouterOffAssocCleanup
                        0x2000534c     0x1  Data  Gb  ZGlobals.o [1]
zgSapiEndpoint          0x200042f5     0x1  Data  Gb  ZGlobals.o [1]
zgSecurePermitJoin      0x200042e2     0x1  Data  Gb  ZGlobals.o [1]
zgSecurityMode          0x200042e1     0x1  Data  Gb  ZGlobals.o [1]
zgSetItem               0x0020f0a1    0x50  Code  Gb  ZGlobals.o [1]
zgStackProfile          0x200042df     0x1  Data  Gb  ZGlobals.o [1]
zgStartDelay            0x200042f2     0x1  Data  Gb  ZGlobals.o [1]
zgUseDefaultTCLK        0x2000534f     0x1  Data  Gb  ZGlobals.o [1]
zgWriteStartupOptions   0x0020f04b    0x56  Code  Gb  ZGlobals.o [1]
zmacCBSizeTable         0x00213e80    0x14  Data  Gb  zmac_cb.o [1]
zmain_dev_info          0x00213589    0x70  Code  Lc  ZMain.o [1]
zmain_ext_addr          0x00213481   0x108  Code  Lc  ZMain.o [1]
zmain_lcd_init          0x002135f9     0xc  Code  Lc  ZMain.o [1]


[1] = C:\Texas Instruments\Z-Stack Home 1.2.0\Projects\zstack\HomeAutomation\SampleSwitch\CC2538\Coordinator\Obj
[2] = command line
[3] = Router.a
[4] = TIMAC-CC2538.a
[5] = bsp.lib
[6] = dl7M_tln.a
[7] = m7M_tl.a
[8] = rt7M_tl.a
[9] = sdriverlib.lib
[10] = shb_l.a

  79 588 bytes of readonly  code memory
   2 640 bytes of readonly  data memory
  13 148 bytes of readwrite data memory (+ 12 288 absolute)

Errors: none
Warnings: none
