###############################################################################
#
# IAR ELF Linker V7.10.3.6832/W32 for ARM                 05/Jun/2014  05:11:44
# Copyright 2007-2014 IAR Systems AB.
#
#    Output file  =  
#        C:\Users\Nguyen\Documents\GitHub\hungtest\LuanVan_Project\Z-Stack Home
#        1.2.0\Projects\zstack\HomeAutomation\SampleSwitch -
#        Copy\CC2538\EndDevice\Exe\SampleSwitch.out
#    Map file     =  
#        C:\Users\Nguyen\Documents\GitHub\hungtest\LuanVan_Project\Z-Stack Home
#        1.2.0\Projects\zstack\HomeAutomation\SampleSwitch -
#        Copy\CC2538\EndDevice\List\SampleSwitch.map
#    Command line =  
#        "C:\Users\Nguyen\Documents\GitHub\hungtest\LuanVan_Project\Z-Stack
#        Home 1.2.0\Projects\zstack\HomeAutomation\SampleSwitch -
#        Copy\CC2538\EndDevice\Obj\AF.o"
#        "C:\Users\Nguyen\Documents\GitHub\hungtest\LuanVan_Project\Z-Stack
#        Home 1.2.0\Projects\zstack\HomeAutomation\SampleSwitch -
#        Copy\CC2538\EndDevice\Obj\armcm3flashutil.o"
#        "C:\Users\Nguyen\Documents\GitHub\hungtest\LuanVan_Project\Z-Stack
#        Home 1.2.0\Projects\zstack\HomeAutomation\SampleSwitch -
#        Copy\CC2538\EndDevice\Obj\BindingTable.o"
#        "C:\Users\Nguyen\Documents\GitHub\hungtest\LuanVan_Project\Z-Stack
#        Home 1.2.0\Projects\zstack\HomeAutomation\SampleSwitch -
#        Copy\CC2538\EndDevice\Obj\DebugTrace.o"
#        "C:\Users\Nguyen\Documents\GitHub\hungtest\LuanVan_Project\Z-Stack
#        Home 1.2.0\Projects\zstack\HomeAutomation\SampleSwitch -
#        Copy\CC2538\EndDevice\Obj\hal_adc.o"
#        "C:\Users\Nguyen\Documents\GitHub\hungtest\LuanVan_Project\Z-Stack
#        Home 1.2.0\Projects\zstack\HomeAutomation\SampleSwitch -
#        Copy\CC2538\EndDevice\Obj\hal_aes.o"
#        "C:\Users\Nguyen\Documents\GitHub\hungtest\LuanVan_Project\Z-Stack
#        Home 1.2.0\Projects\zstack\HomeAutomation\SampleSwitch -
#        Copy\CC2538\EndDevice\Obj\hal_assert.o"
#        "C:\Users\Nguyen\Documents\GitHub\hungtest\LuanVan_Project\Z-Stack
#        Home 1.2.0\Projects\zstack\HomeAutomation\SampleSwitch -
#        Copy\CC2538\EndDevice\Obj\hal_ccm.o"
#        "C:\Users\Nguyen\Documents\GitHub\hungtest\LuanVan_Project\Z-Stack
#        Home 1.2.0\Projects\zstack\HomeAutomation\SampleSwitch -
#        Copy\CC2538\EndDevice\Obj\hal_drivers.o"
#        "C:\Users\Nguyen\Documents\GitHub\hungtest\LuanVan_Project\Z-Stack
#        Home 1.2.0\Projects\zstack\HomeAutomation\SampleSwitch -
#        Copy\CC2538\EndDevice\Obj\hal_key.o"
#        "C:\Users\Nguyen\Documents\GitHub\hungtest\LuanVan_Project\Z-Stack
#        Home 1.2.0\Projects\zstack\HomeAutomation\SampleSwitch -
#        Copy\CC2538\EndDevice\Obj\hal_lcd.o"
#        "C:\Users\Nguyen\Documents\GitHub\hungtest\LuanVan_Project\Z-Stack
#        Home 1.2.0\Projects\zstack\HomeAutomation\SampleSwitch -
#        Copy\CC2538\EndDevice\Obj\hal_led.o"
#        "C:\Users\Nguyen\Documents\GitHub\hungtest\LuanVan_Project\Z-Stack
#        Home 1.2.0\Projects\zstack\HomeAutomation\SampleSwitch -
#        Copy\CC2538\EndDevice\Obj\hal_mac_cfg.o"
#        "C:\Users\Nguyen\Documents\GitHub\hungtest\LuanVan_Project\Z-Stack
#        Home 1.2.0\Projects\zstack\HomeAutomation\SampleSwitch -
#        Copy\CC2538\EndDevice\Obj\hal_sleep.o"
#        "C:\Users\Nguyen\Documents\GitHub\hungtest\LuanVan_Project\Z-Stack
#        Home 1.2.0\Projects\zstack\HomeAutomation\SampleSwitch -
#        Copy\CC2538\EndDevice\Obj\hal_sys_ctrl.o"
#        "C:\Users\Nguyen\Documents\GitHub\hungtest\LuanVan_Project\Z-Stack
#        Home 1.2.0\Projects\zstack\HomeAutomation\SampleSwitch -
#        Copy\CC2538\EndDevice\Obj\hal_systick.o"
#        "C:\Users\Nguyen\Documents\GitHub\hungtest\LuanVan_Project\Z-Stack
#        Home 1.2.0\Projects\zstack\HomeAutomation\SampleSwitch -
#        Copy\CC2538\EndDevice\Obj\hal_uart.o"
#        "C:\Users\Nguyen\Documents\GitHub\hungtest\LuanVan_Project\Z-Stack
#        Home 1.2.0\Projects\zstack\HomeAutomation\SampleSwitch -
#        Copy\CC2538\EndDevice\Obj\mac_autopend.o"
#        "C:\Users\Nguyen\Documents\GitHub\hungtest\LuanVan_Project\Z-Stack
#        Home 1.2.0\Projects\zstack\HomeAutomation\SampleSwitch -
#        Copy\CC2538\EndDevice\Obj\mac_backoff_timer.o"
#        "C:\Users\Nguyen\Documents\GitHub\hungtest\LuanVan_Project\Z-Stack
#        Home 1.2.0\Projects\zstack\HomeAutomation\SampleSwitch -
#        Copy\CC2538\EndDevice\Obj\mac_cfg.o"
#        "C:\Users\Nguyen\Documents\GitHub\hungtest\LuanVan_Project\Z-Stack
#        Home 1.2.0\Projects\zstack\HomeAutomation\SampleSwitch -
#        Copy\CC2538\EndDevice\Obj\mac_csp_tx.o"
#        "C:\Users\Nguyen\Documents\GitHub\hungtest\LuanVan_Project\Z-Stack
#        Home 1.2.0\Projects\zstack\HomeAutomation\SampleSwitch -
#        Copy\CC2538\EndDevice\Obj\mac_low_level.o"
#        "C:\Users\Nguyen\Documents\GitHub\hungtest\LuanVan_Project\Z-Stack
#        Home 1.2.0\Projects\zstack\HomeAutomation\SampleSwitch -
#        Copy\CC2538\EndDevice\Obj\mac_mcu.o"
#        "C:\Users\Nguyen\Documents\GitHub\hungtest\LuanVan_Project\Z-Stack
#        Home 1.2.0\Projects\zstack\HomeAutomation\SampleSwitch -
#        Copy\CC2538\EndDevice\Obj\mac_mem.o"
#        "C:\Users\Nguyen\Documents\GitHub\hungtest\LuanVan_Project\Z-Stack
#        Home 1.2.0\Projects\zstack\HomeAutomation\SampleSwitch -
#        Copy\CC2538\EndDevice\Obj\mac_pib.o"
#        "C:\Users\Nguyen\Documents\GitHub\hungtest\LuanVan_Project\Z-Stack
#        Home 1.2.0\Projects\zstack\HomeAutomation\SampleSwitch -
#        Copy\CC2538\EndDevice\Obj\mac_radio.o"
#        "C:\Users\Nguyen\Documents\GitHub\hungtest\LuanVan_Project\Z-Stack
#        Home 1.2.0\Projects\zstack\HomeAutomation\SampleSwitch -
#        Copy\CC2538\EndDevice\Obj\mac_radio_defs.o"
#        "C:\Users\Nguyen\Documents\GitHub\hungtest\LuanVan_Project\Z-Stack
#        Home 1.2.0\Projects\zstack\HomeAutomation\SampleSwitch -
#        Copy\CC2538\EndDevice\Obj\mac_rffrontend.o"
#        "C:\Users\Nguyen\Documents\GitHub\hungtest\LuanVan_Project\Z-Stack
#        Home 1.2.0\Projects\zstack\HomeAutomation\SampleSwitch -
#        Copy\CC2538\EndDevice\Obj\mac_rx.o"
#        "C:\Users\Nguyen\Documents\GitHub\hungtest\LuanVan_Project\Z-Stack
#        Home 1.2.0\Projects\zstack\HomeAutomation\SampleSwitch -
#        Copy\CC2538\EndDevice\Obj\mac_rx_onoff.o"
#        "C:\Users\Nguyen\Documents\GitHub\hungtest\LuanVan_Project\Z-Stack
#        Home 1.2.0\Projects\zstack\HomeAutomation\SampleSwitch -
#        Copy\CC2538\EndDevice\Obj\mac_sleep.o"
#        "C:\Users\Nguyen\Documents\GitHub\hungtest\LuanVan_Project\Z-Stack
#        Home 1.2.0\Projects\zstack\HomeAutomation\SampleSwitch -
#        Copy\CC2538\EndDevice\Obj\mac_tx.o"
#        "C:\Users\Nguyen\Documents\GitHub\hungtest\LuanVan_Project\Z-Stack
#        Home 1.2.0\Projects\zstack\HomeAutomation\SampleSwitch -
#        Copy\CC2538\EndDevice\Obj\MT.o"
#        "C:\Users\Nguyen\Documents\GitHub\hungtest\LuanVan_Project\Z-Stack
#        Home 1.2.0\Projects\zstack\HomeAutomation\SampleSwitch -
#        Copy\CC2538\EndDevice\Obj\MT_AF.o"
#        "C:\Users\Nguyen\Documents\GitHub\hungtest\LuanVan_Project\Z-Stack
#        Home 1.2.0\Projects\zstack\HomeAutomation\SampleSwitch -
#        Copy\CC2538\EndDevice\Obj\MT_APP.o"
#        "C:\Users\Nguyen\Documents\GitHub\hungtest\LuanVan_Project\Z-Stack
#        Home 1.2.0\Projects\zstack\HomeAutomation\SampleSwitch -
#        Copy\CC2538\EndDevice\Obj\MT_DEBUG.o"
#        "C:\Users\Nguyen\Documents\GitHub\hungtest\LuanVan_Project\Z-Stack
#        Home 1.2.0\Projects\zstack\HomeAutomation\SampleSwitch -
#        Copy\CC2538\EndDevice\Obj\MT_NWK.o"
#        "C:\Users\Nguyen\Documents\GitHub\hungtest\LuanVan_Project\Z-Stack
#        Home 1.2.0\Projects\zstack\HomeAutomation\SampleSwitch -
#        Copy\CC2538\EndDevice\Obj\MT_SYS.o"
#        "C:\Users\Nguyen\Documents\GitHub\hungtest\LuanVan_Project\Z-Stack
#        Home 1.2.0\Projects\zstack\HomeAutomation\SampleSwitch -
#        Copy\CC2538\EndDevice\Obj\MT_TASK.o"
#        "C:\Users\Nguyen\Documents\GitHub\hungtest\LuanVan_Project\Z-Stack
#        Home 1.2.0\Projects\zstack\HomeAutomation\SampleSwitch -
#        Copy\CC2538\EndDevice\Obj\MT_UART.o"
#        "C:\Users\Nguyen\Documents\GitHub\hungtest\LuanVan_Project\Z-Stack
#        Home 1.2.0\Projects\zstack\HomeAutomation\SampleSwitch -
#        Copy\CC2538\EndDevice\Obj\MT_UTIL.o"
#        "C:\Users\Nguyen\Documents\GitHub\hungtest\LuanVan_Project\Z-Stack
#        Home 1.2.0\Projects\zstack\HomeAutomation\SampleSwitch -
#        Copy\CC2538\EndDevice\Obj\MT_VERSION.o"
#        "C:\Users\Nguyen\Documents\GitHub\hungtest\LuanVan_Project\Z-Stack
#        Home 1.2.0\Projects\zstack\HomeAutomation\SampleSwitch -
#        Copy\CC2538\EndDevice\Obj\MT_ZDO.o"
#        "C:\Users\Nguyen\Documents\GitHub\hungtest\LuanVan_Project\Z-Stack
#        Home 1.2.0\Projects\zstack\HomeAutomation\SampleSwitch -
#        Copy\CC2538\EndDevice\Obj\nwk_globals.o"
#        "C:\Users\Nguyen\Documents\GitHub\hungtest\LuanVan_Project\Z-Stack
#        Home 1.2.0\Projects\zstack\HomeAutomation\SampleSwitch -
#        Copy\CC2538\EndDevice\Obj\OnBoard.o"
#        "C:\Users\Nguyen\Documents\GitHub\hungtest\LuanVan_Project\Z-Stack
#        Home 1.2.0\Projects\zstack\HomeAutomation\SampleSwitch -
#        Copy\CC2538\EndDevice\Obj\OSAL.o"
#        "C:\Users\Nguyen\Documents\GitHub\hungtest\LuanVan_Project\Z-Stack
#        Home 1.2.0\Projects\zstack\HomeAutomation\SampleSwitch -
#        Copy\CC2538\EndDevice\Obj\OSAL_Clock.o"
#        "C:\Users\Nguyen\Documents\GitHub\hungtest\LuanVan_Project\Z-Stack
#        Home 1.2.0\Projects\zstack\HomeAutomation\SampleSwitch -
#        Copy\CC2538\EndDevice\Obj\OSAL_Memory.o"
#        "C:\Users\Nguyen\Documents\GitHub\hungtest\LuanVan_Project\Z-Stack
#        Home 1.2.0\Projects\zstack\HomeAutomation\SampleSwitch -
#        Copy\CC2538\EndDevice\Obj\osal_nv.o"
#        "C:\Users\Nguyen\Documents\GitHub\hungtest\LuanVan_Project\Z-Stack
#        Home 1.2.0\Projects\zstack\HomeAutomation\SampleSwitch -
#        Copy\CC2538\EndDevice\Obj\OSAL_PwrMgr.o"
#        "C:\Users\Nguyen\Documents\GitHub\hungtest\LuanVan_Project\Z-Stack
#        Home 1.2.0\Projects\zstack\HomeAutomation\SampleSwitch -
#        Copy\CC2538\EndDevice\Obj\OSAL_SampleSw.o"
#        "C:\Users\Nguyen\Documents\GitHub\hungtest\LuanVan_Project\Z-Stack
#        Home 1.2.0\Projects\zstack\HomeAutomation\SampleSwitch -
#        Copy\CC2538\EndDevice\Obj\OSAL_Timers.o"
#        "C:\Users\Nguyen\Documents\GitHub\hungtest\LuanVan_Project\Z-Stack
#        Home 1.2.0\Projects\zstack\HomeAutomation\SampleSwitch -
#        Copy\CC2538\EndDevice\Obj\saddr.o"
#        "C:\Users\Nguyen\Documents\GitHub\hungtest\LuanVan_Project\Z-Stack
#        Home 1.2.0\Projects\zstack\HomeAutomation\SampleSwitch -
#        Copy\CC2538\EndDevice\Obj\startup_ewarm.o"
#        "C:\Users\Nguyen\Documents\GitHub\hungtest\LuanVan_Project\Z-Stack
#        Home 1.2.0\Projects\zstack\HomeAutomation\SampleSwitch -
#        Copy\CC2538\EndDevice\Obj\stub_aps.o"
#        "C:\Users\Nguyen\Documents\GitHub\hungtest\LuanVan_Project\Z-Stack
#        Home 1.2.0\Projects\zstack\HomeAutomation\SampleSwitch -
#        Copy\CC2538\EndDevice\Obj\zcl.o"
#        "C:\Users\Nguyen\Documents\GitHub\hungtest\LuanVan_Project\Z-Stack
#        Home 1.2.0\Projects\zstack\HomeAutomation\SampleSwitch -
#        Copy\CC2538\EndDevice\Obj\zcl_ezmode.o"
#        "C:\Users\Nguyen\Documents\GitHub\hungtest\LuanVan_Project\Z-Stack
#        Home 1.2.0\Projects\zstack\HomeAutomation\SampleSwitch -
#        Copy\CC2538\EndDevice\Obj\zcl_general.o"
#        "C:\Users\Nguyen\Documents\GitHub\hungtest\LuanVan_Project\Z-Stack
#        Home 1.2.0\Projects\zstack\HomeAutomation\SampleSwitch -
#        Copy\CC2538\EndDevice\Obj\zcl_ha.o"
#        "C:\Users\Nguyen\Documents\GitHub\hungtest\LuanVan_Project\Z-Stack
#        Home 1.2.0\Projects\zstack\HomeAutomation\SampleSwitch -
#        Copy\CC2538\EndDevice\Obj\zcl_samplesw.o"
#        "C:\Users\Nguyen\Documents\GitHub\hungtest\LuanVan_Project\Z-Stack
#        Home 1.2.0\Projects\zstack\HomeAutomation\SampleSwitch -
#        Copy\CC2538\EndDevice\Obj\zcl_samplesw_data.o"
#        "C:\Users\Nguyen\Documents\GitHub\hungtest\LuanVan_Project\Z-Stack
#        Home 1.2.0\Projects\zstack\HomeAutomation\SampleSwitch -
#        Copy\CC2538\EndDevice\Obj\ZDApp.o"
#        "C:\Users\Nguyen\Documents\GitHub\hungtest\LuanVan_Project\Z-Stack
#        Home 1.2.0\Projects\zstack\HomeAutomation\SampleSwitch -
#        Copy\CC2538\EndDevice\Obj\ZDConfig.o"
#        "C:\Users\Nguyen\Documents\GitHub\hungtest\LuanVan_Project\Z-Stack
#        Home 1.2.0\Projects\zstack\HomeAutomation\SampleSwitch -
#        Copy\CC2538\EndDevice\Obj\ZDNwkMgr.o"
#        "C:\Users\Nguyen\Documents\GitHub\hungtest\LuanVan_Project\Z-Stack
#        Home 1.2.0\Projects\zstack\HomeAutomation\SampleSwitch -
#        Copy\CC2538\EndDevice\Obj\ZDObject.o"
#        "C:\Users\Nguyen\Documents\GitHub\hungtest\LuanVan_Project\Z-Stack
#        Home 1.2.0\Projects\zstack\HomeAutomation\SampleSwitch -
#        Copy\CC2538\EndDevice\Obj\ZDProfile.o"
#        "C:\Users\Nguyen\Documents\GitHub\hungtest\LuanVan_Project\Z-Stack
#        Home 1.2.0\Projects\zstack\HomeAutomation\SampleSwitch -
#        Copy\CC2538\EndDevice\Obj\ZDSecMgr.o"
#        "C:\Users\Nguyen\Documents\GitHub\hungtest\LuanVan_Project\Z-Stack
#        Home 1.2.0\Projects\zstack\HomeAutomation\SampleSwitch -
#        Copy\CC2538\EndDevice\Obj\ZGlobals.o"
#        "C:\Users\Nguyen\Documents\GitHub\hungtest\LuanVan_Project\Z-Stack
#        Home 1.2.0\Projects\zstack\HomeAutomation\SampleSwitch -
#        Copy\CC2538\EndDevice\Obj\zmac.o"
#        "C:\Users\Nguyen\Documents\GitHub\hungtest\LuanVan_Project\Z-Stack
#        Home 1.2.0\Projects\zstack\HomeAutomation\SampleSwitch -
#        Copy\CC2538\EndDevice\Obj\zmac_cb.o"
#        "C:\Users\Nguyen\Documents\GitHub\hungtest\LuanVan_Project\Z-Stack
#        Home 1.2.0\Projects\zstack\HomeAutomation\SampleSwitch -
#        Copy\CC2538\EndDevice\Obj\ZMain.o" --redirect _Printf=_PrintfTiny
#        --redirect _Scanf=_ScanfSmall -o
#        "C:\Users\Nguyen\Documents\GitHub\hungtest\LuanVan_Project\Z-Stack
#        Home 1.2.0\Projects\zstack\HomeAutomation\SampleSwitch -
#        Copy\CC2538\EndDevice\Exe\SampleSwitch.out" --map
#        "C:\Users\Nguyen\Documents\GitHub\hungtest\LuanVan_Project\Z-Stack
#        Home 1.2.0\Projects\zstack\HomeAutomation\SampleSwitch -
#        Copy\CC2538\EndDevice\List\SampleSwitch.map" --config
#        "C:\Users\Nguyen\Documents\GitHub\hungtest\LuanVan_Project\Z-Stack
#        Home 1.2.0\Projects\zstack\HomeAutomation\SampleSwitch -
#        Copy\CC2538\..\..\..\Tools\CC2538DB\CC2538.icf" --semihosting
#        "C:\Users\Nguyen\Documents\GitHub\hungtest\LuanVan_Project\Z-Stack
#        Home 1.2.0\Projects\zstack\HomeAutomation\SampleSwitch -
#        Copy\CC2538\..\..\..\Libraries\CC2538\bin\EndDevice.a"
#        "C:\Users\Nguyen\Documents\GitHub\hungtest\LuanVan_Project\Z-Stack
#        Home 1.2.0\Projects\zstack\HomeAutomation\SampleSwitch -
#        Copy\CC2538\..\..\..\Libraries\TIMAC\bin\TIMAC-CC2538.a"
#        "C:\Users\Nguyen\Documents\GitHub\hungtest\LuanVan_Project\Z-Stack
#        Home 1.2.0\Projects\zstack\HomeAutomation\SampleSwitch -
#        Copy\CC2538\..\..\..\..\..\Components\driverlib\cc2538\bin\iar\sdriverlib.lib"
#        "C:\Users\Nguyen\Documents\GitHub\hungtest\LuanVan_Project\Z-Stack
#        Home 1.2.0\Projects\zstack\HomeAutomation\SampleSwitch -
#        Copy\CC2538\..\..\..\..\..\Components\bsp\srf06eb_cc2538\drivers\bin\iar\bsp.lib"
#        --entry __iar_program_start --vfe
#
###############################################################################

*******************************************************************************
*** RUNTIME MODEL ATTRIBUTES
***

CppFlavor       = *
__SystemLibrary = DLib


*******************************************************************************
*** PLACEMENT SUMMARY
***

"A1":  place at start of [0x00200000-0x0027c7ff] { ro section .intvec };
"A2":  place at start of [0x0027ffd4-0x0027ffdf] { ro section .cca };
"P1":  place in [from 0x00200000 to 0x0027c7ff] { ro };
"A7":  place at start of [0x20004000-0x20007fff] { section VTABLE };
"P2":  place in [from 0x20004000 to 0x20007fff] { rw, block HEAP };

  Section            Kind        Address     Size  Object
  -------            ----        -------     ----  ------
"A1":                                       0x100
  .intvec            const    0x00200000    0x100  startup_ewarm.o [1]
                            - 0x00200100    0x100

"P1":                                     0x1a4d9
  .text              ro code  0x00200100   0x1e6a  zcl.o [1]
  .text              ro code  0x00201f6a     0x22  zero_init3.o [8]
  .text              ro code  0x00201f8c    0x7a4  OSAL.o [1]
  .text              ro code  0x00202730    0xdb0  zcl_samplesw.o [1]
  .text              ro code  0x002034e0     0x76  ABImemcpy_unaligned.o [8]
  .rodata            const    0x00203556      0x2  MT_SYS.o [1]
  .text              ro code  0x00203558    0x20c  OSAL_Memory.o [1]
  .text              ro code  0x00203764    0x694  AF.o [1]
  .text              ro code  0x00203df8     0x36  strlen.o [8]
  .text              ro code  0x00203e2e     0x14  memset.o [6]
  .rodata            const    0x00203e42      0x2  MT_SYS.o [1]
  .text              ro code  0x00203e44      0x6  ABImemclr.o [8]
  .rodata            const    0x00203e4a      0x2  nwk_globals.o [1]
  .text              ro code  0x00203e4c    0x10e  OnBoard.o [1]
  .rodata            const    0x00203f5a      0x2  nwk_globals.o [1]
  .text              ro code  0x00203f5c     0x44  strcpy_unaligned.o [8]
  .text              ro code  0x00203fa0     0x1c  strcat.o [6]
  .text              ro code  0x00203fbc    0x250  interrupt.o [9]
  .text              ro code  0x0020420c    0x308  OSAL_Timers.o [1]
  .text              ro code  0x00204514     0x14  OSAL_PwrMgr.o [1]
  .text              ro code  0x00204528     0x88  OSAL_SampleSw.o [1]
  .text              ro code  0x002045b0     0x98  hal_drivers.o [1]
  .text              ro code  0x00204648    0x1c4  gpio.o [9]
  .text              ro code  0x0020480c     0x48  als_srf06eb.o [5]
  .text              ro code  0x00204854     0x30  bsp_led.o [5]
  .text              ro code  0x00204884     0xc4  zcl_ha.o [1]
  .text              ro code  0x00204948    0x2b6  zcl_general.o [1]
  .rodata            const    0x00204bfe      0x2  nwk_globals.o [1]
  .text              ro code  0x00204c00    0x39c  zcl_ezmode.o [1]
  .text              ro code  0x00204f9c    0xe44  ZDProfile.o [1]
  .text              ro code  0x00205de0    0x114  hal_lcd.o [1]
  .text              ro code  0x00205ef4    0x3d8  NLMEDE.o [3]
  .text              ro code  0x002062cc    0x36c  hal_led.o [1]
  .text              ro code  0x00206638    0x204  ZGlobals.o [1]
  .text              ro code  0x0020683c    0x8b4  MT_SYS.o [1]
  .text              ro code  0x002070f0    0xb06  ZDObject.o [1]
  .rodata            const    0x00207bf6      0x2  nwk_globals.o [1]
  .text              ro code  0x00207bf8    0x19c  acc_srf06eb.o [5]
  .text              ro code  0x00207d94    0x476  hal_uart.o [1]
  .rodata            const    0x0020820a      0x2  zcl_samplesw.o [1]
  .text              ro code  0x0020820c    0x29c  hal_assert.o [1]
  .text              ro code  0x002084a8     0x58  aps_groups.o [3]
  .text              ro code  0x00208500    0xfdc  nwk_util.o [3]
  .text              ro code  0x002094dc    0x704  rtg.o [3]
  .text              ro code  0x00209be0     0xa6  saddr.o [1]
  .rodata            const    0x00209c86      0x1  nwk_globals.o [1]
  .rodata            const    0x00209c87      0x1  nwk_globals.o [1]
  .text              ro code  0x00209c88    0xac8  APSMEDE.o [3]
  .text              ro code  0x0020a750     0x66  ABImemset.o [8]
  .rodata            const    0x0020a7b6      0x1  nwk_globals.o [1]
  .rodata            const    0x0020a7b7      0x1  nwk_globals.o [1]
  .text              ro code  0x0020a7b8    0x194  hal_key.o [1]
  .text              ro code  0x0020a94c    0x6f8  mac_mcu.o [1]
  .text              ro code  0x0020b044     0x10  cpu.o [9]
  .text              ro code  0x0020b054   0x1dac  mac_beacon.o [4]
  .text              ro code  0x0020ce00    0xb2c  nwk.o [3]
  .text              ro code  0x0020d92c    0x174  MT_TASK.o [1]
  .text              ro code  0x0020daa0    0x6c8  APS.o [3]
  .text              ro code  0x0020e168    0x63c  aps_frag.o [3]
  .text              ro code  0x0020e7a4   0x14b0  ZDApp.o [1]
  .text              ro code  0x0020fc54     0x5c  hal_aes.o [1]
  .text              ro code  0x0020fcb0    0x2e4  ioc.o [9]
  .text              ro code  0x0020ff94     0x50  adc.o [9]
  .text              ro code  0x0020ffe4    0x8bc  BindingTable.o [1]
  .text              ro code  0x002108a0     0xb4  bsp.o [5]
  .text              ro code  0x00210954    0x120  lcd_srf06eb.o [5]
  .text              ro code  0x00210a74     0x4c  DebugTrace.o [1]
  .text              ro code  0x00210ac0      0xc  memcpy.o [6]
  .text              ro code  0x00210acc     0xe4  lcd_dogm128_6.o [5]
  .text              ro code  0x00210bb0    0x210  zmac.o [1]
  .text              ro code  0x00210dc0   0x1126  osal_nv.o [1]
  .rodata            const    0x00211ee6      0x1  nwk_globals.o [1]
  .rodata            const    0x00211ee7      0x1  nwk_globals.o [1]
  .text              ro code  0x00211ee8    0xa58  ZDSecMgr.o [1]
  .text              ro code  0x00212940    0x1e4  sys_ctrl.o [9]
  .text              ro code  0x00212b24    0x102  MT.o [1]
  .rodata            const    0x00212c26      0x1  nwk_globals.o [1]
  .rodata            const    0x00212c27      0x1  nwk_globals.o [1]
  .text              ro code  0x00212c28     0x38  hal_adc.o [1]
  .text              ro code  0x00212c60    0x308  OSAL_Clock.o [1]
  .text              ro code  0x00212f68    0x2f0  mac_radio.o [1]
  .text              ro code  0x00213258    0x200  mac_pib.o [1]
  .text              ro code  0x00213458    0x41c  AddrMgr.o [3]
  .text              ro code  0x00213874     0x96  ssi.o [9]
  .rodata            const    0x0021390a      0x1  nwk_globals.o [1]
  .rodata            const    0x0021390b      0x1  nwk_globals.o [1]
  .text              ro code  0x0021390c     0xd6  uart.o [9]
  .rodata            const    0x002139e2      0x1  nwk_globals.o [1]
  .rodata            const    0x002139e3      0x1  nwk_globals.o [1]
  .text              ro code  0x002139e4    0x198  hal_sys_ctrl.o [1]
  .text              ro code  0x00213b7c    0x424  nwk_bufs.o [3]
  .text              ro code  0x00213fa0    0x230  NLMEDE_CB.o [3]
  .text              ro code  0x002141d0    0x548  ssp.o [3]
  .text              ro code  0x00214718    0x264  nwk_globals.o [1]
  .text              ro code  0x0021497c    0x134  AssocList.o [3]
  .text              ro code  0x00214ab0    0x144  APSMEDE_CB.o [3]
  .text              ro code  0x00214bf4    0x30c  bsp_key.o [5]
  .text              ro code  0x00214f00    0x204  mac_rx_onoff.o [1]
  .text              ro code  0x00215104    0x170  mac_backoff_timer.o [1]
  .text              ro code  0x00215274    0x5b0  mac_csp_tx.o [1]
  .text              ro code  0x00215824    0xab0  mac_rx.o [1]
  .text              ro code  0x002162d4    0x2d0  zmac_cb.o [1]
  .text              ro code  0x002165a4    0x4a4  mac_tx.o [1]
  .text              ro code  0x00216a48     0x68  mac_low_level.o [1]
  .text              ro code  0x00216ab0    0x25c  MT_UART.o [1]
  .text              ro code  0x00216d0c     0xc8  MT_AF.o [1]
  .text              ro code  0x00216dd4     0xc2  MT_DEBUG.o [1]
  .rodata            const    0x00216e96      0x1  nwk_globals.o [1]
  .rodata            const    0x00216e97      0x1  nwk_globals.o [1]
  .text              ro code  0x00216e98    0x148  reflecttrack.o [3]
  .text              ro code  0x00216fe0    0x228  aps_util.o [3]
  .text              ro code  0x00217208     0xf8  ZDConfig.o [1]
  .text              ro code  0x00217300    0x1ec  aes.o [9]
  .text              ro code  0x002174ec    0x46c  mac_autopend.o [1]
  .text              ro code  0x00217958    0x1b6  armcm3flashutil.o [1]
  .rodata            const    0x00217b0e      0x1  nwk_globals.o [1]
  .rodata            const    0x00217b0f      0x1  nwk_globals.o [1]
  .text              ro code  0x00217b10    0xcc0  MT_ZDO.o [1]
  .text              ro code  0x002187d0     0x34  systick.o [9]
  .text              ro code  0x00218804     0x74  mac_mem.o [1]
  .text              ro code  0x00218878    0x2b2  ssp_hash.o [3]
  .rodata            const    0x00218b2a      0x1  nwk_globals.o [1]
  .rodata            const    0x00218b2b      0x1  OSAL_SampleSw.o [1]
  .text              ro code  0x00218b2c    0x102  hal_ccm.o [1]
  .rodata            const    0x00218c2e      0x1  zcl_samplesw_data.o [1]
  .rodata            const    0x00218c2f      0x1  zcl_samplesw_data.o [1]
  .text              ro code  0x00218c30    0x350  io_pin_int.o [5]
  .text              ro code  0x00218f80     0x68  mac_sleep.o [1]
  .text              ro code  0x00218fe8     0x38  flash.o [9]
  .text              ro code  0x00219020    0x3b0  ccm.o [9]
  .text              ro code  0x002193d0     0x90  mac_radio_defs.o [1]
  .text              ro code  0x00219460    0x290  ZMain.o [1]
  .text              ro code  0x002196f0     0x2a  hal_systick.o [1]
  .rodata            const    0x0021971a      0x1  zcl_samplesw_data.o [1]
  .rodata            const    0x0021971b      0x1  ZDProfile.o [1]
  .rodata            const    0x0021971c    0x1d8  lcd_dogm128_6_alphabet.o [5]
  .rodata            const    0x002198f4    0x190  ZGlobals.o [1]
  .text              ro code  0x00219a84     0xd4  packbits_init.o [8]
  .text              ro code  0x00219b58      0x6  abort.o [6]
  .text              ro code  0x00219b60     0x14  exit.o [10]
  .text              ro code  0x00219b74     0xce  MT_APP.o [1]
  .rodata            const    0x00219c44     0xcc  mac_beacon.o [4]
  .rodata            const    0x00219d10     0xb8  zcl.o [1]
  .rodata            const    0x00219dc8     0xb4  zcl_samplesw_data.o [1]
  .rodata            const    0x00219e7c     0x90  mac_pib.o [1]
  .rodata            const    0x00219f0c     0x58  ZDProfile.o [1]
  .rodata            const    0x00219f64     0x4c  mac_pib.o [1]
  .text              ro code  0x00219fb0     0x42  startup_ewarm.o [1]
  .text              ro code  0x00219ff2      0xc  cstartup_M.o [8]
  .text              ro code  0x0021a000     0x1a  cmain.o [8]
  .text              ro code  0x0021a01a      0x4  low_level_init.o [6]
  .text              ro code  0x0021a020     0x28  data_init.o [8]
  .text              ro code  0x0021a048      0x4  exit.o [6]
  .text              ro code  0x0021a04c      0xa  cexit.o [8]
  .rodata            const    0x0021a058     0x24  mac_radio_defs.o [1]
  .rodata            const    0x0021a07c     0x24  OSAL_SampleSw.o [1]
  .iar.init_table    const    0x0021a0a0     0x34  - Linker created -
  .rodata            const    0x0021a0d4     0x18  hal_lcd.o [1]
  .rodata            const    0x0021a0ec     0x18  zcl_samplesw.o [1]
  .rodata            const    0x0021a104     0x14  hal_uart.o [1]
  .rodata            const    0x0021a118     0x14  zcl_samplesw.o [1]
  .rodata            const    0x0021a12c     0x14  zcl_samplesw.o [1]
  .rodata            const    0x0021a140     0x14  zcl_samplesw.o [1]
  .rodata            const    0x0021a154     0x14  zcl_samplesw.o [1]
  .rodata            const    0x0021a168     0x14  zcl_samplesw.o [1]
  .rodata            const    0x0021a17c     0x14  zcl_samplesw.o [1]
  .rodata            const    0x0021a190     0x14  zcl_samplesw.o [1]
  .rodata            const    0x0021a1a4     0x14  zcl_samplesw.o [1]
  .rodata            const    0x0021a1b8     0x14  zcl_samplesw.o [1]
  .rodata            const    0x0021a1cc     0x14  zcl_samplesw.o [1]
  .rodata            const    0x0021a1e0     0x14  zcl_samplesw_data.o [1]
  .rodata            const    0x0021a1f4     0x14  zcl_samplesw_data.o [1]
  .rodata            const    0x0021a208     0x14  zcl_samplesw_data.o [1]
  .rodata            const    0x0021a21c     0x14  zmac_cb.o [1]
  .rodata            const    0x0021a230     0x14  ZMain.o [1]
  .rodata            const    0x0021a244     0x10  nwk_globals.o [1]
  .rodata            const    0x0021a254     0x10  nwk_globals.o [1]
  .rodata            const    0x0021a264     0x10  nwk_globals.o [1]
  .rodata            const    0x0021a274     0x10  nwk_globals.o [1]
  .rodata            const    0x0021a284     0x10  zcl_samplesw.o [1]
  .rodata            const    0x0021a294     0x10  zcl_samplesw.o [1]
  .rodata            const    0x0021a2a4     0x10  zcl_samplesw.o [1]
  .rodata            const    0x0021a2b4     0x10  zcl_samplesw.o [1]
  .rodata            const    0x0021a2c4     0x10  zcl_samplesw.o [1]
  .rodata            const    0x0021a2d4     0x10  zcl_samplesw.o [1]
  .rodata            const    0x0021a2e4     0x10  zcl_samplesw.o [1]
  .rodata            const    0x0021a2f4     0x10  zcl_samplesw.o [1]
  .rodata            const    0x0021a304     0x10  zcl_samplesw.o [1]
  .rodata            const    0x0021a314     0x10  zcl_samplesw.o [1]
  .rodata            const    0x0021a324     0x10  zcl_samplesw.o [1]
  .rodata            const    0x0021a334     0x10  ZDObject.o [1]
  .rodata            const    0x0021a344     0x10  ZDObject.o [1]
  .rodata            const    0x0021a354     0x10  ZDObject.o [1]
  .rodata            const    0x0021a364     0x10  ZDObject.o [1]
  .rodata            const    0x0021a374      0xc  nwk_globals.o [1]
  .rodata            const    0x0021a380      0xc  nwk_globals.o [1]
  .rodata            const    0x0021a38c      0xc  nwk_globals.o [1]
  .rodata            const    0x0021a398      0xc  zcl_ha.o [1]
  .rodata            const    0x0021a3a4      0xc  zcl_samplesw.o [1]
  .rodata            const    0x0021a3b0      0xc  zcl_samplesw.o [1]
  .rodata            const    0x0021a3bc      0xc  zcl_samplesw.o [1]
  .rodata            const    0x0021a3c8      0xc  zcl_samplesw.o [1]
  .rodata            const    0x0021a3d4      0xc  ZDObject.o [1]
  .rodata            const    0x0021a3e0      0xc  ZDObject.o [1]
  .text              ro code  0x0021a3ec      0xa  hal_sleep.o [1]
  .rodata            const    0x0021a3f8      0x8  mac_cfg.o [1]
  .rodata            const    0x0021a400      0x8  MT_SYS.o [1]
  .rodata            const    0x0021a408      0x8  MT_VERSION.o [1]
  .rodata            const    0x0021a410      0x8  nwk_globals.o [1]
  .rodata            const    0x0021a418      0x8  nwk_globals.o [1]
  .rodata            const    0x0021a420      0x8  osal_nv.o [1]
  .rodata            const    0x0021a428      0x8  zcl_ha.o [1]
  .rodata            const    0x0021a430      0x8  zcl_ha.o [1]
  .rodata            const    0x0021a438      0x8  zcl_ha.o [1]
  .rodata            const    0x0021a440      0x8  zcl_samplesw.o [1]
  .rodata            const    0x0021a448      0x8  zcl_samplesw.o [1]
  .rodata            const    0x0021a450      0x8  zcl_samplesw.o [1]
  .rodata            const    0x0021a458      0x8  zcl_samplesw.o [1]
  .rodata            const    0x0021a460      0x8  zcl_samplesw.o [1]
  .rodata            const    0x0021a468      0x8  zcl_samplesw.o [1]
  .rodata            const    0x0021a470      0x8  zcl_samplesw.o [1]
  .rodata            const    0x0021a478      0x8  zcl_samplesw.o [1]
  .rodata            const    0x0021a480      0x8  zcl_samplesw.o [1]
  .rodata            const    0x0021a488      0x8  zcl_samplesw.o [1]
  .rodata            const    0x0021a490      0x8  zcl_samplesw.o [1]
  .rodata            const    0x0021a498      0x8  zcl_samplesw.o [1]
  .rodata            const    0x0021a4a0      0x8  ZDSecMgr.o [1]
  .rodata            const    0x0021a4a8      0x8  ZMain.o [1]
  .rodata            const    0x0021a4b0      0x8  ZMain.o [1]
  .rodata            const    0x0021a4b8      0x4  mac_rx.o [1]
  .rodata            const    0x0021a4bc      0x4  nwk_globals.o [1]
  .rodata            const    0x0021a4c0      0x4  zcl_samplesw.o [1]
  .rodata            const    0x0021a4c4      0x4  zcl_samplesw_data.o [1]
  .rodata            const    0x0021a4c8      0x4  zcl_samplesw_data.o [1]
  .rodata            const    0x0021a4cc      0x0  zero_init3.o [8]
  .rodata            const    0x0021a4cc      0x0  packbits_init.o [8]
  Initializer bytes  ro data  0x0021a4cc    0x10d  <for P2 s0>
                            - 0x0021a5d9  0x1a4d9

Absolute sections:                         0x3000
  .noinit            uninit   0x0027c800   0x3000  osal_nv.o [1]
                            - 0x0027f800   0x3000

"A2":                                         0xc
  .cca               const    0x0027ffd4      0xc  startup_ewarm.o [1]
                            - 0x0027ffe0      0xc

"A7":                                       0x100
  VTABLE             zero     0x20004000    0x100  interrupt.o [9]
                            - 0x20004100    0x100

"P2", part 1 of 3:                          0x238
  P2 s0                       0x20004100    0x236  <Init block>
    .data            inited   0x20004100     0x80  mac_beacon.o [4]
    .data            inited   0x20004180     0x5c  mac_beacon.o [4]
    .data            inited   0x200041dc     0x48  MT.o [1]
    .data            inited   0x20004224     0x30  zcl_samplesw.o [1]
    .data            inited   0x20004254     0x18  APS.o [3]
    .data            inited   0x2000426c     0x14  zcl_samplesw_data.o [1]
    .data            inited   0x20004280     0x14  zcl_samplesw_data.o [1]
    .data            inited   0x20004294     0x10  zcl_samplesw.o [1]
    .data            inited   0x200042a4     0x10  ZDApp.o [1]
    .data            inited   0x200042b4     0x10  nwk_util.o [3]
    .data            inited   0x200042c4      0xc  aps_frag.o [3]
    .data            inited   0x200042d0      0x8  reflecttrack.o [3]
    .data            inited   0x200042d8      0x4  osal_nv.o [1]
    .data            inited   0x200042dc      0x4  zcl_samplesw.o [1]
    .data            inited   0x200042e0      0x4  zcl_samplesw.o [1]
    .data            inited   0x200042e4      0x4  zcl_samplesw.o [1]
    .data            inited   0x200042e8      0x4  ZDProfile.o [1]
    .data            inited   0x200042ec      0x4  ZGlobals.o [1]
    .data            inited   0x200042f0      0x4  mac_beacon.o [4]
    .data            inited   0x200042f4      0x2  zcl_samplesw.o [1]
    .data            inited   0x200042f6      0x2  ZDApp.o [1]
    .data            inited   0x200042f8      0x2  ZGlobals.o [1]
    .data            inited   0x200042fa      0x2  ZGlobals.o [1]
    .data            inited   0x200042fc      0x2  ZGlobals.o [1]
    .data            inited   0x200042fe      0x2  ZGlobals.o [1]
    .data            inited   0x20004300      0x2  ZGlobals.o [1]
    .data            inited   0x20004302      0x2  ZGlobals.o [1]
    .data            inited   0x20004304      0x2  ZGlobals.o [1]
    .data            inited   0x20004306      0x2  ZGlobals.o [1]
    .data            inited   0x20004308      0x2  ZGlobals.o [1]
    .data            inited   0x2000430a      0x2  ZGlobals.o [1]
    .data            inited   0x2000430c      0x2  NLMEDE.o [3]
    .data            inited   0x2000430e      0x2  reflecttrack.o [3]
    .data            inited   0x20004310      0x1  AF.o [1]
    .data            inited   0x20004311      0x1  mac_sleep.o [1]
    .data            inited   0x20004312      0x1  nwk_globals.o [1]
    .data            inited   0x20004313      0x1  OnBoard.o [1]
    .data            inited   0x20004314      0x1  OSAL.o [1]
    .data            inited   0x20004315      0x1  zcl.o [1]
    .data            inited   0x20004316      0x1  zcl_samplesw.o [1]
    .data            inited   0x20004317      0x1  zcl_samplesw.o [1]
    .data            inited   0x20004318      0x1  zcl_samplesw_data.o [1]
    .data            inited   0x20004319      0x1  ZDApp.o [1]
    .data            inited   0x2000431a      0x1  ZDApp.o [1]
    .data            inited   0x2000431b      0x1  ZGlobals.o [1]
    .data            inited   0x2000431c      0x1  ZGlobals.o [1]
    .data            inited   0x2000431d      0x1  ZGlobals.o [1]
    .data            inited   0x2000431e      0x1  ZGlobals.o [1]
    .data            inited   0x2000431f      0x1  ZGlobals.o [1]
    .data            inited   0x20004320      0x1  ZGlobals.o [1]
    .data            inited   0x20004321      0x1  ZGlobals.o [1]
    .data            inited   0x20004322      0x1  ZGlobals.o [1]
    .data            inited   0x20004323      0x1  ZGlobals.o [1]
    .data            inited   0x20004324      0x1  ZGlobals.o [1]
    .data            inited   0x20004325      0x1  ZGlobals.o [1]
    .data            inited   0x20004326      0x1  ZGlobals.o [1]
    .data            inited   0x20004327      0x1  ZGlobals.o [1]
    .data            inited   0x20004328      0x1  ZGlobals.o [1]
    .data            inited   0x20004329      0x1  ZGlobals.o [1]
    .data            inited   0x2000432a      0x1  ZGlobals.o [1]
    .data            inited   0x2000432b      0x1  ZGlobals.o [1]
    .data            inited   0x2000432c      0x1  ZGlobals.o [1]
    .data            inited   0x2000432d      0x1  ZGlobals.o [1]
    .data            inited   0x2000432e      0x1  ZGlobals.o [1]
    .data            inited   0x2000432f      0x1  ZGlobals.o [1]
    .data            inited   0x20004330      0x1  ZGlobals.o [1]
    .data            inited   0x20004331      0x1  ZGlobals.o [1]
    .data            inited   0x20004332      0x1  ZGlobals.o [1]
    .data            inited   0x20004333      0x1  ZGlobals.o [1]
    .data            inited   0x20004334      0x1  ZGlobals.o [1]
    .data            inited   0x20004335      0x1  ZGlobals.o [1]
                            - 0x20004336    0x236

"P2", part 2 of 3:                          0xe2c
  .bss               zero     0x20004338    0x400  lcd_dogm128_6.o [5]
  .bss               zero     0x20004738    0x1f8  nwk_globals.o [1]
  .bss               zero     0x20004930    0x140  nwk_globals.o [1]
  .bss               zero     0x20004a70     0x78  nwk.o [3]
  .bss               zero     0x20004ae8     0x70  nwk_globals.o [1]
  .bss               zero     0x20004b58     0x70  io_pin_int.o [5]
  .bss               zero     0x20004bc8     0x60  mac_beacon.o [4]
  .bss               zero     0x20004c28     0x50  nwk_globals.o [1]
  .bss               zero     0x20004c78     0x50  ZDProfile.o [1]
  .bss               zero     0x20004cc8     0x4c  mac_pib.o [1]
  .bss               zero     0x20004d14     0x38  nwk_globals.o [1]
  .bss               zero     0x20004d4c     0x38  mac_beacon.o [4]
  .bss               zero     0x20004d84     0x34  hal_led.o [1]
  .bss               zero     0x20004db8     0x34  ZDObject.o [1]
  .bss               zero     0x20004dec     0x2c  hal_uart.o [1]
  .bss               zero     0x20004e18     0x24  ZDSecMgr.o [1]
  .bss               zero     0x20004e3c     0x20  bsp_key.o [5]
  .bss               zero     0x20004e5c     0x20  mac_beacon.o [4]
  .bss               zero     0x20004e7c     0x20  io_pin_int.o [5]
  .bss               zero     0x20004e9c     0x1c  ZDApp.o [1]
  .bss               zero     0x20004eb8     0x18  nwk_globals.o [1]
  .bss               zero     0x20004ed0     0x14  APSMEDE.o [3]
  .bss               zero     0x20004ee4     0x14  aes.o [9]
  .bss               zero     0x20004ef8     0x10  zcl_ezmode.o [1]
  .bss               zero     0x20004f08     0x10  zcl_ezmode.o [1]
  .bss               zero     0x20004f18     0x10  zcl_samplesw.o [1]
  .bss               zero     0x20004f28     0x10  ZDConfig.o [1]
  .bss               zero     0x20004f38     0x10  APS.o [3]
  .bss               zero     0x20004f48      0xc  nwk_globals.o [1]
  .bss               zero     0x20004f54      0xc  osal_nv.o [1]
  .bss               zero     0x20004f60      0xc  osal_nv.o [1]
  .bss               zero     0x20004f6c      0xc  zcl_samplesw.o [1]
  .bss               zero     0x20004f78      0xc  ZDApp.o [1]
  .bss               zero     0x20004f84      0xc  ZDSecMgr.o [1]
  .bss               zero     0x20004f90      0xc  nwk_util.o [3]
  .bss               zero     0x20004f9c      0xc  nwk_util.o [3]
  .bss               zero     0x20004fa8      0xc  nwk_util.o [3]
  .bss               zero     0x20004fb4      0xc  NLMEDE.o [3]
  .bss               zero     0x20004fc0      0x8  OnBoard.o [1]
  .bss               zero     0x20004fc8      0x8  osal_nv.o [1]
  .bss               zero     0x20004fd0      0x8  OSAL_PwrMgr.o [1]
  .bss               zero     0x20004fd8      0x8  zcl_samplesw.o [1]
  .bss               zero     0x20004fe0      0x8  ZDApp.o [1]
  .bss               zero     0x20004fe8      0x8  ZGlobals.o [1]
  .bss               zero     0x20004ff0      0x8  ZGlobals.o [1]
  .bss               zero     0x20004ff8      0x8  ZGlobals.o [1]
  .bss               zero     0x20005000      0x8  AddrMgr.o [3]
  .bss               zero     0x20005008      0x8  ssp.o [3]
  .bss               zero     0x20005010      0x8  ssp.o [3]
  .bss               zero     0x20005018      0x4  AF.o [1]
  .bss               zero     0x2000501c      0x4  BindingTable.o [1]
  .bss               zero     0x20005020      0x4  BindingTable.o [1]
  .bss               zero     0x20005024      0x4  BindingTable.o [1]
  .bss               zero     0x20005028      0x4  BindingTable.o [1]
  .bss               zero     0x2000502c      0x4  BindingTable.o [1]
  .bss               zero     0x20005030      0x4  BindingTable.o [1]
  .bss               zero     0x20005034      0x4  BindingTable.o [1]
  .bss               zero     0x20005038      0x4  hal_aes.o [1]
  .bss               zero     0x2000503c      0x4  hal_key.o [1]
  .bss               zero     0x20005040      0x4  mac_backoff_timer.o [1]
  .bss               zero     0x20005044      0x4  mac_backoff_timer.o [1]
  .bss               zero     0x20005048      0x4  mac_mcu.o [1]
  .bss               zero     0x2000504c      0x4  mac_mcu.o [1]
  .bss               zero     0x20005050      0x4  mac_mcu.o [1]
  .bss               zero     0x20005054      0x4  mac_rx.o [1]
  .bss               zero     0x20005058      0x4  mac_rx.o [1]
  .bss               zero     0x2000505c      0x4  mac_rx.o [1]
  .bss               zero     0x20005060      0x4  MT_AF.o [1]
  .bss               zero     0x20005064      0x4  MT_AF.o [1]
  .bss               zero     0x20005068      0x4  MT_UART.o [1]
  .bss               zero     0x2000506c      0x4  MT_ZDO.o [1]
  .bss               zero     0x20005070      0x4  OSAL.o [1]
  .bss               zero     0x20005074      0x4  OSAL_Clock.o [1]
  .bss               zero     0x20005078      0x4  OSAL_Clock.o [1]
  .bss               zero     0x2000507c      0x4  osal_nv.o [1]
  .bss               zero     0x20005080      0x4  OSAL_SampleSw.o [1]
  .bss               zero     0x20005084      0x4  OSAL_Timers.o [1]
  .bss               zero     0x20005088      0x4  OSAL_Timers.o [1]
  .bss               zero     0x2000508c      0x4  zcl.o [1]
  .bss               zero     0x20005090      0x4  zcl.o [1]
  .bss               zero     0x20005094      0x4  zcl.o [1]
  .bss               zero     0x20005098      0x4  zcl.o [1]
  .bss               zero     0x2000509c      0x4  zcl.o [1]
  .bss               zero     0x200050a0      0x4  zcl_general.o [1]
  .bss               zero     0x200050a4      0x4  ZDApp.o [1]
  .bss               zero     0x200050a8      0x4  ZDApp.o [1]
  .bss               zero     0x200050ac      0x4  ZDConfig.o [1]
  .bss               zero     0x200050b0      0x4  ZDObject.o [1]
  .bss               zero     0x200050b4      0x4  ZDProfile.o [1]
  .bss               zero     0x200050b8      0x4  ZDSecMgr.o [1]
  .bss               zero     0x200050bc      0x4  zmac.o [1]
  .bss               zero     0x200050c0      0x4  zmac.o [1]
  .bss               zero     0x200050c4      0x4  zmac_cb.o [1]
  .bss               zero     0x200050c8      0x4  APSMEDE.o [3]
  .bss               zero     0x200050cc      0x4  aps_groups.o [3]
  .bss               zero     0x200050d0      0x4  APS.o [3]
  .bss               zero     0x200050d4      0x4  APS.o [3]
  .bss               zero     0x200050d8      0x4  APS.o [3]
  .bss               zero     0x200050dc      0x4  mac_beacon.o [4]
  .bss               zero     0x200050e0      0x4  nwk_bufs.o [3]
  .bss               zero     0x200050e4      0x4  nwk_bufs.o [3]
  .bss               zero     0x200050e8      0x4  NLMEDE.o [3]
  .bss               zero     0x200050ec      0x4  NLMEDE.o [3]
  .bss               zero     0x200050f0      0x2  zcl_ezmode.o [1]
  .bss               zero     0x200050f2      0x2  zcl_samplesw.o [1]
  .bss               zero     0x200050f4      0x2  zcl_samplesw.o [1]
  .bss               zero     0x200050f6      0x2  zcl_samplesw.o [1]
  .bss               zero     0x200050f8      0x2  zcl_samplesw.o [1]
  .bss               zero     0x200050fa      0x2  zcl_samplesw_data.o [1]
  .bss               zero     0x200050fc      0x2  NLMEDE.o [3]
  .bss               zero     0x200050fe      0x1  BindingTable.o [1]
  .bss               zero     0x200050ff      0x1  hal_assert.o [1]
  .bss               zero     0x20005100      0x1  hal_drivers.o [1]
  .bss               zero     0x20005101      0x1  hal_key.o [1]
  .bss               zero     0x20005102      0x1  hal_key.o [1]
  .bss               zero     0x20005103      0x1  hal_key.o [1]
  .bss               zero     0x20005104      0x1  hal_led.o [1]
  .bss               zero     0x20005105      0x1  hal_led.o [1]
  .bss               zero     0x20005106      0x1  hal_uart.o [1]
  .bss               zero     0x20005107      0x1  mac_autopend.o [1]
  .bss               zero     0x20005108      0x1  mac_autopend.o [1]
  .bss               zero     0x20005109      0x1  mac_mcu.o [1]
  .bss               zero     0x2000510a      0x1  mac_mcu.o [1]
  .bss               zero     0x2000510b      0x1  mac_radio.o [1]
  .bss               zero     0x2000510c      0x1  mac_radio.o [1]
  .bss               zero     0x2000510d      0x1  mac_radio.o [1]
  .bss               zero     0x2000510e      0x1  mac_radio.o [1]
  .bss               zero     0x2000510f      0x1  mac_rx.o [1]
  .bss               zero     0x20005110      0x1  mac_rx.o [1]
  .bss               zero     0x20005111      0x1  mac_rx.o [1]
  .bss               zero     0x20005112      0x1  mac_rx.o [1]
  .bss               zero     0x20005113      0x1  mac_rx.o [1]
  .bss               zero     0x20005114      0x1  mac_rx.o [1]
  .bss               zero     0x20005115      0x1  mac_rx.o [1]
  .bss               zero     0x20005116      0x1  mac_rx.o [1]
  .bss               zero     0x20005117      0x1  mac_rx.o [1]
  .bss               zero     0x20005118      0x1  mac_rx.o [1]
  .bss               zero     0x20005119      0x1  mac_rx.o [1]
  .bss               zero     0x2000511a      0x1  mac_rx_onoff.o [1]
  .bss               zero     0x2000511b      0x1  mac_rx_onoff.o [1]
  .bss               zero     0x2000511c      0x1  mac_tx.o [1]
  .bss               zero     0x2000511d      0x1  mac_tx.o [1]
  .bss               zero     0x2000511e      0x1  mac_tx.o [1]
  .bss               zero     0x2000511f      0x1  mac_tx.o [1]
  .bss               zero     0x20005120      0x1  mac_tx.o [1]
  .bss               zero     0x20005121      0x1  mac_tx.o [1]
  .bss               zero     0x20005122      0x1  mac_tx.o [1]
  .bss               zero     0x20005123      0x1  mac_tx.o [1]
  .bss               zero     0x20005124      0x1  mac_tx.o [1]
  .bss               zero     0x20005125      0x1  MT.o [1]
  .bss               zero     0x20005126      0x1  MT.o [1]
  .bss               zero     0x20005127      0x1  MT_TASK.o [1]
  .bss               zero     0x20005128      0x1  MT_UART.o [1]
  .bss               zero     0x20005129      0x1  MT_UART.o [1]
  .bss               zero     0x2000512a      0x1  MT_UART.o [1]
  .bss               zero     0x2000512b      0x1  MT_UART.o [1]
  .bss               zero     0x2000512c      0x1  MT_UART.o [1]
  .bss               zero     0x2000512d      0x1  OnBoard.o [1]
  .bss               zero     0x2000512e      0x1  OSAL_Memory.o [1]
  .bss               zero     0x2000512f      0x1  osal_nv.o [1]
  .bss               zero     0x20005130      0x1  zcl.o [1]
  .bss               zero     0x20005131      0x1  zcl.o [1]
  .bss               zero     0x20005132      0x1  zcl_ezmode.o [1]
  .bss               zero     0x20005133      0x1  zcl_ezmode.o [1]
  .bss               zero     0x20005134      0x1  zcl_ezmode.o [1]
  .bss               zero     0x20005135      0x1  zcl_ezmode.o [1]
  .bss               zero     0x20005136      0x1  zcl_ezmode.o [1]
  .bss               zero     0x20005137      0x1  zcl_ezmode.o [1]
  .bss               zero     0x20005138      0x1  zcl_general.o [1]
  .bss               zero     0x20005139      0x1  zcl_samplesw.o [1]
  .bss               zero     0x2000513a      0x1  zcl_samplesw.o [1]
  .bss               zero     0x2000513b      0x1  zcl_samplesw.o [1]
  .bss               zero     0x2000513c      0x1  zcl_samplesw.o [1]
  .bss               zero     0x2000513d      0x1  zcl_samplesw.o [1]
  .bss               zero     0x2000513e      0x1  zcl_samplesw.o [1]
  .bss               zero     0x2000513f      0x1  zcl_samplesw.o [1]
  .bss               zero     0x20005140      0x1  zcl_samplesw.o [1]
  .bss               zero     0x20005141      0x1  zcl_samplesw.o [1]
  .bss               zero     0x20005142      0x1  zcl_samplesw.o [1]
  .bss               zero     0x20005143      0x1  zcl_samplesw_data.o [1]
  .bss               zero     0x20005144      0x1  zcl_samplesw_data.o [1]
  .bss               zero     0x20005145      0x1  ZDApp.o [1]
  .bss               zero     0x20005146      0x1  ZDApp.o [1]
  .bss               zero     0x20005147      0x1  ZDApp.o [1]
  .bss               zero     0x20005148      0x1  ZDApp.o [1]
  .bss               zero     0x20005149      0x1  ZDApp.o [1]
  .bss               zero     0x2000514a      0x1  ZDApp.o [1]
  .bss               zero     0x2000514b      0x1  ZDApp.o [1]
  .bss               zero     0x2000514c      0x1  ZDApp.o [1]
  .bss               zero     0x2000514d      0x1  ZDObject.o [1]
  .bss               zero     0x2000514e      0x1  ZDProfile.o [1]
  .bss               zero     0x2000514f      0x1  ZDProfile.o [1]
  .bss               zero     0x20005150      0x1  ZGlobals.o [1]
  .bss               zero     0x20005151      0x1  ZGlobals.o [1]
  .bss               zero     0x20005152      0x1  ZGlobals.o [1]
  .bss               zero     0x20005153      0x1  ZGlobals.o [1]
  .bss               zero     0x20005154      0x1  ZGlobals.o [1]
  .bss               zero     0x20005155      0x1  ZGlobals.o [1]
  .bss               zero     0x20005156      0x1  ZGlobals.o [1]
  .bss               zero     0x20005157      0x1  ZGlobals.o [1]
  .bss               zero     0x20005158      0x1  zmac_cb.o [1]
  .bss               zero     0x20005159      0x1  nwk_util.o [3]
  .bss               zero     0x2000515a      0x1  nwk_util.o [3]
  .bss               zero     0x2000515b      0x1  nwk_util.o [3]
  .bss               zero     0x2000515c      0x1  rtg.o [3]
  .bss               zero     0x2000515d      0x1  nwk.o [3]
  .bss               zero     0x2000515e      0x1  nwk.o [3]
  .bss               zero     0x2000515f      0x1  nwk.o [3]
  .bss               zero     0x20005160      0x1  bsp.o [5]
                            - 0x20005161    0xe29

"P2", part 3 of 3:                         0x2004
  .noinit            uninit   0x20005164   0x1800  OSAL_Memory.o [1]
  .noinit            uninit   0x20006964    0x800  startup_ewarm.o [1]
  .noinit            uninit   0x20007164      0x4  OSAL_Memory.o [1]
                            - 0x20007168   0x2004


*******************************************************************************
*** INIT TABLE
***

          Address     Size
          -------     ----
Zero (__iar_zero_init3)
    2 destination ranges, total size 0xf29:
          0x20004000  0x100
          0x20004338  0xe29

Copy/packbits (__iar_packbits_init3)
    1 source range, total size 0x10d (47% of destination):
          0x0021a4cc  0x10d
    1 destination range, total size 0x236:
          0x20004100  0x236



*******************************************************************************
*** MODULE SUMMARY
***

    Module                    ro code  ro data  rw data  rw data
                                                          (abs)
    ------                    -------  -------  -------  -------
C:\Users\Nguyen\Documents\GitHub\hungtest\LuanVan_Project\Z-Stack Home 1.2.0\Projects\zstack\HomeAutomation\SampleSwitch - Copy\CC2538\EndDevice\Obj: [1]
    AF.o                        1 684        1        5
    BindingTable.o              2 236                29
    DebugTrace.o                   76
    MT.o                          258       34       74
    MT_AF.o                       200                 8
    MT_APP.o                      206
    MT_DEBUG.o                    194
    MT_SYS.o                    2 228       12
    MT_TASK.o                     372                 1
    MT_UART.o                     604                 9
    MT_VERSION.o                             8
    MT_ZDO.o                    3 264                 4
    OSAL.o                      1 956        1        5
    OSAL_Clock.o                  776                 8
    OSAL_Memory.o                 524             6 149
    OSAL_PwrMgr.o                  20                 8
    OSAL_SampleSw.o               136       37        4
    OSAL_Timers.o                 776                 8
    OnBoard.o                     270                10
    ZDApp.o                     5 296       10       84
    ZDConfig.o                    248                20
    ZDObject.o                  2 822       88       57
    ZDProfile.o                 3 652       91       90
    ZDSecMgr.o                  2 648        8       52
    ZGlobals.o                    516      425       83
    ZMain.o                       656       36
    armcm3flashutil.o             438
    hal_adc.o                      56
    hal_aes.o                      92                 4
    hal_assert.o                  668                 1
    hal_ccm.o                     258
    hal_drivers.o                 152                 1
    hal_key.o                     404                 7
    hal_lcd.o                     276       24
    hal_led.o                     876                54
    hal_sleep.o                    10
    hal_sys_ctrl.o                408
    hal_systick.o                  42
    hal_uart.o                  1 142       20       45
    mac_autopend.o              1 132                 2
    mac_backoff_timer.o           368                 8
    mac_cfg.o                                8
    mac_csp_tx.o                1 456
    mac_low_level.o               104
    mac_mcu.o                   1 784                14
    mac_mem.o                     116
    mac_pib.o                     512      220       76
    mac_radio.o                   752                 4
    mac_radio_defs.o              144       36
    mac_rx.o                    2 736        4       23
    mac_rx_onoff.o                516                 2
    mac_sleep.o                   104                 1
    mac_tx.o                    1 188                 9
    nwk_globals.o                 612      146    1 109
    osal_nv.o                   4 390       10       41   12 288
    saddr.o                       166
    startup_ewarm.o                66      268    2 048
    zcl.o                       7 786      184       23
    zcl_ezmode.o                  924                40
    zcl_general.o                 694                 5
    zcl_ha.o                      196       36
    zcl_samplesw.o              3 504      587      134
    zcl_samplesw_data.o                    272       45
    zmac.o                        528                 8
    zmac_cb.o                     720       20        5
    ------------------------------------------------------------
    Total:                     66 938    2 586   10 417   12 288

command line: [2]
    ------------------------------------------------------------
    Total:

EndDevice.a: [3]
    APS.o                       1 736       11       52
    APSMEDE.o                   2 760                24
    APSMEDE_CB.o                  324
    AddrMgr.o                   1 052                 8
    AssocList.o                   308
    NLMEDE.o                      984                24
    NLMEDE_CB.o                   560
    aps_frag.o                  1 596        6       12
    aps_groups.o                   88                 4
    aps_util.o                    552
    nwk.o                       2 860               123
    nwk_bufs.o                  1 060                 8
    nwk_util.o                  4 060        7       55
    reflecttrack.o                328        5       10
    rtg.o                       1 796                 1
    ssp.o                       1 352                16
    ssp_hash.o                    690
    ------------------------------------------------------------
    Total:                     22 106       29      337

TIMAC-CC2538.a: [4]
    mac_beacon.o                7 596      310      412
    ------------------------------------------------------------
    Total:                      7 596      310      412

bsp.lib: [5]
    acc_srf06eb.o                 412
    als_srf06eb.o                  72
    bsp.o                         180                 1
    bsp_key.o                     780                32
    bsp_led.o                      48
    io_pin_int.o                  848               144
    lcd_dogm128_6.o               228             1 024
    lcd_dogm128_6_alphabet.o               472
    lcd_srf06eb.o                 288
    ------------------------------------------------------------
    Total:                      2 856      472    1 201

dl7M_tln.a: [6]
    abort.o                         6
    exit.o                          4
    low_level_init.o                4
    memcpy.o                       12
    memset.o                       20
    strcat.o                       28
    ------------------------------------------------------------
    Total:                         74

m7M_tl.a: [7]
    ------------------------------------------------------------
    Total:

rt7M_tl.a: [8]
    ABImemclr.o                     6
    ABImemcpy_unaligned.o         118
    ABImemset.o                   102
    cexit.o                        10
    cmain.o                        26
    cstartup_M.o                   12
    data_init.o                    40
    packbits_init.o               212
    strcpy_unaligned.o             68
    strlen.o                       54
    zero_init3.o                   34
    ------------------------------------------------------------
    Total:                        682

sdriverlib.lib: [9]
    adc.o                          80
    aes.o                         492                20
    ccm.o                         944
    cpu.o                          16
    flash.o                        56
    gpio.o                        452
    interrupt.o                   592               256
    ioc.o                         740
    ssi.o                         150
    sys_ctrl.o                    484
    systick.o                      52
    uart.o                        214
    ------------------------------------------------------------
    Total:                      4 272               276

shb_l.a: [10]
    exit.o                         20
    ------------------------------------------------------------
    Total:                         20

    Gaps                            6        6
    Linker created                          52
----------------------------------------------------------------
    Grand Total:              104 550    3 455   12 643   12 288


*******************************************************************************
*** ENTRY LIST
***

Entry                      Address    Size  Type      Object
-----                      -------    ----  ----      ------
?main                   0x0021a001          Code  Gb  cmain.o [8]
AESECBCheckResult       0x00217459    0x16  Code  Gb  aes.o [9]
AESECBGetResult         0x0021746f    0x5a  Code  Gb  aes.o [9]
AESECBStart             0x002173d1    0x88  Code  Gb  aes.o [9]
AESLoadKey              0x00217301    0xce  Code  Gb  aes.o [9]
AF_DataRequest          0x00203a99   0x208  Code  Gb  AF.o [1]
AF_DataRequestDiscoverRoute
                        0x20004310     0x1  Data  Gb  AF.o [1]
AIB_apsTrustCenterAddress
                        0x20004258     0x4  Data  Gb  APS.o [3]
AIB_apsUseExtendedPANID
                        0x20004264     0x8  Data  Gb  APS.o [3]
AIB_apsUseInsecureJoin  0x20004256     0x1  Data  Gb  APS.o [3]
APSDE_DataCnf           0x00214ac9     0xa  Code  Gb  APSMEDE_CB.o [3]
APSDE_DataConfirm       0x00214ab1    0x18  Code  Gb  APSMEDE_CB.o [3]
APSDE_DataIndication    0x00214ad3    0xa0  Code  Gb  APSMEDE_CB.o [3]
APSDE_DataReq           0x00209c89   0x1da  Code  Gb  APSMEDE.o [3]
APSDE_DataReqMTU        0x00209e63    0x28  Code  Gb  APSMEDE.o [3]
APSDE_FrameAlloc        0x0020a555   0x114  Code  Gb  APSMEDE.o [3]
APSDE_FrameHdrSet       0x0020a369    0xee  Code  Gb  APSMEDE.o [3]
APSDE_FrameSend         0x0020a669    0x42  Code  Gb  APSMEDE.o [3]
APSDE_ParseMsg          0x00216fe1   0x102  Code  Gb  aps_util.o [3]
APSF_AllocRxObj         0x0020e49d    0xf6  Code  Lc  aps_frag.o [3]
APSF_FindObj            0x0020e18f    0x2a  Code  Lc  aps_frag.o [3]
APSF_FreeObj            0x0020e1b9    0x28  Code  Lc  aps_frag.o [3]
APSF_IncomingData       0x0020e593   0x136  Code  Lc  aps_frag.o [3]
APSF_Init               0x0020e169    0x26  Code  Gb  aps_frag.o [3]
APSF_ObjList            0x200042c8     0x4  Data  Lc  aps_frag.o [3]
APSF_ProcessAck         0x0020e419    0x84  Code  Gb  aps_frag.o [3]
APSF_ProcessEvent       0x0020e6d3    0xb0  Code  Gb  aps_frag.o [3]
APSF_SendFragmented     0x0020e1e1   0x134  Code  Gb  aps_frag.o [3]
APSF_SendOsalMsg        0x0020e6c9     0xa  Code  Gb  aps_frag.o [3]
APSF_TxNextFrame        0x0020e315   0x102  Code  Lc  aps_frag.o [3]
APSF_taskID             0x200042c4     0x1  Data  Gb  aps_frag.o [3]
APSME_BindRequest       0x00209e8b    0x26  Code  Gb  APSMEDE.o [3]
APSME_CmdPkt            0x0020a511    0x3e  Code  Gb  APSMEDE.o [3]
APSME_CmdPktCM_ED       0x0020a4e3    0x14  Code  Gb  APSMEDE.o [3]
APSME_CmdPktHook        0x20004ee0     0x4  Data  Gb  APSMEDE.o [3]
APSME_CmdTransportKey   0x0020a45d    0x86  Code  Gb  APSMEDE.o [3]
APSME_FrameSecApplyCM   0x0020a2f9    0x6c  Code  Gb  APSMEDE.o [3]
APSME_FrameSecApplyExtCM
                        0x0020a365     0x4  Code  Gb  APSMEDE.o [3]
APSME_FrameSecApplyExtHook
                        0x20004ed8     0x4  Data  Gb  APSMEDE.o [3]
APSME_FrameSecApplyHook
                        0x20004ed4     0x4  Data  Gb  APSMEDE.o [3]
APSME_FrameSecKeySetup  0x0020a183    0x76  Code  Gb  APSMEDE.o [3]
APSME_FrameSecKeySync   0x0020a121    0x62  Code  Gb  APSMEDE.o [3]
APSME_FrameSecRemoveCM  0x0020a27d    0x7c  Code  Gb  APSMEDE.o [3]
APSME_FrameSecRemoveHook
                        0x20004edc     0x4  Data  Gb  APSMEDE.o [3]
APSME_FrameSecSetupCM   0x0020a1f9    0x84  Code  Gb  APSMEDE.o [3]
APSME_FrameSecSetupHook
                        0x20004ed0     0x4  Data  Gb  APSMEDE.o [3]
APSME_FrameSecurityRemove
                        0x0020a6b1    0x20  Code  Gb  APSMEDE.o [3]
APSME_GetRequest        0x00209ec5    0x4c  Code  Gb  APSMEDE.o [3]
APSME_HoldDataRequests  0x0020e095    0x2a  Code  Gb  APS.o [3]
APSME_IsDefaultTCLK     0x002126f5    0x10  Code  Gb  ZDSecMgr.o [1]
APSME_IsDistributedSecurity
                        0x0020a71d     0xc  Code  Gb  APSMEDE.o [3]
APSME_LinkKeyLoad       0x0020a0a3    0x7e  Code  Gb  APSMEDE.o [3]
APSME_LinkKeyNVIdGet    0x0021240b    0x2a  Code  Gb  ZDSecMgr.o [1]
APSME_LinkKeySet        0x00212305    0xa4  Code  Gb  ZDSecMgr.o [1]
APSME_LinkKeySync       0x00209ffb    0x5e  Code  Gb  APSMEDE.o [3]
APSME_LookupExtAddr     0x00209f2d    0x3e  Code  Gb  APSMEDE.o [3]
APSME_LookupNwkAddr     0x00209f6b    0x2e  Code  Gb  APSMEDE.o [3]
APSME_NwkKeyLoad        0x0020a059    0x4a  Code  Gb  APSMEDE.o [3]
APSME_NwkKeySync        0x00209fd1    0x2a  Code  Gb  APSMEDE.o [3]
APSME_SecurityCM_ED     0x0020a705    0x18  Code  Gb  APSMEDE.o [3]
APSME_SetRequest        0x00209f11    0x1c  Code  Gb  APSMEDE.o [3]
APSME_SwitchKeyInd      0x00214bc1    0x28  Code  Gb  APSMEDE_CB.o [3]
APSME_TCLinkKeyInit     0x00212435    0xb6  Code  Gb  ZDSecMgr.o [1]
APSME_TCLinkKeyLoad     0x00212601    0xf4  Code  Gb  ZDSecMgr.o [1]
APSME_TCLinkKeySync     0x002124f1   0x110  Code  Gb  ZDSecMgr.o [1]
APSME_TransportKeyInd   0x00214b73    0x40  Code  Gb  APSMEDE_CB.o [3]
APSME_UnBindRequest     0x00209eb1    0x14  Code  Gb  APSMEDE.o [3]
APS_AllowDataRequests   0x20004257     0x1  Data  Gb  APS.o [3]
APS_CmdInd              0x0020dbb9    0x60  Code  Gb  APS.o [3]
APS_Counter             0x20004255     0x1  Data  Gb  APS.o [3]
APS_DataConfirmReflect  0x0020dcfd    0x18  Code  Lc  APS.o [3]
APS_DataIndReflect      0x0020dd15   0x11c  Code  Lc  APS.o [3]
APS_GetBind             0x0020dc55    0xa8  Code  Lc  APS.o [3]
APS_Init                0x0020dac5    0x28  Code  Gb  APS.o [3]
APS_IsDuplicate         0x0020e0bf    0x82  Code  Lc  APS.o [3]
APS_ReReflect           0x0020df79    0x78  Code  Lc  APS.o [3]
APS_Reflect             0x0020de37   0x142  Code  Lc  APS.o [3]
APS_ReflectMonitor      0x0020dff1    0x58  Code  Lc  APS.o [3]
APS_ReflectorInit       0x0020daa1    0x24  Code  Gb  APS.o [3]
APS_TaskID              0x20004254     0x1  Data  Gb  APS.o [3]
APS_UnBind              0x0020dc1d    0x38  Code  Lc  APS.o [3]
APS_event_loop          0x0020daed    0xc6  Code  Gb  APS.o [3]
AddrMgrEntryAdd         0x002134c5    0x58  Code  Lc  AddrMgr.o [3]
AddrMgrEntryAddRef      0x00213613    0x3c  Code  Gb  AddrMgr.o [3]
AddrMgrEntryData        0x20005004     0x4  Data  Lc  AddrMgr.o [3]
AddrMgrEntryGet         0x00213707    0x46  Code  Gb  AddrMgr.o [3]
AddrMgrEntryLookupExt   0x002136ad    0x5a  Code  Gb  AddrMgr.o [3]
AddrMgrEntryLookupNwk   0x0021364f    0x5e  Code  Gb  AddrMgr.o [3]
AddrMgrEntryRelease     0x002135df    0x34  Code  Gb  AddrMgr.o [3]
AddrMgrEntrySet         0x0021347d    0x48  Code  Lc  AddrMgr.o [3]
AddrMgrEntryTotal       0x20005000     0x2  Data  Lc  AddrMgr.o [3]
AddrMgrEntryUpdate      0x0021374d   0x124  Code  Gb  AddrMgr.o [3]
AddrMgrEntryValidate    0x00213459    0x24  Code  Lc  AddrMgr.o [3]
AddrMgrExtAddrEqual     0x0021356f    0x18  Code  Gb  AddrMgr.o [3]
AddrMgrExtAddrLookup    0x00213587    0x28  Code  Gb  AddrMgr.o [3]
AddrMgrExtAddrSet       0x00213547     0xe  Code  Gb  AddrMgr.o [3]
AddrMgrExtAddrValid     0x00213555    0x1a  Code  Gb  AddrMgr.o [3]
AddrMgrInit             0x0021351d    0x2a  Code  Gb  AddrMgr.o [3]
AddrMgrNwkAddrLookup    0x002135af    0x30  Code  Gb  AddrMgr.o [3]
AddrMgrWriteNVRequest   0x0020f879     0x2  Code  Gb  ZDApp.o [1]
App_TaskID              0x20005128     0x1  Data  Gb  MT_UART.o [1]
ApsLinkKeyFrmCntr       0x20004e18    0x24  Data  Gb  ZDSecMgr.o [1]
AssocChangeNwkAddr      0x0021497d    0x62  Code  Gb  AssocList.o [3]
AssocCnfFailStr         0x0021a264    0x10  Data  Gb  nwk_globals.o [1]
AssocCnfStr             0x0021a374     0xc  Data  Gb  nwk_globals.o [1]
AssocGetWithAddress     0x00214a13    0x74  Code  Gb  AssocList.o [3]
AssocGetWithShort       0x002149df    0x34  Code  Gb  AssocList.o [3]
AssociatedDevList       0x20004738   0x1f8  Data  Gb  nwk_globals.o [1]
BindInitNV              0x002105d1    0x2e  Code  Gb  BindingTable.o [1]
BindRestoreFromNV       0x00210619    0x46  Code  Gb  BindingTable.o [1]
BindSetDefaultNV        0x00210601    0x16  Code  Gb  BindingTable.o [1]
BindWriteNV             0x00210661    0x6e  Code  Gb  BindingTable.o [1]
BindingTable            0x20004d14    0x38  Data  Gb  nwk_globals.o [1]
CCMAuthEncryptCheckResult
                        0x0021913d    0x16  Code  Gb  ccm.o [9]
CCMAuthEncryptGetResult
                        0x00219155    0x88  Code  Gb  ccm.o [9]
CCMAuthEncryptStart     0x00219021   0x11c  Code  Gb  ccm.o [9]
CCMInvAuthDecryptCheckResult
                        0x002192f1     0x2  Code  Gb  ccm.o [9]
CCMInvAuthDecryptGetResult
                        0x002192f5    0xae  Code  Gb  ccm.o [9]
CCMInvAuthDecryptStart  0x002191dd   0x114  Code  Gb  ccm.o [9]
CPUcpsid                0x0020b045     0x8  Code  Gb  cpu.o [9]
CPUcpsie                0x0020b04d     0x8  Code  Gb  cpu.o [9]
EndDeviceStr            0x0021a380     0xc  Data  Gb  nwk_globals.o [1]
EnergyLevelStr          0x0021a274    0x10  Data  Gb  nwk_globals.o [1]
FSC_Token               0x2000512b     0x1  Data  Gb  MT_UART.o [1]
FaultISR                0x00219fef     0x2  Code  Lc  startup_ewarm.o [1]
FlashCacheModeSet       0x00219009    0x12  Code  Gb  flash.o [9]
FlashMainPageErase      0x00218fe9    0x10  Code  Gb  flash.o [9]
GPIODirModeSet          0x00204677    0x28  Code  Gb  gpio.o [9]
GPIOGetIntNumber        0x00204649    0x2e  Code  Gb  gpio.o [9]
GPIOIntTypeSet          0x0020469f    0x38  Code  Gb  gpio.o [9]
GPIOIntWakeupDisable    0x002047e9     0xc  Code  Gb  gpio.o [9]
GPIOIntWakeupEnable     0x002047df     0xa  Code  Gb  gpio.o [9]
GPIOPinIntClear         0x00204701     0x6  Code  Gb  gpio.o [9]
GPIOPinIntDisable       0x002046e3     0xe  Code  Gb  gpio.o [9]
GPIOPinIntEnable        0x002046d7     0xc  Code  Gb  gpio.o [9]
GPIOPinIntStatus        0x002046f1    0x10  Code  Gb  gpio.o [9]
GPIOPinRead             0x00204721     0x6  Code  Gb  gpio.o [9]
GPIOPinTypeGPIOInput    0x0020472d     0xa  Code  Gb  gpio.o [9]
GPIOPinTypeGPIOOutput   0x00204737     0xa  Code  Gb  gpio.o [9]
GPIOPinTypeSSI          0x00204741     0x2  Code  Gb  gpio.o [9]
GPIOPinTypeTimer        0x0020475b     0x4  Code  Gb  gpio.o [9]
GPIOPinTypeUARTInput    0x0020475f     0x4  Code  Gb  gpio.o [9]
GPIOPinTypeUARTOutput   0x00204763    0x1a  Code  Gb  gpio.o [9]
GPIOPinWrite            0x00204727     0x6  Code  Gb  gpio.o [9]
GPIOPortIntRegister     0x00204707    0x1a  Code  Gb  gpio.o [9]
GPIOPowIntClear         0x002047b3    0x22  Code  Gb  gpio.o [9]
GPIOPowIntTypeSet       0x0020477d    0x36  Code  Gb  gpio.o [9]
GetBindingTableEntry    0x00210821    0x4a  Code  Gb  BindingTable.o [1]
HalAdcCheckVdd          0x00212c31    0x22  Code  Gb  hal_adc.o [1]
HalAdcRead              0x00212c29     0x8  Code  Gb  hal_adc.o [1]
HalAesInit              0x0020fc55    0x1a  Code  Gb  hal_aes.o [1]
HalDriverInit           0x002045b7    0x18  Code  Gb  hal_drivers.o [1]
HalKeyConfig            0x0020a843    0x6a  Code  Gb  hal_key.o [1]
HalKeyInit              0x0020a7b9     0xe  Code  Gb  hal_key.o [1]
HalKeyPoll              0x0020a8cd    0x3c  Code  Gb  hal_key.o [1]
HalKeyRead              0x0020a8ad    0x20  Code  Gb  hal_key.o [1]
HalLcdInit              0x00205de1     0xe  Code  Gb  hal_lcd.o [1]
HalLcdWriteScreen       0x00205e2b    0x18  Code  Gb  hal_lcd.o [1]
HalLcdWriteString       0x00205def    0x18  Code  Gb  hal_lcd.o [1]
HalLcdWriteStringValue  0x00205e43    0x5a  Code  Gb  hal_lcd.o [1]
HalLcdWriteValue        0x00205e07    0x24  Code  Gb  hal_lcd.o [1]
HalLcd_HW_WriteLine     0x00205e9d    0x4c  Code  Gb  hal_lcd.o [1]
HalLedBlink             0x00206371    0xd2  Code  Gb  hal_led.o [1]
HalLedInit              0x002062cd    0x16  Code  Gb  hal_led.o [1]
HalLedOnOff             0x0020657b    0xa8  Code  Gb  hal_led.o [1]
HalLedSet               0x002062e3    0x8e  Code  Gb  hal_led.o [1]
HalLedState             0x20005104     0x1  Data  Lc  hal_led.o [1]
HalLedStatusControl     0x20004d84    0x34  Data  Lc  hal_led.o [1]
HalLedUpdate            0x00206443   0x138  Code  Gb  hal_led.o [1]
HalUARTClose            0x002081d7     0xe  Code  Gb  hal_uart.o [1]
HalUARTCloseIsr         0x00207ff3    0x28  Code  Gb  hal_uart.o [1]
HalUARTInit             0x002081b5     0x8  Code  Gb  hal_uart.o [1]
HalUARTInitIsr          0x00207d95    0x3e  Code  Gb  hal_uart.o [1]
HalUARTOpen             0x002081bd    0x12  Code  Gb  hal_uart.o [1]
HalUARTOpenIsr          0x00207dd3   0x15c  Code  Gb  hal_uart.o [1]
HalUARTPoll             0x002081cf     0x8  Code  Gb  hal_uart.o [1]
HalUARTPollIsr          0x00207f2f    0xc4  Code  Gb  hal_uart.o [1]
HalUARTRead             0x002081e5    0x18  Code  Gb  hal_uart.o [1]
HalUARTReadIsr          0x0020801b    0x70  Code  Gb  hal_uart.o [1]
Hal_Init                0x002045b1     0x6  Code  Gb  hal_drivers.o [1]
Hal_KeyIntEnable        0x20005103     0x1  Data  Gb  hal_key.o [1]
Hal_ProcessEvent        0x002045cf    0x6a  Code  Gb  hal_drivers.o [1]
Hal_ProcessPoll         0x00204641     0x8  Code  Gb  hal_drivers.o [1]
Hal_TaskID              0x20005100     0x1  Data  Gb  hal_drivers.o [1]
Hal_UART_RxBufLen       0x002081fd     0xe  Code  Gb  hal_uart.o [1]
Hal_UART_RxBufLenIsr    0x0020808b    0x22  Code  Gb  hal_uart.o [1]
IOCPadConfigSet         0x0020fe13    0x68  Code  Gb  ioc.o [9]
IOCPinConfigPeriphInput
                        0x0020fd19    0xfa  Code  Gb  ioc.o [9]
IOCPinConfigPeriphOutput
                        0x0020fcb1    0x68  Code  Gb  ioc.o [9]
InStream_Read           0x00219a85    0x22  Code  Lc  packbits_init.o [8]
InitBindingTable        0x0020ffe5    0x6c  Code  Gb  BindingTable.o [1]
InitBoard               0x00203e4d    0x3a  Code  Gb  OnBoard.o [1]
IntAltMapEnable         0x00204109     0xc  Code  Gb  interrupt.o [9]
IntDefaultHandler       0x00219ff1     0x2  Code  Lc  startup_ewarm.o [1]
IntDisable              0x00204075    0x58  Code  Gb  interrupt.o [9]
IntEnable               0x0020401d    0x58  Code  Gb  interrupt.o [9]
IntMasterDisable        0x00203fc5     0x6  Code  Gb  interrupt.o [9]
IntMasterEnable         0x00203fbd     0x8  Code  Gb  interrupt.o [9]
IntPendClear            0x002040cd    0x3c  Code  Gb  interrupt.o [9]
IntPrioritySet          0x00203ff9    0x24  Code  Gb  interrupt.o [9]
IntRegister             0x00203fd3    0x26  Code  Gb  interrupt.o [9]
LEN_Token               0x2000512a     0x1  Data  Gb  MT_UART.o [1]
MAC_CbackCheckPending   0x00216539     0x4  Code  Gb  zmac_cb.o [1]
MAC_CbackEvent          0x002162d5   0x264  Code  Gb  zmac_cb.o [1]
MAC_CbackQueryRetransmit
                        0x0021653d     0x4  Code  Gb  zmac_cb.o [1]
MAC_Init                0x0020c7f1    0x1e  Code  Gb  mac_beacon.o [4]
MAC_InitDevice          0x0020bc77    0x2c  Code  Gb  mac_beacon.o [4]
MAC_McpsDataAlloc       0x0020b6e9    0x1a  Code  Gb  mac_beacon.o [4]
MAC_McpsDataReq         0x0020b5dd   0x10c  Code  Gb  mac_beacon.o [4]
MAC_MlmeAssociateReq    0x0020bca5     0x8  Code  Gb  mac_beacon.o [4]
MAC_MlmeGetReq          0x002132a7    0x52  Code  Gb  mac_pib.o [1]
MAC_MlmePollReq         0x0020bcad     0x6  Code  Gb  mac_beacon.o [4]
MAC_MlmeResetReq        0x0020c731    0xb0  Code  Gb  mac_beacon.o [4]
MAC_MlmeScanReq         0x0020cb7f     0x8  Code  Gb  mac_beacon.o [4]
MAC_MlmeSetReq          0x002132f9   0x150  Code  Gb  mac_pib.o [1]
MAC_MlmeSyncReq         0x0020c7e9     0x8  Code  Gb  mac_beacon.o [4]
MAC_SrcMatchAckAllPending
                        0x00217633    0x2e  Code  Gb  mac_autopend.o [1]
MAC_SrcMatchAddEntry    0x0021753f    0xb4  Code  Gb  mac_autopend.o [1]
MAC_SrcMatchCheckAllPending
                        0x00217661    0x10  Code  Gb  mac_autopend.o [1]
MAC_SrcMatchCheckResult
                        0x00217671    0x1c  Code  Gb  mac_autopend.o [1]
MAC_SrcMatchDeleteEntry
                        0x002175f3    0x40  Code  Gb  mac_autopend.o [1]
MAC_SrcMatchEnable      0x002174ed    0x52  Code  Gb  mac_autopend.o [1]
MTProcessAppRspMsg      0x00212c11    0x16  Code  Gb  MT.o [1]
MTVersionString         0x0021a408     0x8  Data  Gb  MT_VERSION.o [1]
MT_AfExec               0x00216d0d    0xba  Code  Gb  MT_AF.o [1]
MT_AppCommandProcessing
                        0x00219b75    0x2c  Code  Gb  MT_APP.o [1]
MT_AppMsg               0x00219ba1    0x82  Code  Gb  MT_APP.o [1]
MT_AppUserCmd           0x00219c23    0x20  Code  Gb  MT_APP.o [1]
MT_BuildAndSendZToolResponse
                        0x00212b43    0x44  Code  Gb  MT.o [1]
MT_Init                 0x00212b25    0x1e  Code  Gb  MT.o [1]
MT_ProcessDebugMsg      0x00216dd5    0x98  Code  Gb  MT_DEBUG.o [1]
MT_ProcessDebugStr      0x00216e6d    0x2a  Code  Gb  MT_DEBUG.o [1]
MT_ProcessEvent         0x0020d951    0xa6  Code  Gb  MT_TASK.o [1]
MT_ProcessIncoming      0x00212b87    0x7a  Code  Gb  MT.o [1]
MT_ProcessIncomingCommand
                        0x0020d9f7    0x64  Code  Lc  MT_TASK.o [1]
MT_SysAdcRead           0x00206d4d    0x86  Code  Gb  MT_SYS.o [1]
MT_SysCommandProcessing
                        0x0020683d    0xee  Code  Gb  MT_SYS.o [1]
MT_SysGetExtAddr        0x002069bb    0x1a  Code  Gb  MT_SYS.o [1]
MT_SysGetUtcTime        0x00206feb    0x86  Code  Gb  MT_SYS.o [1]
MT_SysGpio              0x00206dd3    0xa8  Code  Gb  MT_SYS.o [1]
MT_SysOsalEventId       0x0021a400     0x8  Data  Gb  MT_SYS.o [1]
MT_SysOsalNVDelete      0x00206c0f    0x3a  Code  Gb  MT_SYS.o [1]
MT_SysOsalNVItemInit    0x00206b8d    0x82  Code  Gb  MT_SYS.o [1]
MT_SysOsalNVLength      0x00206c49    0x38  Code  Gb  MT_SYS.o [1]
MT_SysOsalNVRead        0x002069d5   0x142  Code  Gb  MT_SYS.o [1]
MT_SysOsalNVWrite       0x00206b17    0x76  Code  Gb  MT_SYS.o [1]
MT_SysOsalStartTimer    0x00206c81    0x58  Code  Gb  MT_SYS.o [1]
MT_SysOsalStopTimer     0x00206cd9    0x4e  Code  Gb  MT_SYS.o [1]
MT_SysOsalTimerExpired  0x002070d9    0x18  Code  Gb  MT_SYS.o [1]
MT_SysPing              0x00206941    0x26  Code  Gb  MT_SYS.o [1]
MT_SysRandom            0x00206d27    0x26  Code  Gb  MT_SYS.o [1]
MT_SysReset             0x0020692b    0x16  Code  Gb  MT_SYS.o [1]
MT_SysResetInd          0x002070a1    0x24  Code  Gb  MT_SYS.o [1]
MT_SysSetExtAddr        0x0020697f    0x3c  Code  Gb  MT_SYS.o [1]
MT_SysSetTxPower        0x00207071    0x30  Code  Gb  MT_SYS.o [1]
MT_SysSetUtcTime        0x00206edd   0x10e  Code  Gb  MT_SYS.o [1]
MT_SysStackTune         0x00206e7b    0x62  Code  Gb  MT_SYS.o [1]
MT_SysVersion           0x00206967    0x18  Code  Gb  MT_SYS.o [1]
MT_TaskID               0x20005127     0x1  Data  Gb  MT_TASK.o [1]
MT_TaskInit             0x0020d92d    0x20  Code  Gb  MT_TASK.o [1]
MT_TransportAlloc       0x0020da5b    0x20  Code  Gb  MT_TASK.o [1]
MT_TransportSend        0x0020da7b    0x26  Code  Gb  MT_TASK.o [1]
MT_UartCalcFCS          0x00216b03    0x24  Code  Gb  MT_UART.o [1]
MT_UartInit             0x00216ab1    0x4c  Code  Gb  MT_UART.o [1]
MT_UartProcessZToolData
                        0x00216b29   0x1ca  Code  Gb  MT_UART.o [1]
MT_UartRegisterTaskID   0x00216afd     0x6  Code  Gb  MT_UART.o [1]
MT_ZdoActiveEpRequest   0x00217dd5    0x4c  Code  Gb  MT_ZDO.o [1]
MT_ZdoBeaconIndCB       0x002185d5   0x12a  Code  Gb  MT_ZDO.o [1]
MT_ZdoBindRequest       0x00218229    0xc6  Code  Gb  MT_ZDO.o [1]
MT_ZdoCommandProcessing
                        0x00217b13   0x128  Code  Gb  MT_ZDO.o [1]
MT_ZdoComplexDescRequest
                        0x00217f41    0x4c  Code  Gb  MT_ZDO.o [1]
[...]
rxDone                  0x00216111    0x32  Code  Lc  mac_rx.o [1]
rxFcsIsr                0x00215ff9   0x118  Code  Lc  mac_rx.o [1]
rxFifoOverflowCount     0x20005119     0x1  Data  Lc  mac_rx.o [1]
rxFilter                0x20005115     0x1  Data  Lc  mac_rx.o [1]
rxHaltCleanupFinalStep  0x002158ed    0x98  Code  Lc  mac_rx.o [1]
rxIsrActiveFlag         0x20005117     0x1  Data  Lc  mac_rx.o [1]
rxNextLen               0x20005113     0x1  Data  Lc  mac_rx.o [1]
rxPayloadIsr            0x00215fc1    0x36  Code  Lc  mac_rx.o [1]
rxPayloadLen            0x20005114     0x1  Data  Lc  mac_rx.o [1]
rxPostRxUpdates         0x00216159    0x10  Code  Lc  mac_rx.o [1]
rxPrepPayload           0x00215f81    0x3e  Code  Lc  mac_rx.o [1]
rxPromiscuousMode       0x20005116     0x1  Data  Lc  mac_rx.o [1]
rxResetFlag             0x20005118     0x1  Data  Lc  mac_rx.o [1]
rxStartIsr              0x002159c1   0x4dc  Code  Lc  mac_rx.o [1]
rxUnreadLen             0x20005112     0x1  Data  Lc  mac_rx.o [1]
sAddrCmp                0x00209be1    0x48  Code  Gb  saddr.o [1]
sAddrCpy                0x00209c29    0x20  Code  Gb  saddr.o [1]
sAddrExtCmp             0x00209c49    0x2c  Code  Gb  saddr.o [1]
sAddrExtCpy             0x00209c75    0x12  Code  Gb  saddr.o [1]
sClearLine              0x0020820a     0x2  Data  Gb  zcl_samplesw.o [1]
sCmdSent                0x0021a324    0x10  Data  Gb  zcl_samplesw.o [1]
sDeviceName             0x0021a304    0x10  Data  Gb  zcl_samplesw.o [1]
sSwEZMode               0x0021a314    0x10  Data  Gb  zcl_samplesw.o [1]
sSwHelp                 0x0021a3c8     0xc  Data  Gb  zcl_samplesw.o [1]
sSwLight                0x0021a1cc    0x14  Data  Gb  zcl_samplesw.o [1]
s_bcMask                0x20005159     0x1  Data  Lc  nwk_util.o [3]
sampleSw_TestEp         0x20004294    0x10  Data  Lc  zcl_samplesw.o [1]
saveExtAddr             0x200042bc     0x8  Data  Gb  nwk_util.o [3]
savedResponseRate       0x200050fc     0x2  Data  Gb  NLMEDE.o [3]
sendAccelermeter        0x002030ad   0x2dc  Code  Lc  zcl_samplesw.o [1]
setItem                 0x00211413    0x88  Code  Lc  osal_nv.o [1]
sspAesEncryptHW         0x0020fc89    0x26  Code  Gb  hal_aes.o [1]
sspMMOHash              0x0021891d   0x1b6  Code  Gb  ssp_hash.o [3]
ssp_HW_KeyInit          0x0020fc79     0xe  Code  Gb  hal_aes.o [1]
state                   0x20005129     0x1  Data  Gb  MT_UART.o [1]
strcat                  0x00203fa1    0x1c  Code  Gb  strcat.o [6]
strlen                  0x00203df9          Code  Gb  strlen.o [8]
tasksArr                0x0021a07c    0x24  Data  Gb  OSAL_SampleSw.o [1]
tasksCnt                0x00218b2b     0x1  Data  Gb  OSAL_SampleSw.o [1]
tasksEvents             0x20005080     0x4  Data  Gb  OSAL_SampleSw.o [1]
tempDataLen             0x2000512c     0x1  Data  Gb  MT_UART.o [1]
theHeap                 0x20005164  0x1800  Data  Lc  OSAL_Memory.o [1]
timeMSec                0x20005074     0x4  Data  Lc  OSAL_Clock.o [1]
timerAlignedQ           0x200041cc     0x4  Data  Gb  mac_beacon.o [4]
timerHead               0x20005084     0x4  Data  Gb  OSAL_Timers.o [1]
timerUnalignedQ         0x200041c8     0x4  Data  Gb  mac_beacon.o [4]
txAckReq                0x20005123     0x1  Data  Lc  mac_tx.o [1]
txComplete              0x002169bd    0x26  Code  Lc  mac_tx.o [1]
txCsmaGo                0x002167c1    0x2c  Code  Lc  mac_tx.o [1]
txCsmaPrep              0x00216731    0x2c  Code  Lc  mac_tx.o [1]
txGo                    0x0021678b    0x36  Code  Lc  mac_tx.o [1]
txGreenPowerPrep        0x0021675d    0x2e  Code  Lc  mac_tx.o [1]
txMT                    0x20005106     0x1  Data  Lc  hal_uart.o [1]
txRetransmitFlag        0x20005124     0x1  Data  Lc  mac_tx.o [1]
txSeqn                  0x20005122     0x1  Data  Lc  mac_tx.o [1]
uartRecord              0x20004dec    0x2c  Data  Lc  hal_uart.o [1]
ui16AlsValue            0x200050f8     0x2  Data  Gb  zcl_samplesw.o [1]
ui8BspKeyMode           0x20004e58     0x4  Data  Lc  bsp_key.o [5]
ui8PortAPinHasIsr       0x20004bb8     0x4  Data  Lc  io_pin_int.o [5]
ui8PortBPinHasIsr       0x20004bbc     0x4  Data  Lc  io_pin_int.o [5]
ui8PortCPinHasIsr       0x20004bc0     0x4  Data  Lc  io_pin_int.o [5]
ui8PortDPinHasIsr       0x20004bc4     0x4  Data  Lc  io_pin_int.o [5]
ui8RegVal               0x20005140     0x1  Data  Gb  zcl_samplesw.o [1]
updateRolloverflag      0x2000510a     0x1  Data  Lc  mac_mcu.o [1]
writeBuf                0x0021157f   0x16c  Code  Lc  osal_nv.o [1]
writeItem               0x002118a1   0x182  Code  Lc  osal_nv.o [1]
xferBuf                 0x002116eb   0x1b6  Code  Lc  osal_nv.o [1]
zclAnalogDataType       0x00200e0d    0x26  Code  Gb  zcl.o [1]
zclAuthorizeRead        0x002010bd    0x2c  Code  Lc  zcl.o [1]
zclAuthorizeWrite       0x002011cf    0x2c  Code  Lc  zcl.o [1]
zclBuildHdr             0x00200a8f    0x60  Code  Lc  zcl.o [1]
zclCalcHdrSize          0x00200aef    0x14  Code  Lc  zcl.o [1]
zclCmdTable             0x00219d10    0xb8  Data  Lc  zcl.o [1]
zclEZModeErr            0x20005133     0x1  Data  Gb  zcl_ezmode.o [1]
zclEZModeInvokeData     0x20004f08    0x10  Data  Gb  zcl_ezmode.o [1]
zclEZModeMatched        0x20005136     0x1  Data  Gb  zcl_ezmode.o [1]
zclEZModeOpener         0x20005135     0x1  Data  Gb  zcl_ezmode.o [1]
zclEZModeQueryRspEP     0x20005137     0x1  Data  Gb  zcl_ezmode.o [1]
zclEZModeQueryRspNwkAddr
                        0x200050f0     0x2  Data  Gb  zcl_ezmode.o [1]
zclEZModeRegisterData   0x20004ef8    0x10  Data  Gb  zcl_ezmode.o [1]
zclEZModeRegistered     0x20005132     0x1  Data  Gb  zcl_ezmode.o [1]
zclEZModeState          0x20005134     0x1  Data  Gb  zcl_ezmode.o [1]
zclFindAttrRec          0x00200b4b    0x78  Code  Gb  zcl.o [1]
zclFindAttrRecsList     0x00200b2b    0x20  Code  Lc  zcl.o [1]
zclFindClusterOption    0x00200bf7    0x4a  Code  Lc  zcl.o [1]
zclFindPlugin           0x00200b03    0x28  Code  Lc  zcl.o [1]
zclGenCBs               0x200050a0     0x4  Data  Lc  zcl_general.o [1]
zclGenPluginRegisted    0x20005138     0x1  Data  Lc  zcl_general.o [1]
zclGeneral_FindCallbacks
                        0x002049f7    0x20  Code  Lc  zcl_general.o [1]
zclGeneral_HdlInSpecificCommands
                        0x00204a55    0x56  Code  Lc  zcl_general.o [1]
zclGeneral_HdlIncoming  0x00204a21    0x34  Code  Lc  zcl_general.o [1]
zclGeneral_ProcessInBasic
                        0x00204aab    0x28  Code  Lc  zcl_general.o [1]
zclGeneral_ProcessInIdentity
                        0x00204ad3    0xfa  Code  Lc  zcl_general.o [1]
zclGeneral_ProcessInOnOff
                        0x00204bcd    0x32  Code  Lc  zcl_general.o [1]
zclGeneral_RegisterCmdCallbacks
                        0x00204949    0x5c  Code  Gb  zcl_general.o [1]
zclGeneral_SendIdentifyQueryResponse
                        0x002049a5    0x52  Code  Gb  zcl_general.o [1]
zclGetAttrDataLength    0x00200f6f    0x46  Code  Gb  zcl.o [1]
zclGetAttrDataLengthUsingCB
                        0x0020103f    0x38  Code  Lc  zcl.o [1]
zclGetAuthorizeCB       0x00200bdd    0x1a  Code  Lc  zcl.o [1]
zclGetClusterOption     0x00200c41    0x26  Code  Lc  zcl.o [1]
zclGetDataTypeLength    0x00200e91    0xde  Code  Gb  zcl.o [1]
zclGetReadWriteCB       0x00200bc3    0x1a  Code  Lc  zcl.o [1]
zclHA_Init              0x00204885    0x26  Code  Gb  zcl_ha.o [1]
zclHA_LcdStatusLine1    0x002048e5    0x56  Code  Gb  zcl_ha.o [1]
zclHA_uint16toa         0x002048ab    0x3a  Code  Gb  zcl_ha.o [1]
zclIsLittleEndianMachine
                        0x00200e33    0x10  Code  Lc  zcl.o [1]
zclParseHdr             0x00200a11    0x7e  Code  Gb  zcl.o [1]
zclParseInConfigReportCmd
                        0x002014c5   0x1a0  Code  Gb  zcl.o [1]
zclParseInConfigReportRspCmd
                        0x00201665    0x62  Code  Lc  zcl.o [1]
zclParseInDefaultRspCmd
                        0x002019cf    0x20  Code  Lc  zcl.o [1]
zclParseInReadCmd       0x002011fb    0x46  Code  Gb  zcl.o [1]
zclParseInReadReportCfgCmd
                        0x002016c7    0x56  Code  Gb  zcl.o [1]
zclParseInReadReportCfgRspCmd
                        0x0020171d   0x1b4  Code  Lc  zcl.o [1]
zclParseInReadRspCmd    0x00201241   0x128  Code  Lc  zcl.o [1]
zclParseInReportCmd     0x002018d1    0xfe  Code  Gb  zcl.o [1]
zclParseInWriteCmd      0x00201369    0xfe  Code  Gb  zcl.o [1]
zclParseInWriteRspCmd   0x00201467    0x5e  Code  Lc  zcl.o [1]
zclProcessInReadCmd     0x002019ef    0xea  Code  Lc  zcl.o [1]
zclProcessInWriteCmd    0x00201ad9   0x16a  Code  Lc  zcl.o [1]
zclProcessInWriteUndividedCmd
                        0x00201cb9   0x2b2  Code  Lc  zcl.o [1]
zclReadAttrData         0x00200fb5    0x32  Code  Gb  zcl.o [1]
zclReadAttrDataUsingCB  0x00201077    0x46  Code  Lc  zcl.o [1]
zclRevertWriteUndividedCmd
                        0x00201c43    0x76  Code  Lc  zcl.o [1]
zclSampleSwSeqNum       0x2000513a     0x1  Data  Gb  zcl_samplesw.o [1]
zclSampleSw_Attrs       0x00219dc8    0xb4  Data  Gb  zcl_samplesw_data.o [1]
zclSampleSw_BasicResetCB
                        0x00202bdf    0x14  Code  Lc  zcl_samplesw.o [1]
zclSampleSw_CmdCallbacks
                        0x20004224    0x30  Data  Lc  zcl_samplesw.o [1]
zclSampleSw_DateCode    0x0021a208    0x14  Data  Gb  zcl_samplesw_data.o [1]
zclSampleSw_DeviceEnable
                        0x20004318     0x1  Data  Gb  zcl_samplesw_data.o [1]
zclSampleSw_DstAddr     0x20004f6c     0xc  Data  Gb  zcl_samplesw.o [1]
zclSampleSw_EZModeCB    0x00202cd1    0xf8  Code  Lc  zcl_samplesw.o [1]
zclSampleSw_HWRevision  0x00218c2e     0x1  Data  Gb  zcl_samplesw_data.o [1]
zclSampleSw_HandleKeys  0x00202999   0x13e  Code  Lc  zcl_samplesw.o [1]
zclSampleSw_IdentifyCB  0x00202bf3    0x12  Code  Lc  zcl_samplesw.o [1]
zclSampleSw_IdentifyQueryRspCB
                        0x00202c05    0x12  Code  Lc  zcl_samplesw.o [1]
zclSampleSw_IdentifyTime
                        0x200050fa     0x2  Data  Gb  zcl_samplesw_data.o [1]
zclSampleSw_InClusterList
                        0x0021a4c4     0x4  Data  Gb  zcl_samplesw_data.o [1]
zclSampleSw_Init        0x00202743    0xe6  Code  Gb  zcl_samplesw.o [1]
zclSampleSw_LcdDisplayHelpMode
                        0x00202b67    0x22  Code  Gb  zcl_samplesw.o [1]
zclSampleSw_LcdDisplayMainMode
                        0x00202aef    0x78  Code  Gb  zcl_samplesw.o [1]
zclSampleSw_LcdDisplayUpdate
                        0x00202ad7    0x18  Code  Gb  zcl_samplesw.o [1]
zclSampleSw_LocationDescription
                        0x2000426c    0x14  Data  Gb  zcl_samplesw_data.o [1]
zclSampleSw_ManufacturerName
                        0x0021a1e0    0x14  Data  Gb  zcl_samplesw_data.o [1]
zclSampleSw_ModelId     0x0021a1f4    0x14  Data  Gb  zcl_samplesw_data.o [1]
zclSampleSw_NwkState    0x20004317     0x1  Data  Gb  zcl_samplesw.o [1]
zclSampleSw_OnOff       0x20005144     0x1  Data  Gb  zcl_samplesw_data.o [1]
zclSampleSw_OnOffSwitchActions
                        0x20004316     0x1  Data  Gb  zcl_samplesw.o [1]
zclSampleSw_OnOffSwitchType
                        0x2000513b     0x1  Data  Gb  zcl_samplesw.o [1]
zclSampleSw_OutClusterList
                        0x0021a4c8     0x4  Data  Gb  zcl_samplesw_data.o [1]
zclSampleSw_PhysicalEnvironment
                        0x20005143     0x1  Data  Gb  zcl_samplesw_data.o [1]
zclSampleSw_PowerSource
                        0x0021971a     0x1  Data  Gb  zcl_samplesw_data.o [1]
zclSampleSw_ProcessIdentifyTimeChange
                        0x00202b89    0x56  Code  Lc  zcl_samplesw.o [1]
zclSampleSw_ProcessInDefaultRspCmd
                        0x00202ca3     0x6  Code  Lc  zcl_samplesw.o [1]
zclSampleSw_ProcessInReadRspCmd
                        0x00202c6f    0x1a  Code  Lc  zcl_samplesw.o [1]
zclSampleSw_ProcessInWriteRspCmd
                        0x00202c89    0x1a  Code  Lc  zcl_samplesw.o [1]
zclSampleSw_ProcessIncomingMsg
                        0x00202c17    0x58  Code  Lc  zcl_samplesw.o [1]
zclSampleSw_ProcessZDOMsgs
                        0x00202ca9    0x28  Code  Lc  zcl_samplesw.o [1]
zclSampleSw_RegisterEZModeData
                        0x0021a2f4    0x10  Data  Lc  zcl_samplesw.o [1]
zclSampleSw_SimpleDesc  0x20004280    0x14  Data  Gb  zcl_samplesw_data.o [1]
zclSampleSw_TaskID      0x20005139     0x1  Data  Gb  zcl_samplesw.o [1]
zclSampleSw_TransID     0x2000513f     0x1  Data  Gb  zcl_samplesw.o [1]
zclSampleSw_ZCLVersion  0x00218c2f     0x1  Data  Gb  zcl_samplesw_data.o [1]
zclSampleSw_epDesc      0x20004f18    0x10  Data  Gb  zcl_samplesw.o [1]
zclSampleSw_event_loop  0x00202829   0x170  Code  Gb  zcl_samplesw.o [1]
zclSerializeData        0x00200c9b   0x172  Code  Gb  zcl.o [1]
zclSetSecurityOption    0x00200c67    0x34  Code  Lc  zcl.o [1]
zclWriteAttrData        0x002010e9    0x70  Code  Lc  zcl.o [1]
zclWriteAttrDataUsingCB
                        0x00201171    0x5e  Code  Lc  zcl.o [1]
zcl_BuildAnalogData     0x00200e43    0x4e  Code  Lc  zcl.o [1]
zcl_DeviceOperational   0x00200291    0x5c  Code  Lc  zcl.o [1]
zcl_EZModeAction        0x00204c8b   0x130  Code  Gb  zcl_ezmode.o [1]
zcl_HandleExternal      0x0020018f    0x58  Code  Gb  zcl.o [1]
zcl_Init                0x00200101     0x8  Code  Gb  zcl.o [1]
zcl_InvokeEZMode        0x00204c1b    0x70  Code  Gb  zcl_ezmode.o [1]
zcl_ProcessEZMode       0x00204ddb   0x19a  Code  Lc  zcl_ezmode.o [1]
zcl_ProcessMessageMSG   0x00200711   0x2fa  Code  Gb  zcl.o [1]
zcl_ReadAttrData        0x00200fe7    0x58  Code  Gb  zcl.o [1]
zcl_RegisterEZMode      0x00204c01    0x1a  Code  Gb  zcl_ezmode.o [1]
zcl_RegisteredMsgTaskID
                        0x20004315     0x1  Data  Gb  zcl.o [1]
zcl_SendCommand         0x002002ed   0x168  Code  Gb  zcl.o [1]
zcl_SendDefaultRspCmd   0x002006b9    0x58  Code  Gb  zcl.o [1]
zcl_SendReadRsp         0x00200469   0x16e  Code  Gb  zcl.o [1]
zcl_SendWriteRsp        0x002005d7    0xe2  Code  Gb  zcl.o [1]
zcl_SetEZModeError      0x00204dd5     0x6  Code  Lc  zcl_ezmode.o [1]
zcl_SetEZModeState      0x00204dbb    0x1a  Code  Lc  zcl_ezmode.o [1]
zcl_TaskID              0x20005130     0x1  Data  Gb  zcl.o [1]
zcl_TransID             0x20005131     0x1  Data  Lc  zcl.o [1]
zcl_ValidateAttrDataCB  0x2000508c     0x4  Data  Gb  zcl.o [1]
zcl_event_loop          0x00200109    0x70  Code  Gb  zcl.o [1]
zcl_getRawAFMsg         0x002001e7     0x6  Code  Gb  zcl.o [1]
zcl_registerAttrList    0x0020023d    0x54  Code  Gb  zcl.o [1]
zcl_registerForMsg      0x00200179    0x16  Code  Gb  zcl.o [1]
zcl_registerPlugin      0x002001ed    0x50  Code  Gb  zcl.o [1]
zdappHoldKeys           0x2000514c     0x1  Data  Lc  ZDApp.o [1]
zdoCBFunc               0x20004e9c    0x1c  Data  Gb  ZDApp.o [1]
zdoDiscCounter          0x20004319     0x1  Data  Gb  ZDApp.o [1]
zdoMsgCBs               0x200050b4     0x4  Data  Gb  ZDProfile.o [1]
zdoSendStateChangeMsg   0x002071fd    0x46  Code  Lc  ZDObject.o [1]
zdpMsgProcs             0x00219f0c    0x58  Data  Gb  ZDProfile.o [1]
zdpProcessAddrReq       0x00205477   0x112  Code  Gb  ZDProfile.o [1]
zgApsAckWaitMultiplier  0x2000432c     0x1  Data  Gb  ZGlobals.o [1]
zgApsAllowR19Sec        0x20005157     0x1  Data  Gb  ZGlobals.o [1]
zgApsDefaultMaxBindingTime
                        0x20004302     0x2  Data  Gb  ZGlobals.o [1]
zgApsLinkKeyType        0x20004330     0x1  Data  Gb  ZGlobals.o [1]
zgApsMinDupRejTableSize
                        0x20004308     0x2  Data  Gb  ZGlobals.o [1]
zgApsNonMemberRadius    0x2000432e     0x1  Data  Gb  ZGlobals.o [1]
zgApsTrustCenterAddr    0x20004fe8     0x8  Data  Gb  ZGlobals.o [1]
zgApsUseExtendedPANID   0x20004ff8     0x8  Data  Gb  ZGlobals.o [1]
zgApsUseInsecureJoin    0x2000432d     0x1  Data  Gb  ZGlobals.o [1]
zgApscAckWaitDurationPolled
                        0x20004300     0x2  Data  Gb  ZGlobals.o [1]
zgApscDupRejTimeoutCount
                        0x2000432f     0x1  Data  Gb  ZGlobals.o [1]
zgApscDupRejTimeoutInc  0x20004306     0x2  Data  Gb  ZGlobals.o [1]
zgApscMaxFrameRetries   0x2000432b     0x1  Data  Gb  ZGlobals.o [1]
zgBcastDeliveryTime     0x20004326     0x1  Data  Gb  ZGlobals.o [1]
zgChildAgingEnable      0x20005154     0x1  Data  Gb  ZGlobals.o [1]
zgConcentratorDiscoveryTime
                        0x20005151     0x1  Data  Gb  ZGlobals.o [1]
zgConcentratorEnable    0x20005150     0x1  Data  Gb  ZGlobals.o [1]
zgConcentratorRC        0x20005152     0x1  Data  Gb  ZGlobals.o [1]
zgConcentratorRadius    0x20004328     0x1  Data  Gb  ZGlobals.o [1]
zgConfigPANID           0x2000430a     0x2  Data  Gb  ZGlobals.o [1]
zgDefaultChannelList    0x200042ec     0x4  Data  Gb  ZGlobals.o [1]
zgDefaultStartingScanDuration
                        0x2000431d     0x1  Data  Gb  ZGlobals.o [1]
zgDeviceLogicalType     0x20004331     0x1  Data  Gb  ZGlobals.o [1]
zgExtendedPANID         0x20004ff0     0x8  Data  Gb  ZGlobals.o [1]
zgIndirectMsgTimeout    0x2000431f     0x1  Data  Gb  ZGlobals.o [1]
zgInit                  0x00206693    0x42  Code  Gb  ZGlobals.o [1]
zgInitItems             0x002066d5    0x42  Code  Gb  ZGlobals.o [1]
zgItemInit              0x00206639    0x5a  Code  Lc  ZGlobals.o [1]
zgItemTable             0x002198f4   0x190  Data  Lc  ZGlobals.o [1]
zgMaxBcastRetires       0x20004324     0x1  Data  Gb  ZGlobals.o [1]
zgMaxDataRetries        0x2000431b     0x1  Data  Gb  ZGlobals.o [1]
zgMaxPollFailureRetries
                        0x2000431c     0x1  Data  Gb  ZGlobals.o [1]
zgNwkCommissionedNwkAddr
                        0x20004304     0x2  Data  Gb  ZGlobals.o [1]
zgNwkLeaveRequestAllowed
                        0x2000432a     0x1  Data  Gb  ZGlobals.o [1]
zgNwkMgrMinTransmissions
                        0x20004333     0x1  Data  Gb  ZGlobals.o [1]
zgNwkMgrMode            0x20004334     0x1  Data  Gb  ZGlobals.o [1]
zgNwkMode               0x20004327     0x1  Data  Gb  ZGlobals.o [1]
zgNwkSrcRtgExpiryTime   0x20004329     0x1  Data  Gb  ZGlobals.o [1]
zgPassiveAckTimeout     0x20004325     0x1  Data  Gb  ZGlobals.o [1]
zgPollRate              0x200042f8     0x2  Data  Gb  ZGlobals.o [1]
zgPreConfigKeys         0x20005155     0x1  Data  Gb  ZGlobals.o [1]
zgPreconfigKeyInit      0x002067e5    0x48  Code  Lc  ZGlobals.o [1]
zgQueuedPollRate        0x200042fa     0x2  Data  Gb  ZGlobals.o [1]
zgReadStartupOptions    0x00206717    0x28  Code  Gb  ZGlobals.o [1]
zgRejoinPollRate        0x200042fe     0x2  Data  Gb  ZGlobals.o [1]
zgResponsePollRate      0x200042fc     0x2  Data  Gb  ZGlobals.o [1]
zgRouteDiscoveryTime    0x20004322     0x1  Data  Gb  ZGlobals.o [1]
zgRouteExpiryTime       0x20004323     0x1  Data  Gb  ZGlobals.o [1]
zgRouterOffAssocCleanup
                        0x20005153     0x1  Data  Gb  ZGlobals.o [1]
zgSapiEndpoint          0x20004335     0x1  Data  Gb  ZGlobals.o [1]
zgSecurePermitJoin      0x20004321     0x1  Data  Gb  ZGlobals.o [1]
zgSecurityMode          0x20004320     0x1  Data  Gb  ZGlobals.o [1]
zgSetItem               0x00206795    0x50  Code  Gb  ZGlobals.o [1]
zgStackProfile          0x2000431e     0x1  Data  Gb  ZGlobals.o [1]
zgStartDelay            0x20004332     0x1  Data  Gb  ZGlobals.o [1]
zgUseDefaultTCLK        0x20005156     0x1  Data  Gb  ZGlobals.o [1]
zgWriteStartupOptions   0x0020673f    0x56  Code  Gb  ZGlobals.o [1]
zmacCBSizeTable         0x0021a21c    0x14  Data  Gb  zmac_cb.o [1]
zmain_dev_info          0x00219641    0x70  Code  Lc  ZMain.o [1]
zmain_ext_addr          0x00219539   0x108  Code  Lc  ZMain.o [1]
zmain_lcd_init          0x002196b1     0xc  Code  Lc  ZMain.o [1]


[1] = C:\Users\Nguyen\Documents\GitHub\hungtest\LuanVan_Project\Z-Stack Home 1.2.0\Projects\zstack\HomeAutomation\SampleSwitch - Copy\CC2538\EndDevice\Obj
[2] = command line
[3] = EndDevice.a
[4] = TIMAC-CC2538.a
[5] = bsp.lib
[6] = dl7M_tln.a
[7] = m7M_tl.a
[8] = rt7M_tl.a
[9] = sdriverlib.lib
[10] = shb_l.a

  104 550 bytes of readonly  code memory
    3 455 bytes of readonly  data memory
   12 643 bytes of readwrite data memory (+ 12 288 absolute)

Errors: none
Warnings: none
